Archive member included to satisfy reference by file (symbol)

C:/ST/STM32CubeIDE_1.13.2/STM32CubeIDE/plugins/com.st.stm32cube.ide.mcu.externaltools.gnu-tools-for-stm32.13.3.rel1.win32_1.0.0.202411081344/tools/bin/../lib/gcc/arm-none-eabi/13.3.1/../../../../arm-none-eabi/lib/thumb/v8-m.main+fp/hard\libc_nano.a(libc_a-assert.o)
                              ./Application/littlefs/lfs.o (__assert_func)
C:/ST/STM32CubeIDE_1.13.2/STM32CubeIDE/plugins/com.st.stm32cube.ide.mcu.externaltools.gnu-tools-for-stm32.13.3.rel1.win32_1.0.0.202411081344/tools/bin/../lib/gcc/arm-none-eabi/13.3.1/../../../../arm-none-eabi/lib/thumb/v8-m.main+fp/hard\libc_nano.a(libc_a-exit.o)
                              C:/ST/STM32CubeIDE_1.13.2/STM32CubeIDE/plugins/com.st.stm32cube.ide.mcu.externaltools.gnu-tools-for-stm32.13.3.rel1.win32_1.0.0.202411081344/tools/bin/../lib/gcc/arm-none-eabi/13.3.1/../../../../arm-none-eabi/lib/thumb/v8-m.main+fp/hard/crt0.o (exit)
C:/ST/STM32CubeIDE_1.13.2/STM32CubeIDE/plugins/com.st.stm32cube.ide.mcu.externaltools.gnu-tools-for-stm32.13.3.rel1.win32_1.0.0.202411081344/tools/bin/../lib/gcc/arm-none-eabi/13.3.1/../../../../arm-none-eabi/lib/thumb/v8-m.main+fp/hard\libc_nano.a(libc_a-malloc.o)
                              ./Application/littlefs/lfs.o (malloc)
C:/ST/STM32CubeIDE_1.13.2/STM32CubeIDE/plugins/com.st.stm32cube.ide.mcu.externaltools.gnu-tools-for-stm32.13.3.rel1.win32_1.0.0.202411081344/tools/bin/../lib/gcc/arm-none-eabi/13.3.1/../../../../arm-none-eabi/lib/thumb/v8-m.main+fp/hard\libc_nano.a(libc_a-mallocr.o)
                              C:/ST/STM32CubeIDE_1.13.2/STM32CubeIDE/plugins/com.st.stm32cube.ide.mcu.externaltools.gnu-tools-for-stm32.13.3.rel1.win32_1.0.0.202411081344/tools/bin/../lib/gcc/arm-none-eabi/13.3.1/../../../../arm-none-eabi/lib/thumb/v8-m.main+fp/hard\libc_nano.a(libc_a-malloc.o) (_malloc_r)
C:/ST/STM32CubeIDE_1.13.2/STM32CubeIDE/plugins/com.st.stm32cube.ide.mcu.externaltools.gnu-tools-for-stm32.13.3.rel1.win32_1.0.0.202411081344/tools/bin/../lib/gcc/arm-none-eabi/13.3.1/../../../../arm-none-eabi/lib/thumb/v8-m.main+fp/hard\libc_nano.a(libc_a-mlock.o)
                              C:/ST/STM32CubeIDE_1.13.2/STM32CubeIDE/plugins/com.st.stm32cube.ide.mcu.externaltools.gnu-tools-for-stm32.13.3.rel1.win32_1.0.0.202411081344/tools/bin/../lib/gcc/arm-none-eabi/13.3.1/../../../../arm-none-eabi/lib/thumb/v8-m.main+fp/hard\libc_nano.a(libc_a-mallocr.o) (__malloc_lock)
C:/ST/STM32CubeIDE_1.13.2/STM32CubeIDE/plugins/com.st.stm32cube.ide.mcu.externaltools.gnu-tools-for-stm32.13.3.rel1.win32_1.0.0.202411081344/tools/bin/../lib/gcc/arm-none-eabi/13.3.1/../../../../arm-none-eabi/lib/thumb/v8-m.main+fp/hard\libc_nano.a(libc_a-findfp.o)
                              C:/ST/STM32CubeIDE_1.13.2/STM32CubeIDE/plugins/com.st.stm32cube.ide.mcu.externaltools.gnu-tools-for-stm32.13.3.rel1.win32_1.0.0.202411081344/tools/bin/../lib/gcc/arm-none-eabi/13.3.1/../../../../arm-none-eabi/lib/thumb/v8-m.main+fp/hard\libc_nano.a(libc_a-exit.o) (__stdio_exit_handler)
C:/ST/STM32CubeIDE_1.13.2/STM32CubeIDE/plugins/com.st.stm32cube.ide.mcu.externaltools.gnu-tools-for-stm32.13.3.rel1.win32_1.0.0.202411081344/tools/bin/../lib/gcc/arm-none-eabi/13.3.1/../../../../arm-none-eabi/lib/thumb/v8-m.main+fp/hard\libc_nano.a(libc_a-fprintf.o)
                              C:/ST/STM32CubeIDE_1.13.2/STM32CubeIDE/plugins/com.st.stm32cube.ide.mcu.externaltools.gnu-tools-for-stm32.13.3.rel1.win32_1.0.0.202411081344/tools/bin/../lib/gcc/arm-none-eabi/13.3.1/../../../../arm-none-eabi/lib/thumb/v8-m.main+fp/hard\libc_nano.a(libc_a-assert.o) (fiprintf)
C:/ST/STM32CubeIDE_1.13.2/STM32CubeIDE/plugins/com.st.stm32cube.ide.mcu.externaltools.gnu-tools-for-stm32.13.3.rel1.win32_1.0.0.202411081344/tools/bin/../lib/gcc/arm-none-eabi/13.3.1/../../../../arm-none-eabi/lib/thumb/v8-m.main+fp/hard\libc_nano.a(libc_a-fwalk.o)
                              C:/ST/STM32CubeIDE_1.13.2/STM32CubeIDE/plugins/com.st.stm32cube.ide.mcu.externaltools.gnu-tools-for-stm32.13.3.rel1.win32_1.0.0.202411081344/tools/bin/../lib/gcc/arm-none-eabi/13.3.1/../../../../arm-none-eabi/lib/thumb/v8-m.main+fp/hard\libc_nano.a(libc_a-findfp.o) (_fwalk_sglue)
C:/ST/STM32CubeIDE_1.13.2/STM32CubeIDE/plugins/com.st.stm32cube.ide.mcu.externaltools.gnu-tools-for-stm32.13.3.rel1.win32_1.0.0.202411081344/tools/bin/../lib/gcc/arm-none-eabi/13.3.1/../../../../arm-none-eabi/lib/thumb/v8-m.main+fp/hard\libc_nano.a(libc_a-printf.o)
                              ./Application/littlefs/lfs.o (printf)
C:/ST/STM32CubeIDE_1.13.2/STM32CubeIDE/plugins/com.st.stm32cube.ide.mcu.externaltools.gnu-tools-for-stm32.13.3.rel1.win32_1.0.0.202411081344/tools/bin/../lib/gcc/arm-none-eabi/13.3.1/../../../../arm-none-eabi/lib/thumb/v8-m.main+fp/hard\libc_nano.a(libc_a-stdio.o)
[...]
Memory Configuration

Name             Origin             Length             Attributes
RAM              0x20000000         0x000a0000         xrw
FLASH            0x08000000         0x00200000         xr
SRAM3            0x30040000         0x00050000         xrw
*default*        0x00000000         0xffffffff

Linker script and memory map

LOAD C:/ST/STM32CubeIDE_1.13.2/STM32CubeIDE/plugins/com.st.stm32cube.ide.mcu.externaltools.gnu-tools-for-stm32.13.3.rel1.win32_1.0.0.202411081344/tools/bin/../lib/gcc/arm-none-eabi/13.3.1/thumb/v8-m.main+fp/hard/crti.o
LOAD C:/ST/STM32CubeIDE_1.13.2/STM32CubeIDE/plugins/com.st.stm32cube.ide.mcu.externaltools.gnu-tools-for-stm32.13.3.rel1.win32_1.0.0.202411081344/tools/bin/../lib/gcc/arm-none-eabi/13.3.1/thumb/v8-m.main+fp/hard/crtbegin.o
LOAD C:/ST/STM32CubeIDE_1.13.2/STM32CubeIDE/plugins/com.st.stm32cube.ide.mcu.externaltools.gnu-tools-for-stm32.13.3.rel1.win32_1.0.0.202411081344/tools/bin/../lib/gcc/arm-none-eabi/13.3.1/../../../../arm-none-eabi/lib/thumb/v8-m.main+fp/hard/crt0.o
LOAD ./Application/User/Core/lfs_config.o
LOAD ./Application/User/Core/littlefs_port.o
LOAD ./Application/User/Core/main.o
LOAD ./Application/User/Core/stm32h5xx_hal_msp.o
LOAD ./Application/User/Core/stm32h5xx_it.o
LOAD ./Application/User/Core/syscalls.o
LOAD ./Application/User/Core/sysmem.o
LOAD ./Application/User/Startup/startup_stm32h573iikxq.o
LOAD ./Application/littlefs/lfs.o
LOAD ./Application/littlefs/lfs_util.o
LOAD ./Drivers/CMSIS/system_stm32h5xx.o
LOAD ./Drivers/STM32H5xx_HAL_Driver/stm32h5xx_hal.o
LOAD ./Drivers/STM32H5xx_HAL_Driver/stm32h5xx_hal_cortex.o
LOAD ./Drivers/STM32H5xx_HAL_Driver/stm32h5xx_hal_dma.o
LOAD ./Drivers/STM32H5xx_HAL_Driver/stm32h5xx_hal_dma_ex.o
LOAD ./Drivers/STM32H5xx_HAL_Driver/stm32h5xx_hal_exti.o
LOAD ./Drivers/STM32H5xx_HAL_Driver/stm32h5xx_hal_flash.o
LOAD ./Drivers/STM32H5xx_HAL_Driver/stm32h5xx_hal_flash_ex.o
LOAD ./Drivers/STM32H5xx_HAL_Driver/stm32h5xx_hal_gpio.o
LOAD ./Drivers/STM32H5xx_HAL_Driver/stm32h5xx_hal_icache.o
LOAD ./Drivers/STM32H5xx_HAL_Driver/stm32h5xx_hal_pwr.o
LOAD ./Drivers/STM32H5xx_HAL_Driver/stm32h5xx_hal_pwr_ex.o
LOAD ./Drivers/STM32H5xx_HAL_Driver/stm32h5xx_hal_rcc.o
LOAD ./Drivers/STM32H5xx_HAL_Driver/stm32h5xx_hal_rcc_ex.o
START GROUP
LOAD C:/ST/STM32CubeIDE_1.13.2/STM32CubeIDE/plugins/com.st.stm32cube.ide.mcu.externaltools.gnu-tools-for-stm32.13.3.rel1.win32_1.0.0.202411081344/tools/bin/../lib/gcc/arm-none-eabi/13.3.1/../../../../arm-none-eabi/lib/thumb/v8-m.main+fp/hard\libc_nano.a
LOAD C:/ST/STM32CubeIDE_1.13.2/STM32CubeIDE/plugins/com.st.stm32cube.ide.mcu.externaltools.gnu-tools-for-stm32.13.3.rel1.win32_1.0.0.202411081344/tools/bin/../lib/gcc/arm-none-eabi/13.3.1/../../../../arm-none-eabi/lib/thumb/v8-m.main+fp/hard\libm.a
END GROUP
START GROUP
LOAD C:/ST/STM32CubeIDE_1.13.2/STM32CubeIDE/plugins/com.st.stm32cube.ide.mcu.externaltools.gnu-tools-for-stm32.13.3.rel1.win32_1.0.0.202411081344/tools/bin/../lib/gcc/arm-none-eabi/13.3.1/thumb/v8-m.main+fp/hard\libgcc.a
LOAD C:/ST/STM32CubeIDE_1.13.2/STM32CubeIDE/plugins/com.st.stm32cube.ide.mcu.externaltools.gnu-tools-for-stm32.13.3.rel1.win32_1.0.0.202411081344/tools/bin/../lib/gcc/arm-none-eabi/13.3.1/../../../../arm-none-eabi/lib/thumb/v8-m.main+fp/hard\libc_nano.a
END GROUP
START GROUP
LOAD C:/ST/STM32CubeIDE_1.13.2/STM32CubeIDE/plugins/com.st.stm32cube.ide.mcu.externaltools.gnu-tools-for-stm32.13.3.rel1.win32_1.0.0.202411081344/tools/bin/../lib/gcc/arm-none-eabi/13.3.1/thumb/v8-m.main+fp/hard\libgcc.a
LOAD C:/ST/STM32CubeIDE_1.13.2/STM32CubeIDE/plugins/com.st.stm32cube.ide.mcu.externaltools.gnu-tools-for-stm32.13.3.rel1.win32_1.0.0.202411081344/tools/bin/../lib/gcc/arm-none-eabi/13.3.1/../../../../arm-none-eabi/lib/thumb/v8-m.main+fp/hard\libc_nano.a
LOAD C:/ST/STM32CubeIDE_1.13.2/STM32CubeIDE/plugins/com.st.stm32cube.ide.mcu.externaltools.gnu-tools-for-stm32.13.3.rel1.win32_1.0.0.202411081344/tools/bin/../lib/gcc/arm-none-eabi/13.3.1/../../../../arm-none-eabi/lib/thumb/v8-m.main+fp/hard\libnosys.a
END GROUP
START GROUP
LOAD C:/ST/STM32CubeIDE_1.13.2/STM32CubeIDE/plugins/com.st.stm32cube.ide.mcu.externaltools.gnu-tools-for-stm32.13.3.rel1.win32_1.0.0.202411081344/tools/bin/../lib/gcc/arm-none-eabi/13.3.1/thumb/v8-m.main+fp/hard\libgcc.a
LOAD C:/ST/STM32CubeIDE_1.13.2/STM32CubeIDE/plugins/com.st.stm32cube.ide.mcu.externaltools.gnu-tools-for-stm32.13.3.rel1.win32_1.0.0.202411081344/tools/bin/../lib/gcc/arm-none-eabi/13.3.1/../../../../arm-none-eabi/lib/thumb/v8-m.main+fp/hard\libc_nano.a
LOAD C:/ST/STM32CubeIDE_1.13.2/STM32CubeIDE/plugins/com.st.stm32cube.ide.mcu.externaltools.gnu-tools-for-stm32.13.3.rel1.win32_1.0.0.202411081344/tools/bin/../lib/gcc/arm-none-eabi/13.3.1/../../../../arm-none-eabi/lib/thumb/v8-m.main+fp/hard\libnosys.a
END GROUP
LOAD C:/ST/STM32CubeIDE_1.13.2/STM32CubeIDE/plugins/com.st.stm32cube.ide.mcu.externaltools.gnu-tools-for-stm32.13.3.rel1.win32_1.0.0.202411081344/tools/bin/../lib/gcc/arm-none-eabi/13.3.1/thumb/v8-m.main+fp/hard/crtend.o
LOAD C:/ST/STM32CubeIDE_1.13.2/STM32CubeIDE/plugins/com.st.stm32cube.ide.mcu.externaltools.gnu-tools-for-stm32.13.3.rel1.win32_1.0.0.202411081344/tools/bin/../lib/gcc/arm-none-eabi/13.3.1/thumb/v8-m.main+fp/hard/crtn.o
                0x200a0000                        _estack = (ORIGIN (RAM) + LENGTH (RAM))
                0x00000200                        _Min_Heap_Size = 0x200
                0x00000400                        _Min_Stack_Size = 0x400

.isr_vector     0x08000000      0x24c
                0x08000000                        . = ALIGN (0x4)
 *(.isr_vector)
 .isr_vector    0x08000000      0x24c ./Application/User/Startup/startup_stm32h573iikxq.o
                0x08000000                g_pfnVectors
                0x0800024c                        . = ALIGN (0x4)

.text           0x0800024c     0x9af0
                0x0800024c                        . = ALIGN (0x4)
 *(.text)
 .text          0x0800024c       0x40 C:/ST/STM32CubeIDE_1.13.2/STM32CubeIDE/plugins/com.st.stm32cube.ide.mcu.externaltools.gnu-tools-for-stm32.13.3.rel1.win32_1.0.0.202411081344/tools/bin/../lib/gcc/arm-none-eabi/13.3.1/thumb/v8-m.main+fp/hard/crtbegin.o
 .text          0x0800028c       0x10 C:/ST/STM32CubeIDE_1.13.2/STM32CubeIDE/plugins/com.st.stm32cube.ide.mcu.externaltools.gnu-tools-for-stm32.13.3.rel1.win32_1.0.0.202411081344/tools/bin/../lib/gcc/arm-none-eabi/13.3.1/../../../../arm-none-eabi/lib/thumb/v8-m.main+fp/hard\libc_nano.a(libc_a-strlen.o)
                0x0800028c                strlen
 .text          0x0800029c       0x28 C:/ST/STM32CubeIDE_1.13.2/STM32CubeIDE/plugins/com.st.stm32cube.ide.mcu.externaltools.gnu-tools-for-stm32.13.3.rel1.win32_1.0.0.202411081344/tools/bin/../lib/gcc/arm-none-eabi/13.3.1/thumb/v8-m.main+fp/hard\libgcc.a(_popcountsi2.o)
                0x0800029c                __popcountsi2
 *(.text*)
 .text.user_provided_block_device_read
                0x080002c4       0x3c ./Application/User/Core/lfs_config.o
                0x080002c4                user_provided_block_device_read
 .text.user_provided_block_device_prog
                0x08000300       0x3c ./Application/User/Core/lfs_config.o
                0x08000300                user_provided_block_device_prog
 .text.user_provided_block_device_erase
                0x0800033c       0x34 ./Application/User/Core/lfs_config.o
                0x0800033c                user_provided_block_device_erase
 .text.user_provided_block_device_sync
                0x08000370       0x16 ./Application/User/Core/lfs_config.o
                0x08000370                user_provided_block_device_sync
 *fill*         0x08000386        0x2 
 .text.main     0x08000388       0xe0 ./Application/User/Core/main.o
                0x08000388                main
 .text.SystemClock_Config
                0x08000468       0xe4 ./Application/User/Core/main.o
                0x08000468                SystemClock_Config
 .text.MX_ICACHE_Init
                0x0800054c       0x16 ./Application/User/Core/main.o
 *fill*         0x08000562        0x2 
 .text.MX_GPIO_Init
                0x08000564       0x98 ./Application/User/Core/main.o
 .text.Error_Handler
                0x080005fc        0xc ./Application/User/Core/main.o
                0x080005fc                Error_Handler
 .text.HAL_MspInit
                0x08000608        0xe ./Application/User/Core/stm32h5xx_hal_msp.o
                0x08000608                HAL_MspInit
 .text.NMI_Handler
                0x08000616        0x8 ./Application/User/Core/stm32h5xx_it.o
                0x08000616                NMI_Handler
 .text.HardFault_Handler
                0x0800061e        0x8 ./Application/User/Core/stm32h5xx_it.o
                0x0800061e                HardFault_Handler
 .text.MemManage_Handler
                0x08000626        0x8 ./Application/User/Core/stm32h5xx_it.o
                0x08000626                MemManage_Handler
 .text.BusFault_Handler
                0x0800062e        0x8 ./Application/User/Core/stm32h5xx_it.o
                0x0800062e                BusFault_Handler
 .text.UsageFault_Handler
                0x08000636        0x8 ./Application/User/Core/stm32h5xx_it.o
                0x08000636                UsageFault_Handler
 .text.SVC_Handler
                0x0800063e        0xe ./Application/User/Core/stm32h5xx_it.o
                0x0800063e                SVC_Handler
 .text.DebugMon_Handler
                0x0800064c        0xe ./Application/User/Core/stm32h5xx_it.o
                0x0800064c                DebugMon_Handler
 .text.PendSV_Handler
                0x0800065a        0xe ./Application/User/Core/stm32h5xx_it.o
                0x0800065a                PendSV_Handler
 .text.SysTick_Handler
                0x08000668        0xc ./Application/User/Core/stm32h5xx_it.o
                0x08000668                SysTick_Handler
 .text._getpid  0x08000674       0x10 ./Application/User/Core/syscalls.o
                0x08000674                _getpid
 .text._kill    0x08000684       0x20 ./Application/User/Core/syscalls.o
                0x08000684                _kill
 .text._exit    0x080006a4       0x16 ./Application/User/Core/syscalls.o
                0x080006a4                _exit
 .text._read    0x080006ba       0x3a ./Application/User/Core/syscalls.o
                0x080006ba                _read
 .text._write   0x080006f4       0x38 ./Application/User/Core/syscalls.o
                0x080006f4                _write
 .text._close   0x0800072c       0x18 ./Application/User/Core/syscalls.o
                0x0800072c                _close
 .text._fstat   0x08000744       0x20 ./Application/User/Core/syscalls.o
                0x08000744                _fstat
 .text._isatty  0x08000764       0x16 ./Application/User/Core/syscalls.o
                0x08000764                _isatty
 .text._lseek   0x0800077a       0x1a ./Application/User/Core/syscalls.o
                0x0800077a                _lseek
 .text._sbrk    0x08000794       0x6c ./Application/User/Core/sysmem.o
                0x08000794                _sbrk
 .text.Reset_Handler
                0x08000800       0x50 ./Application/User/Startup/startup_stm32h573iikxq.o
                0x08000800                Reset_Handler
 .text.Default_Handler
                0x08000850        0x2 ./Application/User/Startup/startup_stm32h573iikxq.o
                0x08000850                EXTI2_IRQHandler
                0x08000850                TIM8_TRG_COM_IRQHandler
                0x08000850                TIM8_CC_IRQHandler
                0x08000850                EXTI5_IRQHandler
                0x08000850                I3C1_ER_IRQHandler
                0x08000850                UART8_IRQHandler
                0x08000850                SPI4_IRQHandler
                0x08000850                GPDMA2_Channel1_IRQHandler
                0x08000850                FLASH_S_IRQHandler
                0x08000850                EXTI13_IRQHandler
                0x08000850                TIM1_CC_IRQHandler
                0x08000850                GPDMA2_Channel3_IRQHandler
                0x08000850                TAMP_IRQHandler
                0x08000850                TIM6_IRQHandler
                0x08000850                EXTI12_IRQHandler
                0x08000850                CORDIC_IRQHandler
                0x08000850                USB_DRD_FS_IRQHandler
                0x08000850                EXTI3_IRQHandler
                0x08000850                LPTIM4_IRQHandler
                0x08000850                GPDMA1_Channel5_IRQHandler
                0x08000850                EXTI8_IRQHandler
                0x08000850                GPDMA2_Channel5_IRQHandler
                0x08000850                LPTIM2_IRQHandler
                0x08000850                I2C3_ER_IRQHandler
                0x08000850                GPDMA2_Channel2_IRQHandler
                0x08000850                USART10_IRQHandler
                0x08000850                LPTIM3_IRQHandler
                0x08000850                EXTI0_IRQHandler
                0x08000850                I2C2_EV_IRQHandler
                0x08000850                FPU_IRQHandler
                0x08000850                GPDMA1_Channel3_IRQHandler
                0x08000850                GPDMA1_Channel7_IRQHandler
                0x08000850                FDCAN1_IT1_IRQHandler
                0x08000850                RAMCFG_IRQHandler
                0x08000850                DCACHE1_IRQHandler
                0x08000850                SPI1_IRQHandler
                0x08000850                OCTOSPI1_IRQHandler
                0x08000850                GPDMA1_Channel2_IRQHandler
                0x08000850                TIM8_UP_IRQHandler
                0x08000850                RCC_S_IRQHandler
                0x08000850                SAI2_IRQHandler
                0x08000850                ADC1_IRQHandler
                0x08000850                PKA_IRQHandler
                0x08000850                USART6_IRQHandler
                0x08000850                EXTI15_IRQHandler
                0x08000850                TIM17_IRQHandler
                0x08000850                USART3_IRQHandler
                0x08000850                RTC_IRQHandler
                0x08000850                EXTI9_IRQHandler
                0x08000850                LPTIM5_IRQHandler
                0x08000850                UART5_IRQHandler
                0x08000850                TIM4_IRQHandler
                0x08000850                I2C1_EV_IRQHandler
                0x08000850                GPDMA1_Channel1_IRQHandler
                0x08000850                TIM16_IRQHandler
                0x08000850                UART4_IRQHandler
                0x08000850                SecureFault_Handler
                0x08000850                TIM3_IRQHandler
                0x08000850                RCC_IRQHandler
                0x08000850                UART9_IRQHandler
                0x08000850                TIM1_TRG_COM_IRQHandler
                0x08000850                Default_Handler
                0x08000850                FMAC_IRQHandler
                0x08000850                CEC_IRQHandler
                0x08000850                USART11_IRQHandler
                0x08000850                TIM14_IRQHandler
                0x08000850                TIM13_IRQHandler
                0x08000850                OTFDEC1_IRQHandler
                0x08000850                GPDMA2_Channel4_IRQHandler
                0x08000850                SPI5_IRQHandler
                0x08000850                TIM12_IRQHandler
                0x08000850                TIM7_IRQHandler
                0x08000850                SDMMC1_IRQHandler
                0x08000850                SAES_IRQHandler
                0x08000850                TIM5_IRQHandler
                0x08000850                UCPD1_IRQHandler
                0x08000850                GPDMA1_Channel0_IRQHandler
                0x08000850                I3C1_EV_IRQHandler
                0x08000850                TIM15_IRQHandler
                0x08000850                PVD_AVD_IRQHandler
                0x08000850                I2C3_EV_IRQHandler
                0x08000850                ETH_WKUP_IRQHandler
                0x08000850                ADC2_IRQHandler
                0x08000850                SPI2_IRQHandler
                0x08000850                EXTI14_IRQHandler
                0x08000850                EXTI11_IRQHandler
                0x08000850                CRS_IRQHandler
                0x08000850                EXTI4_IRQHandler
                0x08000850                GPDMA2_Channel0_IRQHandler
                0x08000850                RTC_S_IRQHandler
                0x08000850                RNG_IRQHandler
                0x08000850                FDCAN2_IT1_IRQHandler
                0x08000850                ETH_IRQHandler
                0x08000850                GPDMA2_Channel6_IRQHandler
                0x08000850                TIM1_UP_IRQHandler
                0x08000850                UART12_IRQHandler
                0x08000850                WWDG_IRQHandler
                0x08000850                SPI6_IRQHandler
                0x08000850                I2C4_EV_IRQHandler
                0x08000850                FDCAN2_IT0_IRQHandler
                0x08000850                IWDG_IRQHandler
                0x08000850                LPUART1_IRQHandler
                0x08000850                FDCAN1_IT0_IRQHandler
                0x08000850                TIM2_IRQHandler
                0x08000850                GPDMA1_Channel4_IRQHandler
                0x08000850                EXTI7_IRQHandler
                0x08000850                TIM1_BRK_IRQHandler
                0x08000850                EXTI1_IRQHandler
                0x08000850                SDMMC2_IRQHandler
                0x08000850                AES_IRQHandler
                0x08000850                LPTIM6_IRQHandler
                0x08000850                DAC1_IRQHandler
                0x08000850                DTS_IRQHandler
                0x08000850                UART7_IRQHandler
                0x08000850                GTZC_IRQHandler
                0x08000850                USART2_IRQHandler
                0x08000850                GPDMA1_Channel6_IRQHandler
                0x08000850                GPDMA2_Channel7_IRQHandler
                0x08000850                I2C2_ER_IRQHandler
                0x08000850                TIM8_BRK_IRQHandler
                0x08000850                FLASH_IRQHandler
                0x08000850                USART1_IRQHandler
                0x08000850                EXTI10_IRQHandler
                0x08000850                SPI3_IRQHandler
                0x08000850                I2C1_ER_IRQHandler
                0x08000850                FMC_IRQHandler
                0x08000850                EXTI6_IRQHandler
                0x08000850                LPTIM1_IRQHandler
                0x08000850                DCMI_PSSI_IRQHandler
                0x08000850                I2C4_ER_IRQHandler
                0x08000850                ICACHE_IRQHandler
                0x08000850                SAI1_IRQHandler
                0x08000850                HASH_IRQHandler
 .text.lfs_max  0x08000852       0x20 ./Application/littlefs/lfs.o
 .text.lfs_min  0x08000872       0x20 ./Application/littlefs/lfs.o
 .text.lfs_aligndown
                0x08000892       0x2a ./Application/littlefs/lfs.o
 .text.lfs_alignup
                0x080008bc       0x24 ./Application/littlefs/lfs.o
 .text.lfs_npw2
                0x080008e0       0x20 ./Application/littlefs/lfs.o
 .text.lfs_ctz  0x08000900       0x1e ./Application/littlefs/lfs.o
 .text.lfs_popc
                0x0800091e       0x18 ./Application/littlefs/lfs.o
 .text.lfs_scmp
                0x08000936       0x1c ./Application/littlefs/lfs.o
 .text.lfs_fromle32
                0x08000952       0x16 ./Application/littlefs/lfs.o
 .text.lfs_tole32
                0x08000968       0x18 ./Application/littlefs/lfs.o
 .text.lfs_frombe32
                0x08000980       0x18 ./Application/littlefs/lfs.o
 .text.lfs_tobe32
                0x08000998       0x18 ./Application/littlefs/lfs.o
 .text.lfs_malloc
                0x080009b0       0x18 ./Application/littlefs/lfs.o
 .text.lfs_free
                0x080009c8       0x16 ./Application/littlefs/lfs.o
 .text.lfs_cache_drop
                0x080009de       0x1e ./Application/littlefs/lfs.o
 .text.lfs_cache_zero
                0x080009fc       0x2c ./Application/littlefs/lfs.o
 .text.lfs_bd_read
                0x08000a28      0x298 ./Application/littlefs/lfs.o
 .text.lfs_bd_cmp
                0x08000cc0       0xa2 ./Application/littlefs/lfs.o
 .text.lfs_bd_crc
                0x08000d62       0x8c ./Application/littlefs/lfs.o
 *fill*         0x08000dee        0x2 
 .text.lfs_bd_flush
                0x08000df0       0xf4 ./Application/littlefs/lfs.o
 .text.lfs_bd_sync
                0x08000ee4       0x68 ./Application/littlefs/lfs.o
 .text.lfs_bd_prog
                0x08000f4c      0x15c ./Application/littlefs/lfs.o
 .text.lfs_bd_erase
                0x080010a8       0x64 ./Application/littlefs/lfs.o
 .text.lfs_path_namelen
                0x0800110c       0x20 ./Application/littlefs/lfs.o
 .text.lfs_path_islast
                0x0800112c       0x40 ./Application/littlefs/lfs.o
 .text.lfs_path_isdir
                0x0800116c       0x28 ./Application/littlefs/lfs.o
 .text.lfs_pair_swap
                0x08001194       0x2a ./Application/littlefs/lfs.o
 .text.lfs_pair_isnull
                0x080011be       0x36 ./Application/littlefs/lfs.o
 .text.lfs_pair_cmp
                0x080011f4       0x54 ./Application/littlefs/lfs.o
 .text.lfs_pair_issync
                0x08001248       0x5a ./Application/littlefs/lfs.o
 .text.lfs_pair_fromle32
                0x080012a2       0x34 ./Application/littlefs/lfs.o
 .text.lfs_pair_tole32
                0x080012d6       0x34 ./Application/littlefs/lfs.o
 .text.lfs_tag_isvalid
                0x0800130a       0x1c ./Application/littlefs/lfs.o
 .text.lfs_tag_isdelete
                0x08001326       0x26 ./Application/littlefs/lfs.o
 .text.lfs_tag_type1
                0x0800134c       0x20 ./Application/littlefs/lfs.o
 .text.lfs_tag_type2
                0x0800136c       0x20 ./Application/littlefs/lfs.o
 .text.lfs_tag_type3
                0x0800138c       0x20 ./Application/littlefs/lfs.o
 .text.lfs_tag_chunk
                0x080013ac       0x1a ./Application/littlefs/lfs.o
 .text.lfs_tag_splice
                0x080013c6       0x1a ./Application/littlefs/lfs.o
 .text.lfs_tag_id
                0x080013e0       0x20 ./Application/littlefs/lfs.o
 .text.lfs_tag_size
                0x08001400       0x1a ./Application/littlefs/lfs.o
 .text.lfs_tag_dsize
                0x0800141a       0x28 ./Application/littlefs/lfs.o
 .text.lfs_gstate_xor
                0x08001442       0x40 ./Application/littlefs/lfs.o
 .text.lfs_gstate_iszero
                0x08001482       0x38 ./Application/littlefs/lfs.o
 .text.lfs_gstate_hasorphans
                0x080014ba       0x26 ./Application/littlefs/lfs.o
 .text.lfs_gstate_getorphans
                0x080014e0       0x1e ./Application/littlefs/lfs.o
 .text.lfs_gstate_hasmove
                0x080014fe       0x26 ./Application/littlefs/lfs.o
 .text.lfs_gstate_needssuperblock
                0x08001524       0x28 ./Application/littlefs/lfs.o
 .text.lfs_gstate_hasmovehere
                0x0800154c       0x40 ./Application/littlefs/lfs.o
 .text.lfs_gstate_fromle32
                0x0800158c       0x40 ./Application/littlefs/lfs.o
 .text.lfs_gstate_tole32
                0x080015cc       0x40 ./Application/littlefs/lfs.o
 .text.lfs_fcrc_fromle32
                0x0800160c       0x30 ./Application/littlefs/lfs.o
 .text.lfs_fcrc_tole32
                0x0800163c       0x30 ./Application/littlefs/lfs.o
 .text.lfs_ctz_fromle32
                0x0800166c       0x30 ./Application/littlefs/lfs.o
 .text.lfs_ctz_tole32
                0x0800169c       0x30 ./Application/littlefs/lfs.o
 .text.lfs_superblock_fromle32
                0x080016cc       0x70 ./Application/littlefs/lfs.o
 .text.lfs_superblock_tole32
                0x0800173c       0x70 ./Application/littlefs/lfs.o
 .text.lfs_mlist_isopen
                0x080017ac       0x3a ./Application/littlefs/lfs.o
 .text.lfs_mlist_remove
                0x080017e6       0x44 ./Application/littlefs/lfs.o
 .text.lfs_mlist_append
                0x0800182a       0x24 ./Application/littlefs/lfs.o
 *fill*         0x0800184e        0x2 
 .text.lfs_fs_disk_version
                0x08001850       0x1c ./Application/littlefs/lfs.o
 .text.lfs_fs_disk_version_major
                0x0800186c       0x1c ./Application/littlefs/lfs.o
 .text.lfs_fs_disk_version_minor
                0x08001888       0x1a ./Application/littlefs/lfs.o
 .text.lfs_alloc_ckpoint
                0x080018a2       0x1c ./Application/littlefs/lfs.o
 .text.lfs_alloc_drop
                0x080018be       0x22 ./Application/littlefs/lfs.o
 .text.lfs_alloc_lookahead
                0x080018e0       0x6a ./Application/littlefs/lfs.o
 *fill*         0x0800194a        0x2 
 .text.lfs_alloc_scan
                0x0800194c       0x84 ./Application/littlefs/lfs.o
 .text.lfs_alloc
                0x080019d0      0x110 ./Application/littlefs/lfs.o
 .text.lfs_dir_getslice
                0x08001ae0      0x1ec ./Application/littlefs/lfs.o
 .text.lfs_dir_get
                0x08001ccc       0x36 ./Application/littlefs/lfs.o
 .text.lfs_dir_getread
                0x08001d02      0x1b6 ./Application/littlefs/lfs.o
 .text.lfs_dir_traverse_filter
                0x08001eb8       0xb8 ./Application/littlefs/lfs.o
 .text.lfs_dir_traverse
                0x08001f70      0x7c8 ./Application/littlefs/lfs.o
 .text.lfs_dir_fetchmatch
                0x08002738      0x7a0 ./Application/littlefs/lfs.o
 .text.lfs_dir_fetch
                0x08002ed8       0x36 ./Application/littlefs/lfs.o
 *fill*         0x08002f0e        0x2 
 .text.lfs_dir_getgstate
                0x08002f10       0x64 ./Application/littlefs/lfs.o
 .text.lfs_dir_find_match
                0x08002f74       0x92 ./Application/littlefs/lfs.o
 *fill*         0x08003006        0x2 
 .text.lfs_dir_find
                0x08003008      0x208 ./Application/littlefs/lfs.o
 .text.lfs_dir_commitprog
                0x08003210       0x6c ./Application/littlefs/lfs.o
 .text.lfs_dir_commitattr
                0x0800327c      0x100 ./Application/littlefs/lfs.o
 .text.lfs_dir_commitcrc
                0x0800337c      0x2e0 ./Application/littlefs/lfs.o
 .text.lfs_dir_alloc
                0x0800365c       0xf2 ./Application/littlefs/lfs.o
 .text.lfs_dir_split
                0x0800374e       0xa8 ./Application/littlefs/lfs.o
 .text.lfs_dir_commit_size
                0x080037f6       0x2c ./Application/littlefs/lfs.o
 .text.lfs_dir_commit_commit
                0x08003822       0x2a ./Application/littlefs/lfs.o
 .text.lfs_dir_needsrelocation
                0x0800384c       0x4c ./Application/littlefs/lfs.o
 .text.lfs_dir_compact
                0x08003898      0x3f0 ./Application/littlefs/lfs.o
 .text.lfs_dir_splittingcompact
                0x08003c88      0x230 ./Application/littlefs/lfs.o
 .text.lfs_dir_relocatingcommit
                0x08003eb8      0x58c ./Application/littlefs/lfs.o
 .text.lfs_dir_orphaningcommit
                0x08004444      0x5f4 ./Application/littlefs/lfs.o
 .text.lfs_dir_commit
                0x08004a38       0x4a ./Application/littlefs/lfs.o
 .text.lfs_ctz_index
                0x08004a82       0x70 ./Application/littlefs/lfs.o
 .text.lfs_ctz_find
                0x08004af2       0xd6 ./Application/littlefs/lfs.o
 .text.lfs_ctz_extend
                0x08004bc8      0x214 ./Application/littlefs/lfs.o
 .text.lfs_ctz_traverse
                0x08004ddc       0xf8 ./Application/littlefs/lfs.o
 .text.lfs_file_opencfg_
                0x08004ed4      0x3c0 ./Application/littlefs/lfs.o
 .text.lfs_file_open_
                0x08005294       0x30 ./Application/littlefs/lfs.o
 .text.lfs_file_close_
                0x080052c4       0x3a ./Application/littlefs/lfs.o
 *fill*         0x080052fe        0x2 
 .text.lfs_file_relocate
                0x08005300      0x1b4 ./Application/littlefs/lfs.o
 .text.lfs_file_outline
                0x080054b4       0x42 ./Application/littlefs/lfs.o
 *fill*         0x080054f6        0x2 
 .text.lfs_file_flush
                0x080054f8      0x1a8 ./Application/littlefs/lfs.o
 .text.lfs_file_sync_
                0x080056a0      0x140 ./Application/littlefs/lfs.o
 .text.lfs_file_flushedread
                0x080057e0      0x1a4 ./Application/littlefs/lfs.o
 .text.lfs_file_flushedwrite
                0x08005984      0x21e ./Application/littlefs/lfs.o
 *fill*         0x08005ba2        0x2 
 .text.lfs_file_write_
                0x08005ba4      0x108 ./Application/littlefs/lfs.o
 .text.lfs_init
                0x08005cac      0x5d4 ./Application/littlefs/lfs.o
 .text.lfs_deinit
                0x08006280       0x4e ./Application/littlefs/lfs.o
 *fill*         0x080062ce        0x2 
 .text.lfs_format_
                0x080062d0      0x164 ./Application/littlefs/lfs.o
 .text.lfs_tortoise_detectcycles
                0x08006434       0x80 ./Application/littlefs/lfs.o
 .text.lfs_mount_
                0x080064b4      0x404 ./Application/littlefs/lfs.o
 .text.lfs_unmount_
                0x080068b8       0x18 ./Application/littlefs/lfs.o
 .text.lfs_fs_traverse_
                0x080068d0      0x260 ./Application/littlefs/lfs.o
 .text.lfs_fs_pred
                0x08006b30       0x9c ./Application/littlefs/lfs.o
 .text.lfs_fs_parent_match
                0x08006bcc       0x84 ./Application/littlefs/lfs.o
 .text.lfs_fs_parent
                0x08006c50       0xbc ./Application/littlefs/lfs.o
 .text.lfs_fs_prepsuperblock
                0x08006d0c       0x2a ./Application/littlefs/lfs.o
 *fill*         0x08006d36        0x2 
 .text.lfs_fs_preporphans
                0x08006d38       0xa0 ./Application/littlefs/lfs.o
 .text.lfs_fs_prepmove
                0x08006dd8       0x74 ./Application/littlefs/lfs.o
 .text.lfs_fs_desuperblock
                0x08006e4c       0xd8 ./Application/littlefs/lfs.o
 .text.lfs_fs_demove
                0x08006f24       0xf8 ./Application/littlefs/lfs.o
 .text.lfs_fs_deorphan
                0x0800701c      0x360 ./Application/littlefs/lfs.o
 .text.lfs_fs_forceconsistency
                0x0800737c       0x4a ./Application/littlefs/lfs.o
 .text.lfs_fs_size_count
                0x080073c6       0x26 ./Application/littlefs/lfs.o
 .text.lfs_fs_size_
                0x080073ec       0x34 ./Application/littlefs/lfs.o
 .text.lfs_format
                0x08007420       0x2c ./Application/littlefs/lfs.o
                0x08007420                lfs_format
 .text.lfs_mount
                0x0800744c       0x2c ./Application/littlefs/lfs.o
                0x0800744c                lfs_mount
 .text.lfs_file_open
                0x08007478       0x68 ./Application/littlefs/lfs.o
                0x08007478                lfs_file_open
 .text.lfs_file_close
                0x080074e0       0x58 ./Application/littlefs/lfs.o
                0x080074e0                lfs_file_close
 .text.lfs_file_write
                0x08007538       0x60 ./Application/littlefs/lfs.o
                0x08007538                lfs_file_write
 .text.lfs_crc  0x08007598       0x7c ./Application/littlefs/lfs_util.o
                0x08007598                lfs_crc
 .text.SystemInit
                0x08007614       0xf8 ./Drivers/CMSIS/system_stm32h5xx.o
                0x08007614                SystemInit
 .text.HAL_Init
                0x0800770c       0x50 ./Drivers/STM32H5xx_HAL_Driver/stm32h5xx_hal.o
                0x0800770c                HAL_Init
 .text.HAL_InitTick
                0x0800775c       0xec ./Drivers/STM32H5xx_HAL_Driver/stm32h5xx_hal.o
                0x0800775c                HAL_InitTick
 .text.HAL_IncTick
                0x08007848       0x28 ./Drivers/STM32H5xx_HAL_Driver/stm32h5xx_hal.o
                0x08007848                HAL_IncTick
 .text.HAL_GetTick
                0x08007870       0x18 ./Drivers/STM32H5xx_HAL_Driver/stm32h5xx_hal.o
                0x08007870                HAL_GetTick
 .text.HAL_Delay
                0x08007888       0x48 ./Drivers/STM32H5xx_HAL_Driver/stm32h5xx_hal.o
                0x08007888                HAL_Delay
 .text.__NVIC_SetPriorityGrouping
                0x080078d0       0x48 ./Drivers/STM32H5xx_HAL_Driver/stm32h5xx_hal_cortex.o
 .text.__NVIC_GetPriorityGrouping
                0x08007918       0x1c ./Drivers/STM32H5xx_HAL_Driver/stm32h5xx_hal_cortex.o
 .text.__NVIC_SetPriority
                0x08007934       0x54 ./Drivers/STM32H5xx_HAL_Driver/stm32h5xx_hal_cortex.o
 .text.NVIC_EncodePriority
                0x08007988       0x66 ./Drivers/STM32H5xx_HAL_Driver/stm32h5xx_hal_cortex.o
 .text.HAL_NVIC_SetPriorityGrouping
                0x080079ee       0x16 ./Drivers/STM32H5xx_HAL_Driver/stm32h5xx_hal_cortex.o
                0x080079ee                HAL_NVIC_SetPriorityGrouping
 .text.HAL_NVIC_SetPriority
                0x08007a04       0x34 ./Drivers/STM32H5xx_HAL_Driver/stm32h5xx_hal_cortex.o
                0x08007a04                HAL_NVIC_SetPriority
 .text.HAL_SYSTICK_Config
                0x08007a38       0x44 ./Drivers/STM32H5xx_HAL_Driver/stm32h5xx_hal_cortex.o
                0x08007a38                HAL_SYSTICK_Config
 .text.HAL_SYSTICK_CLKSourceConfig
                0x08007a7c       0xb0 ./Drivers/STM32H5xx_HAL_Driver/stm32h5xx_hal_cortex.o
                0x08007a7c                HAL_SYSTICK_CLKSourceConfig
 .text.HAL_SYSTICK_GetCLKSourceConfig
                0x08007b2c       0x6c ./Drivers/STM32H5xx_HAL_Driver/stm32h5xx_hal_cortex.o
                0x08007b2c                HAL_SYSTICK_GetCLKSourceConfig
 .text.HAL_GPIO_Init
                0x08007b98      0x2bc ./Drivers/STM32H5xx_HAL_Driver/stm32h5xx_hal_gpio.o
                0x08007b98                HAL_GPIO_Init
 .text.HAL_GPIO_WritePin
                0x08007e54       0x30 ./Drivers/STM32H5xx_HAL_Driver/stm32h5xx_hal_gpio.o
                0x08007e54                HAL_GPIO_WritePin
 .text.HAL_ICACHE_Enable
                0x08007e84       0x20 ./Drivers/STM32H5xx_HAL_Driver/stm32h5xx_hal_icache.o
                0x08007e84                HAL_ICACHE_Enable
 .text.HAL_RCC_OscConfig
                0x08007ea4      0x870 ./Drivers/STM32H5xx_HAL_Driver/stm32h5xx_hal_rcc.o
                0x08007ea4                HAL_RCC_OscConfig
 .text.HAL_RCC_ClockConfig
                0x08008714      0x370 ./Drivers/STM32H5xx_HAL_Driver/stm32h5xx_hal_rcc.o
                0x08008714                HAL_RCC_ClockConfig
 .text.HAL_RCC_GetSysClockFreq
                0x08008a84      0x258 ./Drivers/STM32H5xx_HAL_Driver/stm32h5xx_hal_rcc.o
                0x08008a84                HAL_RCC_GetSysClockFreq
 .text.HAL_RCC_GetHCLKFreq
                0x08008cdc       0x38 ./Drivers/STM32H5xx_HAL_Driver/stm32h5xx_hal_rcc.o
                0x08008cdc                HAL_RCC_GetHCLKFreq
 .text.__assert_func
                0x08008d14       0x3c C:/ST/STM32CubeIDE_1.13.2/STM32CubeIDE/plugins/com.st.stm32cube.ide.mcu.externaltools.gnu-tools-for-stm32.13.3.rel1.win32_1.0.0.202411081344/tools/bin/../lib/gcc/arm-none-eabi/13.3.1/../../../../arm-none-eabi/lib/thumb/v8-m.main+fp/hard\libc_nano.a(libc_a-assert.o)
                0x08008d14                __assert_func
 .text.malloc   0x08008d50       0x10 C:/ST/STM32CubeIDE_1.13.2/STM32CubeIDE/plugins/com.st.stm32cube.ide.mcu.externaltools.gnu-tools-for-stm32.13.3.rel1.win32_1.0.0.202411081344/tools/bin/../lib/gcc/arm-none-eabi/13.3.1/../../../../arm-none-eabi/lib/thumb/v8-m.main+fp/hard\libc_nano.a(libc_a-malloc.o)
                0x08008d50                malloc
 .text.free     0x08008d60       0x10 C:/ST/STM32CubeIDE_1.13.2/STM32CubeIDE/plugins/com.st.stm32cube.ide.mcu.externaltools.gnu-tools-for-stm32.13.3.rel1.win32_1.0.0.202411081344/tools/bin/../lib/gcc/arm-none-eabi/13.3.1/../../../../arm-none-eabi/lib/thumb/v8-m.main+fp/hard\libc_nano.a(libc_a-malloc.o)
                0x08008d60                free
 .text.sbrk_aligned
                0x08008d70       0x44 C:/ST/STM32CubeIDE_1.13.2/STM32CubeIDE/plugins/com.st.stm32cube.ide.mcu.externaltools.gnu-tools-for-stm32.13.3.rel1.win32_1.0.0.202411081344/tools/bin/../lib/gcc/arm-none-eabi/13.3.1/../../../../arm-none-eabi/lib/thumb/v8-m.main+fp/hard\libc_nano.a(libc_a-mallocr.o)
 .text._malloc_r
                0x08008db4      0x100 C:/ST/STM32CubeIDE_1.13.2/STM32CubeIDE/plugins/com.st.stm32cube.ide.mcu.externaltools.gnu-tools-for-stm32.13.3.rel1.win32_1.0.0.202411081344/tools/bin/../lib/gcc/arm-none-eabi/13.3.1/../../../../arm-none-eabi/lib/thumb/v8-m.main+fp/hard\libc_nano.a(libc_a-mallocr.o)
                0x08008db4                _malloc_r
 .text.__malloc_lock
                0x08008eb4        0xc C:/ST/STM32CubeIDE_1.13.2/STM32CubeIDE/plugins/com.st.stm32cube.ide.mcu.externaltools.gnu-tools-for-stm32.13.3.rel1.win32_1.0.0.202411081344/tools/bin/../lib/gcc/arm-none-eabi/13.3.1/../../../../arm-none-eabi/lib/thumb/v8-m.main+fp/hard\libc_nano.a(libc_a-mlock.o)
                0x08008eb4                __malloc_lock
 .text.__malloc_unlock
                0x08008ec0        0xc C:/ST/STM32CubeIDE_1.13.2/STM32CubeIDE/plugins/com.st.stm32cube.ide.mcu.externaltools.gnu-tools-for-stm32.13.3.rel1.win32_1.0.0.202411081344/tools/bin/../lib/gcc/arm-none-eabi/13.3.1/../../../../arm-none-eabi/lib/thumb/v8-m.main+fp/hard\libc_nano.a(libc_a-mlock.o)
                0x08008ec0                __malloc_unlock
 .text.std      0x08008ecc       0x6c C:/ST/STM32CubeIDE_1.13.2/STM32CubeIDE/plugins/com.st.stm32cube.ide.mcu.externaltools.gnu-tools-for-stm32.13.3.rel1.win32_1.0.0.202411081344/tools/bin/../lib/gcc/arm-none-eabi/13.3.1/../../../../arm-none-eabi/lib/thumb/v8-m.main+fp/hard\libc_nano.a(libc_a-findfp.o)
 .text.stdio_exit_handler
                0x08008f38       0x18 C:/ST/STM32CubeIDE_1.13.2/STM32CubeIDE/plugins/com.st.stm32cube.ide.mcu.externaltools.gnu-tools-for-stm32.13.3.rel1.win32_1.0.0.202411081344/tools/bin/../lib/gcc/arm-none-eabi/13.3.1/../../../../arm-none-eabi/lib/thumb/v8-m.main+fp/hard\libc_nano.a(libc_a-findfp.o)
 .text.cleanup_stdio
                0x08008f50       0x40 C:/ST/STM32CubeIDE_1.13.2/STM32CubeIDE/plugins/com.st.stm32cube.ide.mcu.externaltools.gnu-tools-for-stm32.13.3.rel1.win32_1.0.0.202411081344/tools/bin/../lib/gcc/arm-none-eabi/13.3.1/../../../../arm-none-eabi/lib/thumb/v8-m.main+fp/hard\libc_nano.a(libc_a-findfp.o)
 .text.global_stdio_init.part.0
                0x08008f90       0x3c C:/ST/STM32CubeIDE_1.13.2/STM32CubeIDE/plugins/com.st.stm32cube.ide.mcu.externaltools.gnu-tools-for-stm32.13.3.rel1.win32_1.0.0.202411081344/tools/bin/../lib/gcc/arm-none-eabi/13.3.1/../../../../arm-none-eabi/lib/thumb/v8-m.main+fp/hard\libc_nano.a(libc_a-findfp.o)
 .text.__sfp_lock_acquire
                0x08008fcc        0xc C:/ST/STM32CubeIDE_1.13.2/STM32CubeIDE/plugins/com.st.stm32cube.ide.mcu.externaltools.gnu-tools-for-stm32.13.3.rel1.win32_1.0.0.202411081344/tools/bin/../lib/gcc/arm-none-eabi/13.3.1/../../../../arm-none-eabi/lib/thumb/v8-m.main+fp/hard\libc_nano.a(libc_a-findfp.o)
                0x08008fcc                __sfp_lock_acquire
 .text.__sfp_lock_release
                0x08008fd8        0xc C:/ST/STM32CubeIDE_1.13.2/STM32CubeIDE/plugins/com.st.stm32cube.ide.mcu.externaltools.gnu-tools-for-stm32.13.3.rel1.win32_1.0.0.202411081344/tools/bin/../lib/gcc/arm-none-eabi/13.3.1/../../../../arm-none-eabi/lib/thumb/v8-m.main+fp/hard\libc_nano.a(libc_a-findfp.o)
                0x08008fd8                __sfp_lock_release
 .text.__sinit  0x08008fe4       0x30 C:/ST/STM32CubeIDE_1.13.2/STM32CubeIDE/plugins/com.st.stm32cube.ide.mcu.externaltools.gnu-tools-for-stm32.13.3.rel1.win32_1.0.0.202411081344/tools/bin/../lib/gcc/arm-none-eabi/13.3.1/../../../../arm-none-eabi/lib/thumb/v8-m.main+fp/hard\libc_nano.a(libc_a-findfp.o)
                0x08008fe4                __sinit
 .text.fprintf  0x08009014       0x24 C:/ST/STM32CubeIDE_1.13.2/STM32CubeIDE/plugins/com.st.stm32cube.ide.mcu.externaltools.gnu-tools-for-stm32.13.3.rel1.win32_1.0.0.202411081344/tools/bin/../lib/gcc/arm-none-eabi/13.3.1/../../../../arm-none-eabi/lib/thumb/v8-m.main+fp/hard\libc_nano.a(libc_a-fprintf.o)
                0x08009014                fiprintf
                0x08009014                fprintf
 .text._fwalk_sglue
                0x08009038       0x3c C:/ST/STM32CubeIDE_1.13.2/STM32CubeIDE/plugins/com.st.stm32cube.ide.mcu.externaltools.gnu-tools-for-stm32.13.3.rel1.win32_1.0.0.202411081344/tools/bin/../lib/gcc/arm-none-eabi/13.3.1/../../../../arm-none-eabi/lib/thumb/v8-m.main+fp/hard\libc_nano.a(libc_a-fwalk.o)
                0x08009038                _fwalk_sglue
 .text.printf   0x08009074       0x24 C:/ST/STM32CubeIDE_1.13.2/STM32CubeIDE/plugins/com.st.stm32cube.ide.mcu.externaltools.gnu-tools-for-stm32.13.3.rel1.win32_1.0.0.202411081344/tools/bin/../lib/gcc/arm-none-eabi/13.3.1/../../../../arm-none-eabi/lib/thumb/v8-m.main+fp/hard\libc_nano.a(libc_a-printf.o)
                0x08009074                iprintf
                0x08009074                printf
 .text.__sread  0x08009098       0x22 C:/ST/STM32CubeIDE_1.13.2/STM32CubeIDE/plugins/com.st.stm32cube.ide.mcu.externaltools.gnu-tools-for-stm32.13.3.rel1.win32_1.0.0.202411081344/tools/bin/../lib/gcc/arm-none-eabi/13.3.1/../../../../arm-none-eabi/lib/thumb/v8-m.main+fp/hard\libc_nano.a(libc_a-stdio.o)
                0x08009098                __sread
 .text.__swrite
                0x080090ba       0x38 C:/ST/STM32CubeIDE_1.13.2/STM32CubeIDE/plugins/com.st.stm32cube.ide.mcu.externaltools.gnu-tools-for-stm32.13.3.rel1.win32_1.0.0.202411081344/tools/bin/../lib/gcc/arm-none-eabi/13.3.1/../../../../arm-none-eabi/lib/thumb/v8-m.main+fp/hard\libc_nano.a(libc_a-stdio.o)
                0x080090ba                __swrite
 .text.__sseek  0x080090f2       0x24 C:/ST/STM32CubeIDE_1.13.2/STM32CubeIDE/plugins/com.st.stm32cube.ide.mcu.externaltools.gnu-tools-for-stm32.13.3.rel1.win32_1.0.0.202411081344/tools/bin/../lib/gcc/arm-none-eabi/13.3.1/../../../../arm-none-eabi/lib/thumb/v8-m.main+fp/hard\libc_nano.a(libc_a-stdio.o)
                0x080090f2                __sseek
 .text.__sclose
                0x08009116        0x8 C:/ST/STM32CubeIDE_1.13.2/STM32CubeIDE/plugins/com.st.stm32cube.ide.mcu.externaltools.gnu-tools-for-stm32.13.3.rel1.win32_1.0.0.202411081344/tools/bin/../lib/gcc/arm-none-eabi/13.3.1/../../../../arm-none-eabi/lib/thumb/v8-m.main+fp/hard\libc_nano.a(libc_a-stdio.o)
                0x08009116                __sclose
 .text.memcmp   0x0800911e       0x20 C:/ST/STM32CubeIDE_1.13.2/STM32CubeIDE/plugins/com.st.stm32cube.ide.mcu.externaltools.gnu-tools-for-stm32.13.3.rel1.win32_1.0.0.202411081344/tools/bin/../lib/gcc/arm-none-eabi/13.3.1/../../../../arm-none-eabi/lib/thumb/v8-m.main+fp/hard\libc_nano.a(libc_a-memcmp.o)
                0x0800911e                memcmp
 .text.memset   0x0800913e       0x10 C:/ST/STM32CubeIDE_1.13.2/STM32CubeIDE/plugins/com.st.stm32cube.ide.mcu.externaltools.gnu-tools-for-stm32.13.3.rel1.win32_1.0.0.202411081344/tools/bin/../lib/gcc/arm-none-eabi/13.3.1/../../../../arm-none-eabi/lib/thumb/v8-m.main+fp/hard\libc_nano.a(libc_a-memset.o)
                0x0800913e                memset
 .text.strcspn  0x0800914e       0x22 C:/ST/STM32CubeIDE_1.13.2/STM32CubeIDE/plugins/com.st.stm32cube.ide.mcu.externaltools.gnu-tools-for-stm32.13.3.rel1.win32_1.0.0.202411081344/tools/bin/../lib/gcc/arm-none-eabi/13.3.1/../../../../arm-none-eabi/lib/thumb/v8-m.main+fp/hard\libc_nano.a(libc_a-strcspn.o)
                0x0800914e                strcspn
 .text.strspn   0x08009170       0x20 C:/ST/STM32CubeIDE_1.13.2/STM32CubeIDE/plugins/com.st.stm32cube.ide.mcu.externaltools.gnu-tools-for-stm32.13.3.rel1.win32_1.0.0.202411081344/tools/bin/../lib/gcc/arm-none-eabi/13.3.1/../../../../arm-none-eabi/lib/thumb/v8-m.main+fp/hard\libc_nano.a(libc_a-strspn.o)
                0x08009170                strspn
 .text._close_r
                0x08009190       0x20 C:/ST/STM32CubeIDE_1.13.2/STM32CubeIDE/plugins/com.st.stm32cube.ide.mcu.externaltools.gnu-tools-for-stm32.13.3.rel1.win32_1.0.0.202411081344/tools/bin/../lib/gcc/arm-none-eabi/13.3.1/../../../../arm-none-eabi/lib/thumb/v8-m.main+fp/hard\libc_nano.a(libc_a-closer.o)
                0x08009190                _close_r
 .text._lseek_r
                0x080091b0       0x24 C:/ST/STM32CubeIDE_1.13.2/STM32CubeIDE/plugins/com.st.stm32cube.ide.mcu.externaltools.gnu-tools-for-stm32.13.3.rel1.win32_1.0.0.202411081344/tools/bin/../lib/gcc/arm-none-eabi/13.3.1/../../../../arm-none-eabi/lib/thumb/v8-m.main+fp/hard\libc_nano.a(libc_a-lseekr.o)
                0x080091b0                _lseek_r
 .text._read_r  0x080091d4       0x24 C:/ST/STM32CubeIDE_1.13.2/STM32CubeIDE/plugins/com.st.stm32cube.ide.mcu.externaltools.gnu-tools-for-stm32.13.3.rel1.win32_1.0.0.202411081344/tools/bin/../lib/gcc/arm-none-eabi/13.3.1/../../../../arm-none-eabi/lib/thumb/v8-m.main+fp/hard\libc_nano.a(libc_a-readr.o)
                0x080091d4                _read_r
 .text._sbrk_r  0x080091f8       0x20 C:/ST/STM32CubeIDE_1.13.2/STM32CubeIDE/plugins/com.st.stm32cube.ide.mcu.externaltools.gnu-tools-for-stm32.13.3.rel1.win32_1.0.0.202411081344/tools/bin/../lib/gcc/arm-none-eabi/13.3.1/../../../../arm-none-eabi/lib/thumb/v8-m.main+fp/hard\libc_nano.a(libc_a-sbrkr.o)
                0x080091f8                _sbrk_r
 .text._write_r
                0x08009218       0x24 C:/ST/STM32CubeIDE_1.13.2/STM32CubeIDE/plugins/com.st.stm32cube.ide.mcu.externaltools.gnu-tools-for-stm32.13.3.rel1.win32_1.0.0.202411081344/tools/bin/../lib/gcc/arm-none-eabi/13.3.1/../../../../arm-none-eabi/lib/thumb/v8-m.main+fp/hard\libc_nano.a(libc_a-writer.o)
                0x08009218                _write_r
 .text.__errno  0x0800923c        0xc C:/ST/STM32CubeIDE_1.13.2/STM32CubeIDE/plugins/com.st.stm32cube.ide.mcu.externaltools.gnu-tools-for-stm32.13.3.rel1.win32_1.0.0.202411081344/tools/bin/../lib/gcc/arm-none-eabi/13.3.1/../../../../arm-none-eabi/lib/thumb/v8-m.main+fp/hard\libc_nano.a(libc_a-errno.o)
                0x0800923c                __errno
 .text.__libc_init_array
                0x08009248       0x48 C:/ST/STM32CubeIDE_1.13.2/STM32CubeIDE/plugins/com.st.stm32cube.ide.mcu.externaltools.gnu-tools-for-stm32.13.3.rel1.win32_1.0.0.202411081344/tools/bin/../lib/gcc/arm-none-eabi/13.3.1/../../../../arm-none-eabi/lib/thumb/v8-m.main+fp/hard\libc_nano.a(libc_a-init.o)
                0x08009248                __libc_init_array
 .text.__retarget_lock_init_recursive
                0x08009290        0x2 C:/ST/STM32CubeIDE_1.13.2/STM32CubeIDE/plugins/com.st.stm32cube.ide.mcu.externaltools.gnu-tools-for-stm32.13.3.rel1.win32_1.0.0.202411081344/tools/bin/../lib/gcc/arm-none-eabi/13.3.1/../../../../arm-none-eabi/lib/thumb/v8-m.main+fp/hard\libc_nano.a(libc_a-lock.o)
                0x08009290                __retarget_lock_init_recursive
 .text.__retarget_lock_acquire_recursive
                0x08009292        0x2 C:/ST/STM32CubeIDE_1.13.2/STM32CubeIDE/plugins/com.st.stm32cube.ide.mcu.externaltools.gnu-tools-for-stm32.13.3.rel1.win32_1.0.0.202411081344/tools/bin/../lib/gcc/arm-none-eabi/13.3.1/../../../../arm-none-eabi/lib/thumb/v8-m.main+fp/hard\libc_nano.a(libc_a-lock.o)
                0x08009292                __retarget_lock_acquire_recursive
 .text.__retarget_lock_release_recursive
                0x08009294        0x2 C:/ST/STM32CubeIDE_1.13.2/STM32CubeIDE/plugins/com.st.stm32cube.ide.mcu.externaltools.gnu-tools-for-stm32.13.3.rel1.win32_1.0.0.202411081344/tools/bin/../lib/gcc/arm-none-eabi/13.3.1/../../../../arm-none-eabi/lib/thumb/v8-m.main+fp/hard\libc_nano.a(libc_a-lock.o)
                0x08009294                __retarget_lock_release_recursive
 .text.memcpy   0x08009296       0x1a C:/ST/STM32CubeIDE_1.13.2/STM32CubeIDE/plugins/com.st.stm32cube.ide.mcu.externaltools.gnu-tools-for-stm32.13.3.rel1.win32_1.0.0.202411081344/tools/bin/../lib/gcc/arm-none-eabi/13.3.1/../../../../arm-none-eabi/lib/thumb/v8-m.main+fp/hard\libc_nano.a(libc_a-memcpy-stub.o)
                0x08009296                memcpy
 .text.abort    0x080092b0        0xe C:/ST/STM32CubeIDE_1.13.2/STM32CubeIDE/plugins/com.st.stm32cube.ide.mcu.externaltools.gnu-tools-for-stm32.13.3.rel1.win32_1.0.0.202411081344/tools/bin/../lib/gcc/arm-none-eabi/13.3.1/../../../../arm-none-eabi/lib/thumb/v8-m.main+fp/hard\libc_nano.a(libc_a-abort.o)
                0x080092b0                abort
 *fill*         0x080092be        0x2 
 .text._free_r  0x080092c0       0x94 C:/ST/STM32CubeIDE_1.13.2/STM32CubeIDE/plugins/com.st.stm32cube.ide.mcu.externaltools.gnu-tools-for-stm32.13.3.rel1.win32_1.0.0.202411081344/tools/bin/../lib/gcc/arm-none-eabi/13.3.1/../../../../arm-none-eabi/lib/thumb/v8-m.main+fp/hard\libc_nano.a(libc_a-freer.o)
                0x080092c0                _free_r
 .text.__sfputc_r
                0x08009354       0x2e C:/ST/STM32CubeIDE_1.13.2/STM32CubeIDE/plugins/com.st.stm32cube.ide.mcu.externaltools.gnu-tools-for-stm32.13.3.rel1.win32_1.0.0.202411081344/tools/bin/../lib/gcc/arm-none-eabi/13.3.1/../../../../arm-none-eabi/lib/thumb/v8-m.main+fp/hard\libc_nano.a(libc_a-nano-vfprintf.o)
 .text.__sfputs_r
                0x08009382       0x24 C:/ST/STM32CubeIDE_1.13.2/STM32CubeIDE/plugins/com.st.stm32cube.ide.mcu.externaltools.gnu-tools-for-stm32.13.3.rel1.win32_1.0.0.202411081344/tools/bin/../lib/gcc/arm-none-eabi/13.3.1/../../../../arm-none-eabi/lib/thumb/v8-m.main+fp/hard\libc_nano.a(libc_a-nano-vfprintf.o)
                0x08009382                __sfputs_r
 *fill*         0x080093a6        0x2 
 .text._vfprintf_r
                0x080093a8      0x230 C:/ST/STM32CubeIDE_1.13.2/STM32CubeIDE/plugins/com.st.stm32cube.ide.mcu.externaltools.gnu-tools-for-stm32.13.3.rel1.win32_1.0.0.202411081344/tools/bin/../lib/gcc/arm-none-eabi/13.3.1/../../../../arm-none-eabi/lib/thumb/v8-m.main+fp/hard\libc_nano.a(libc_a-nano-vfprintf.o)
                0x080093a8                _vfprintf_r
                0x080093a8                _vfiprintf_r
 .text._printf_common
                0x080095d8       0xe4 C:/ST/STM32CubeIDE_1.13.2/STM32CubeIDE/plugins/com.st.stm32cube.ide.mcu.externaltools.gnu-tools-for-stm32.13.3.rel1.win32_1.0.0.202411081344/tools/bin/../lib/gcc/arm-none-eabi/13.3.1/../../../../arm-none-eabi/lib/thumb/v8-m.main+fp/hard\libc_nano.a(libc_a-nano-vfprintf_i.o)
                0x080095d8                _printf_common
 .text._printf_i
                0x080096bc      0x23c C:/ST/STM32CubeIDE_1.13.2/STM32CubeIDE/plugins/com.st.stm32cube.ide.mcu.externaltools.gnu-tools-for-stm32.13.3.rel1.win32_1.0.0.202411081344/tools/bin/../lib/gcc/arm-none-eabi/13.3.1/../../../../arm-none-eabi/lib/thumb/v8-m.main+fp/hard\libc_nano.a(libc_a-nano-vfprintf_i.o)
                0x080096bc                _printf_i
 .text.__sflush_r
                0x080098f8      0x108 C:/ST/STM32CubeIDE_1.13.2/STM32CubeIDE/plugins/com.st.stm32cube.ide.mcu.externaltools.gnu-tools-for-stm32.13.3.rel1.win32_1.0.0.202411081344/tools/bin/../lib/gcc/arm-none-eabi/13.3.1/../../../../arm-none-eabi/lib/thumb/v8-m.main+fp/hard\libc_nano.a(libc_a-fflush.o)
                0x080098f8                __sflush_r
 .text._fflush_r
                0x08009a00       0x50 C:/ST/STM32CubeIDE_1.13.2/STM32CubeIDE/plugins/com.st.stm32cube.ide.mcu.externaltools.gnu-tools-for-stm32.13.3.rel1.win32_1.0.0.202411081344/tools/bin/../lib/gcc/arm-none-eabi/13.3.1/../../../../arm-none-eabi/lib/thumb/v8-m.main+fp/hard\libc_nano.a(libc_a-fflush.o)
                0x08009a00                _fflush_r
 .text.__swbuf_r
                0x08009a50       0x7c C:/ST/STM32CubeIDE_1.13.2/STM32CubeIDE/plugins/com.st.stm32cube.ide.mcu.externaltools.gnu-tools-for-stm32.13.3.rel1.win32_1.0.0.202411081344/tools/bin/../lib/gcc/arm-none-eabi/13.3.1/../../../../arm-none-eabi/lib/thumb/v8-m.main+fp/hard\libc_nano.a(libc_a-wbuf.o)
                0x08009a50                __swbuf_r
 .text.__swsetup_r
                0x08009acc       0xac C:/ST/STM32CubeIDE_1.13.2/STM32CubeIDE/plugins/com.st.stm32cube.ide.mcu.externaltools.gnu-tools-for-stm32.13.3.rel1.win32_1.0.0.202411081344/tools/bin/../lib/gcc/arm-none-eabi/13.3.1/../../../../arm-none-eabi/lib/thumb/v8-m.main+fp/hard\libc_nano.a(libc_a-wsetup.o)
                0x08009acc                __swsetup_r
 .text._raise_r
                0x08009b78       0x50 C:/ST/STM32CubeIDE_1.13.2/STM32CubeIDE/plugins/com.st.stm32cube.ide.mcu.externaltools.gnu-tools-for-stm32.13.3.rel1.win32_1.0.0.202411081344/tools/bin/../lib/gcc/arm-none-eabi/13.3.1/../../../../arm-none-eabi/lib/thumb/v8-m.main+fp/hard\libc_nano.a(libc_a-signal.o)
                0x08009b78                _raise_r
 .text.raise    0x08009bc8       0x10 C:/ST/STM32CubeIDE_1.13.2/STM32CubeIDE/plugins/com.st.stm32cube.ide.mcu.externaltools.gnu-tools-for-stm32.13.3.rel1.win32_1.0.0.202411081344/tools/bin/../lib/gcc/arm-none-eabi/13.3.1/../../../../arm-none-eabi/lib/thumb/v8-m.main+fp/hard\libc_nano.a(libc_a-signal.o)
                0x08009bc8                raise
 .text._kill_r  0x08009bd8       0x24 C:/ST/STM32CubeIDE_1.13.2/STM32CubeIDE/plugins/com.st.stm32cube.ide.mcu.externaltools.gnu-tools-for-stm32.13.3.rel1.win32_1.0.0.202411081344/tools/bin/../lib/gcc/arm-none-eabi/13.3.1/../../../../arm-none-eabi/lib/thumb/v8-m.main+fp/hard\libc_nano.a(libc_a-signalr.o)
                0x08009bd8                _kill_r
 .text._getpid_r
                0x08009bfc        0x4 C:/ST/STM32CubeIDE_1.13.2/STM32CubeIDE/plugins/com.st.stm32cube.ide.mcu.externaltools.gnu-tools-for-stm32.13.3.rel1.win32_1.0.0.202411081344/tools/bin/../lib/gcc/arm-none-eabi/13.3.1/../../../../arm-none-eabi/lib/thumb/v8-m.main+fp/hard\libc_nano.a(libc_a-signalr.o)
                0x08009bfc                _getpid_r
 .text.memchr   0x08009c00       0x1c C:/ST/STM32CubeIDE_1.13.2/STM32CubeIDE/plugins/com.st.stm32cube.ide.mcu.externaltools.gnu-tools-for-stm32.13.3.rel1.win32_1.0.0.202411081344/tools/bin/../lib/gcc/arm-none-eabi/13.3.1/../../../../arm-none-eabi/lib/thumb/v8-m.main+fp/hard\libc_nano.a(libc_a-memchr-stub.o)
                0x08009c00                memchr
 .text.__swhatbuf_r
                0x08009c1c       0x4a C:/ST/STM32CubeIDE_1.13.2/STM32CubeIDE/plugins/com.st.stm32cube.ide.mcu.externaltools.gnu-tools-for-stm32.13.3.rel1.win32_1.0.0.202411081344/tools/bin/../lib/gcc/arm-none-eabi/13.3.1/../../../../arm-none-eabi/lib/thumb/v8-m.main+fp/hard\libc_nano.a(libc_a-makebuf.o)
                0x08009c1c                __swhatbuf_r
 .text.__smakebuf_r
                0x08009c66       0x78 C:/ST/STM32CubeIDE_1.13.2/STM32CubeIDE/plugins/com.st.stm32cube.ide.mcu.externaltools.gnu-tools-for-stm32.13.3.rel1.win32_1.0.0.202411081344/tools/bin/../lib/gcc/arm-none-eabi/13.3.1/../../../../arm-none-eabi/lib/thumb/v8-m.main+fp/hard\libc_nano.a(libc_a-makebuf.o)
                0x08009c66                __smakebuf_r
 *fill*         0x08009cde        0x2 
 .text._fstat_r
                0x08009ce0       0x24 C:/ST/STM32CubeIDE_1.13.2/STM32CubeIDE/plugins/com.st.stm32cube.ide.mcu.externaltools.gnu-tools-for-stm32.13.3.rel1.win32_1.0.0.202411081344/tools/bin/../lib/gcc/arm-none-eabi/13.3.1/../../../../arm-none-eabi/lib/thumb/v8-m.main+fp/hard\libc_nano.a(libc_a-fstatr.o)
                0x08009ce0                _fstat_r
 .text._isatty_r
                0x08009d04       0x20 C:/ST/STM32CubeIDE_1.13.2/STM32CubeIDE/plugins/com.st.stm32cube.ide.mcu.externaltools.gnu-tools-for-stm32.13.3.rel1.win32_1.0.0.202411081344/tools/bin/../lib/gcc/arm-none-eabi/13.3.1/../../../../arm-none-eabi/lib/thumb/v8-m.main+fp/hard\libc_nano.a(libc_a-isattyr.o)
                0x08009d04                _isatty_r
 *(.glue_7)
 .glue_7        0x08009d24        0x0 linker stubs
 *(.glue_7t)
 .glue_7t       0x08009d24        0x0 linker stubs
 *(.eh_frame)
 .eh_frame      0x08009d24        0x0 C:/ST/STM32CubeIDE_1.13.2/STM32CubeIDE/plugins/com.st.stm32cube.ide.mcu.externaltools.gnu-tools-for-stm32.13.3.rel1.win32_1.0.0.202411081344/tools/bin/../lib/gcc/arm-none-eabi/13.3.1/thumb/v8-m.main+fp/hard/crtbegin.o
 *(.init)
 .init          0x08009d24        0x4 C:/ST/STM32CubeIDE_1.13.2/STM32CubeIDE/plugins/com.st.stm32cube.ide.mcu.externaltools.gnu-tools-for-stm32.13.3.rel1.win32_1.0.0.202411081344/tools/bin/../lib/gcc/arm-none-eabi/13.3.1/thumb/v8-m.main+fp/hard/crti.o
                0x08009d24                _init
 .init          0x08009d28        0x8 C:/ST/STM32CubeIDE_1.13.2/STM32CubeIDE/plugins/com.st.stm32cube.ide.mcu.externaltools.gnu-tools-for-stm32.13.3.rel1.win32_1.0.0.202411081344/tools/bin/../lib/gcc/arm-none-eabi/13.3.1/thumb/v8-m.main+fp/hard/crtn.o
 *(.fini)
 .fini          0x08009d30        0x4 C:/ST/STM32CubeIDE_1.13.2/STM32CubeIDE/plugins/com.st.stm32cube.ide.mcu.externaltools.gnu-tools-for-stm32.13.3.rel1.win32_1.0.0.202411081344/tools/bin/../lib/gcc/arm-none-eabi/13.3.1/thumb/v8-m.main+fp/hard/crti.o
                0x08009d30                _fini
 .fini          0x08009d34        0x8 C:/ST/STM32CubeIDE_1.13.2/STM32CubeIDE/plugins/com.st.stm32cube.ide.mcu.externaltools.gnu-tools-for-stm32.13.3.rel1.win32_1.0.0.202411081344/tools/bin/../lib/gcc/arm-none-eabi/13.3.1/thumb/v8-m.main+fp/hard/crtn.o
                0x08009d3c                        . = ALIGN (0x4)
                0x08009d3c                        _etext = .

.vfp11_veneer   0x08009d3c        0x0
 .vfp11_veneer  0x08009d3c        0x0 linker stubs

.v4_bx          0x08009d3c        0x0
 .v4_bx         0x08009d3c        0x0 linker stubs

.iplt           0x08009d3c        0x0
 .iplt          0x08009d3c        0x0 C:/ST/STM32CubeIDE_1.13.2/STM32CubeIDE/plugins/com.st.stm32cube.ide.mcu.externaltools.gnu-tools-for-stm32.13.3.rel1.win32_1.0.0.202411081344/tools/bin/../lib/gcc/arm-none-eabi/13.3.1/thumb/v8-m.main+fp/hard/crtbegin.o

.rodata         0x08009d3c     0x1014
                0x08009d3c                        . = ALIGN (0x4)
 *(.rodata)
 .rodata        0x08009d3c       0x1f ./Application/User/Core/main.o
 *fill*         0x08009d5b        0x1 
 .rodata        0x08009d5c      0xe0e ./Application/littlefs/lfs.o
 *(.rodata*)
 *fill*         0x0800ab6a        0x2 
 .rodata.__func__.28
                0x0800ab6c        0xc ./Application/littlefs/lfs.o
 .rodata.__func__.27
                0x0800ab78        0xd ./Application/littlefs/lfs.o
 *fill*         0x0800ab85        0x3 
 .rodata.__func__.26
                0x0800ab88        0xc ./Application/littlefs/lfs.o
 .rodata.__func__.25
                0x0800ab94        0xc ./Application/littlefs/lfs.o
 .rodata.__func__.24
                0x0800aba0        0xd ./Application/littlefs/lfs.o
 *fill*         0x0800abad        0x3 
 .rodata.__func__.23
                0x0800abb0       0x11 ./Application/littlefs/lfs.o
 *fill*         0x0800abc1        0x3 
 .rodata.__func__.22
                0x0800abc4       0x10 ./Application/littlefs/lfs.o
 .rodata.__func__.21
                0x0800abd4       0x19 ./Application/littlefs/lfs.o
 *fill*         0x0800abed        0x3 
 .rodata.__func__.20
                0x0800abf0       0x18 ./Application/littlefs/lfs.o
 .rodata.defaults.19
                0x0800ac08        0xc ./Application/littlefs/lfs.o
 .rodata.__func__.17
                0x0800ac14       0x10 ./Application/littlefs/lfs.o
 .rodata.__func__.15
                0x0800ac24        0x9 ./Application/littlefs/lfs.o
 *fill*         0x0800ac2d        0x3 
 .rodata.__func__.14
                0x0800ac30        0xc ./Application/littlefs/lfs.o
 .rodata.__func__.13
                0x0800ac3c       0x13 ./Application/littlefs/lfs.o
 *fill*         0x0800ac4f        0x1 
 .rodata.__func__.12
                0x0800ac50        0xe ./Application/littlefs/lfs.o
 *fill*         0x0800ac5e        0x2 
 .rodata.__func__.10
                0x0800ac60        0xe ./Application/littlefs/lfs.o
 *fill*         0x0800ac6e        0x2 
 .rodata.__func__.8
                0x0800ac70        0xf ./Application/littlefs/lfs.o
 *fill*         0x0800ac7f        0x1 
 .rodata.__func__.5
                0x0800ac80        0xf ./Application/littlefs/lfs.o
 *fill*         0x0800ac8f        0x1 
 .rodata.rtable.0
                0x0800ac90       0x40 ./Application/littlefs/lfs_util.o
 .rodata.AHBPrescTable
                0x0800acd0       0x10 ./Drivers/CMSIS/system_stm32h5xx.o
                0x0800acd0                AHBPrescTable
 .rodata.__assert_func.str1.1
                0x0800ace0       0x6f C:/ST/STM32CubeIDE_1.13.2/STM32CubeIDE/plugins/com.st.stm32cube.ide.mcu.externaltools.gnu-tools-for-stm32.13.3.rel1.win32_1.0.0.202411081344/tools/bin/../lib/gcc/arm-none-eabi/13.3.1/../../../../arm-none-eabi/lib/thumb/v8-m.main+fp/hard\libc_nano.a(libc_a-assert.o)
                                 0x3d (size before relaxing)
 .rodata._vfprintf_r.str1.1
                0x0800ad4f       0x11 C:/ST/STM32CubeIDE_1.13.2/STM32CubeIDE/plugins/com.st.stm32cube.ide.mcu.externaltools.gnu-tools-for-stm32.13.3.rel1.win32_1.0.0.202411081344/tools/bin/../lib/gcc/arm-none-eabi/13.3.1/../../../../arm-none-eabi/lib/thumb/v8-m.main+fp/hard\libc_nano.a(libc_a-nano-vfprintf.o)
 .rodata._printf_i.str1.1
                0x0800ad4f       0x22 C:/ST/STM32CubeIDE_1.13.2/STM32CubeIDE/plugins/com.st.stm32cube.ide.mcu.externaltools.gnu-tools-for-stm32.13.3.rel1.win32_1.0.0.202411081344/tools/bin/../lib/gcc/arm-none-eabi/13.3.1/../../../../arm-none-eabi/lib/thumb/v8-m.main+fp/hard\libc_nano.a(libc_a-nano-vfprintf_i.o)
                0x0800ad74                        . = ALIGN (0x4)
 *fill*         0x0800ad4f        0x1 

.ARM.extab      0x0800ad50        0x0
                0x0800ad50                        . = ALIGN (0x4)
 *(.ARM.extab* .gnu.linkonce.armextab.*)
                0x0800ad50                        . = ALIGN (0x4)

.ARM            0x0800ad50        0x8
                0x0800ad50                        . = ALIGN (0x4)
                0x0800ad50                        __exidx_start = .
 *(.ARM.exidx*)
 .ARM.exidx     0x0800ad50        0x8 C:/ST/STM32CubeIDE_1.13.2/STM32CubeIDE/plugins/com.st.stm32cube.ide.mcu.externaltools.gnu-tools-for-stm32.13.3.rel1.win32_1.0.0.202411081344/tools/bin/../lib/gcc/arm-none-eabi/13.3.1/../../../../arm-none-eabi/lib/thumb/v8-m.main+fp/hard\libc_nano.a(libc_a-strlen.o)
                0x0800ad58                        __exidx_end = .
                0x0800ad58                        . = ALIGN (0x4)

.preinit_array  0x0800ad58        0x0
                0x0800ad58                        . = ALIGN (0x4)
                0x0800ad58                        PROVIDE (__preinit_array_start = .)
 *(.preinit_array*)
                0x0800ad58                        PROVIDE (__preinit_array_end = .)
                0x0800ad58                        . = ALIGN (0x4)

.init_array     0x0800ad58        0x4
                0x0800ad58                        . = ALIGN (0x4)
                0x0800ad58                        PROVIDE (__init_array_start = .)
 *(SORT_BY_NAME(.init_array.*))
 *(.init_array*)
 .init_array    0x0800ad58        0x4 C:/ST/STM32CubeIDE_1.13.2/STM32CubeIDE/plugins/com.st.stm32cube.ide.mcu.externaltools.gnu-tools-for-stm32.13.3.rel1.win32_1.0.0.202411081344/tools/bin/../lib/gcc/arm-none-eabi/13.3.1/thumb/v8-m.main+fp/hard/crtbegin.o
                0x0800ad5c                        PROVIDE (__init_array_end = .)
                0x0800ad5c                        . = ALIGN (0x4)

.fini_array     0x0800ad5c        0x4
                0x0800ad5c                        . = ALIGN (0x4)
                [!provide]                        PROVIDE (__fini_array_start = .)
 *(SORT_BY_NAME(.fini_array.*))
 *(.fini_array*)
 .fini_array    0x0800ad5c        0x4 C:/ST/STM32CubeIDE_1.13.2/STM32CubeIDE/plugins/com.st.stm32cube.ide.mcu.externaltools.gnu-tools-for-stm32.13.3.rel1.win32_1.0.0.202411081344/tools/bin/../lib/gcc/arm-none-eabi/13.3.1/thumb/v8-m.main+fp/hard/crtbegin.o
                [!provide]                        PROVIDE (__fini_array_end = .)
                0x0800ad60                        . = ALIGN (0x4)
                0x0800ad60                        _sidata = LOADADDR (.data)

.rel.dyn        0x0800ad60        0x0
 .rel.iplt      0x0800ad60        0x0 C:/ST/STM32CubeIDE_1.13.2/STM32CubeIDE/plugins/com.st.stm32cube.ide.mcu.externaltools.gnu-tools-for-stm32.13.3.rel1.win32_1.0.0.202411081344/tools/bin/../lib/gcc/arm-none-eabi/13.3.1/thumb/v8-m.main+fp/hard/crtbegin.o

.data           0x20000000       0xc0 load address 0x0800ad60
                0x20000000                        . = ALIGN (0x4)
                0x20000000                        _sdata = .
 *(.data)
 *(.data*)
 .data.sram3_storage
                0x20000000        0x4 ./Application/User/Core/lfs_config.o
 .data.cfg      0x20000004       0x54 ./Application/User/Core/lfs_config.o
                0x20000004                cfg
 .data.SystemCoreClock
                0x20000058        0x4 ./Drivers/CMSIS/system_stm32h5xx.o
                0x20000058                SystemCoreClock
 .data.uwTickPrio
                0x2000005c        0x4 ./Drivers/STM32H5xx_HAL_Driver/stm32h5xx_hal.o
                0x2000005c                uwTickPrio
 .data.uwTickFreq
                0x20000060        0x1 ./Drivers/STM32H5xx_HAL_Driver/stm32h5xx_hal.o
                0x20000060                uwTickFreq
 *fill*         0x20000061        0x3 
 .data.__sglue  0x20000064        0xc C:/ST/STM32CubeIDE_1.13.2/STM32CubeIDE/plugins/com.st.stm32cube.ide.mcu.externaltools.gnu-tools-for-stm32.13.3.rel1.win32_1.0.0.202411081344/tools/bin/../lib/gcc/arm-none-eabi/13.3.1/../../../../arm-none-eabi/lib/thumb/v8-m.main+fp/hard\libc_nano.a(libc_a-findfp.o)
                0x20000064                __sglue
 .data._impure_ptr
                0x20000070        0x4 C:/ST/STM32CubeIDE_1.13.2/STM32CubeIDE/plugins/com.st.stm32cube.ide.mcu.externaltools.gnu-tools-for-stm32.13.3.rel1.win32_1.0.0.202411081344/tools/bin/../lib/gcc/arm-none-eabi/13.3.1/../../../../arm-none-eabi/lib/thumb/v8-m.main+fp/hard\libc_nano.a(libc_a-impure.o)
                0x20000070                _impure_ptr
 .data._impure_data
                0x20000074       0x4c C:/ST/STM32CubeIDE_1.13.2/STM32CubeIDE/plugins/com.st.stm32cube.ide.mcu.externaltools.gnu-tools-for-stm32.13.3.rel1.win32_1.0.0.202411081344/tools/bin/../lib/gcc/arm-none-eabi/13.3.1/../../../../arm-none-eabi/lib/thumb/v8-m.main+fp/hard\libc_nano.a(libc_a-impure.o)
                0x20000074                _impure_data
 *(.RamFunc)
 *(.RamFunc*)
                0x200000c0                        . = ALIGN (0x4)
                0x200000c0                        _edata = .

.igot.plt       0x200000c0        0x0 load address 0x0800ae20
 .igot.plt      0x200000c0        0x0 C:/ST/STM32CubeIDE_1.13.2/STM32CubeIDE/plugins/com.st.stm32cube.ide.mcu.externaltools.gnu-tools-for-stm32.13.3.rel1.win32_1.0.0.202411081344/tools/bin/../lib/gcc/arm-none-eabi/13.3.1/thumb/v8-m.main+fp/hard/crtbegin.o
                0x200000c0                        . = ALIGN (0x4)

.bss            0x200000c0      0x170 load address 0x0800ae20
                0x200000c0                        _sbss = .
                0x200000c0                        __bss_start__ = _sbss
 *(.bss)
 .bss           0x200000c0       0x1c C:/ST/STM32CubeIDE_1.13.2/STM32CubeIDE/plugins/com.st.stm32cube.ide.mcu.externaltools.gnu-tools-for-stm32.13.3.rel1.win32_1.0.0.202411081344/tools/bin/../lib/gcc/arm-none-eabi/13.3.1/thumb/v8-m.main+fp/hard/crtbegin.o
 *(.bss*)
 .bss.__sbrk_heap_end
                0x200000dc        0x4 ./Application/User/Core/sysmem.o
 .bss.uwTick    0x200000e0        0x4 ./Drivers/STM32H5xx_HAL_Driver/stm32h5xx_hal.o
                0x200000e0                uwTick
 .bss.__malloc_sbrk_start
                0x200000e4        0x4 C:/ST/STM32CubeIDE_1.13.2/STM32CubeIDE/plugins/com.st.stm32cube.ide.mcu.externaltools.gnu-tools-for-stm32.13.3.rel1.win32_1.0.0.202411081344/tools/bin/../lib/gcc/arm-none-eabi/13.3.1/../../../../arm-none-eabi/lib/thumb/v8-m.main+fp/hard\libc_nano.a(libc_a-mallocr.o)
                0x200000e4                __malloc_sbrk_start
 .bss.__malloc_free_list
                0x200000e8        0x4 C:/ST/STM32CubeIDE_1.13.2/STM32CubeIDE/plugins/com.st.stm32cube.ide.mcu.externaltools.gnu-tools-for-stm32.13.3.rel1.win32_1.0.0.202411081344/tools/bin/../lib/gcc/arm-none-eabi/13.3.1/../../../../arm-none-eabi/lib/thumb/v8-m.main+fp/hard\libc_nano.a(libc_a-mallocr.o)
                0x200000e8                __malloc_free_list
 .bss.__sf      0x200000ec      0x138 C:/ST/STM32CubeIDE_1.13.2/STM32CubeIDE/plugins/com.st.stm32cube.ide.mcu.externaltools.gnu-tools-for-stm32.13.3.rel1.win32_1.0.0.202411081344/tools/bin/../lib/gcc/arm-none-eabi/13.3.1/../../../../arm-none-eabi/lib/thumb/v8-m.main+fp/hard\libc_nano.a(libc_a-findfp.o)
                0x200000ec                __sf
 .bss.__stdio_exit_handler
                0x20000224        0x4 C:/ST/STM32CubeIDE_1.13.2/STM32CubeIDE/plugins/com.st.stm32cube.ide.mcu.externaltools.gnu-tools-for-stm32.13.3.rel1.win32_1.0.0.202411081344/tools/bin/../lib/gcc/arm-none-eabi/13.3.1/../../../../arm-none-eabi/lib/thumb/v8-m.main+fp/hard\libc_nano.a(libc_a-findfp.o)
                0x20000224                __stdio_exit_handler
 .bss.errno     0x20000228        0x4 C:/ST/STM32CubeIDE_1.13.2/STM32CubeIDE/plugins/com.st.stm32cube.ide.mcu.externaltools.gnu-tools-for-stm32.13.3.rel1.win32_1.0.0.202411081344/tools/bin/../lib/gcc/arm-none-eabi/13.3.1/../../../../arm-none-eabi/lib/thumb/v8-m.main+fp/hard\libc_nano.a(libc_a-reent.o)
                0x20000228                errno
 .bss.__lock___malloc_recursive_mutex
                0x2000022c        0x1 C:/ST/STM32CubeIDE_1.13.2/STM32CubeIDE/plugins/com.st.stm32cube.ide.mcu.externaltools.gnu-tools-for-stm32.13.3.rel1.win32_1.0.0.202411081344/tools/bin/../lib/gcc/arm-none-eabi/13.3.1/../../../../arm-none-eabi/lib/thumb/v8-m.main+fp/hard\libc_nano.a(libc_a-lock.o)
                0x2000022c                __lock___malloc_recursive_mutex
 .bss.__lock___sfp_recursive_mutex
                0x2000022d        0x1 C:/ST/STM32CubeIDE_1.13.2/STM32CubeIDE/plugins/com.st.stm32cube.ide.mcu.externaltools.gnu-tools-for-stm32.13.3.rel1.win32_1.0.0.202411081344/tools/bin/../lib/gcc/arm-none-eabi/13.3.1/../../../../arm-none-eabi/lib/thumb/v8-m.main+fp/hard\libc_nano.a(libc_a-lock.o)
                0x2000022d                __lock___sfp_recursive_mutex
 *(COMMON)
                0x20000230                        . = ALIGN (0x4)
 *fill*         0x2000022e        0x2 
                0x20000230                        _ebss = .
                0x20000230                        __bss_end__ = _ebss

._user_heap_stack
                0x20000230      0x600 load address 0x0800ae20
                0x20000230                        . = ALIGN (0x8)
                [!provide]                        PROVIDE (end = .)
                0x20000230                        PROVIDE (_end = .)
                0x20000430                        . = (. + _Min_Heap_Size)
 *fill*         0x20000230      0x200 
                0x20000830                        . = (. + _Min_Stack_Size)
 *fill*         0x20000430      0x400 
                0x20000830                        . = ALIGN (0x8)

/DISCARD/
 libc.a(*)
 libm.a(*)
 libgcc.a(*)

.ARM.attributes
                0x00000000       0x36
 *(.ARM.attributes)
 .ARM.attributes
                0x00000000       0x26 C:/ST/STM32CubeIDE_1.13.2/STM32CubeIDE/plugins/com.st.stm32cube.ide.mcu.externaltools.gnu-tools-for-stm32.13.3.rel1.win32_1.0.0.202411081344/tools/bin/../lib/gcc/arm-none-eabi/13.3.1/thumb/v8-m.main+fp/hard/crti.o
 .ARM.attributes
                0x00000026       0x38 C:/ST/STM32CubeIDE_1.13.2/STM32CubeIDE/plugins/com.st.stm32cube.ide.mcu.externaltools.gnu-tools-for-stm32.13.3.rel1.win32_1.0.0.202411081344/tools/bin/../lib/gcc/arm-none-eabi/13.3.1/thumb/v8-m.main+fp/hard/crtbegin.o
 .ARM.attributes
                0x0000005e       0x3a ./Application/User/Core/lfs_config.o
 .ARM.attributes
                0x00000098       0x3a ./Application/User/Core/main.o
 .ARM.attributes
                0x000000d2       0x3a ./Application/User/Core/stm32h5xx_hal_msp.o
 .ARM.attributes
                0x0000010c       0x3a ./Application/User/Core/stm32h5xx_it.o
 .ARM.attributes
                0x00000146       0x3a ./Application/User/Core/syscalls.o
 .ARM.attributes
                0x00000180       0x3a ./Application/User/Core/sysmem.o
 .ARM.attributes
                0x000001ba       0x24 ./Application/User/Startup/startup_stm32h573iikxq.o
 .ARM.attributes
                0x000001de       0x3a ./Application/littlefs/lfs.o
 .ARM.attributes
                0x00000218       0x3a ./Application/littlefs/lfs_util.o
 .ARM.attributes
                0x00000252       0x3a ./Drivers/CMSIS/system_stm32h5xx.o
 .ARM.attributes
                0x0000028c       0x3a ./Drivers/STM32H5xx_HAL_Driver/stm32h5xx_hal.o
 .ARM.attributes
                0x000002c6       0x3a ./Drivers/STM32H5xx_HAL_Driver/stm32h5xx_hal_cortex.o
 .ARM.attributes
                0x00000300       0x3a ./Drivers/STM32H5xx_HAL_Driver/stm32h5xx_hal_gpio.o
 .ARM.attributes
                0x0000033a       0x3a ./Drivers/STM32H5xx_HAL_Driver/stm32h5xx_hal_icache.o
 .ARM.attributes
                0x00000374       0x3a ./Drivers/STM32H5xx_HAL_Driver/stm32h5xx_hal_rcc.o
 .ARM.attributes
                0x000003ae       0x38 C:/ST/STM32CubeIDE_1.13.2/STM32CubeIDE/plugins/com.st.stm32cube.ide.mcu.externaltools.gnu-tools-for-stm32.13.3.rel1.win32_1.0.0.202411081344/tools/bin/../lib/gcc/arm-none-eabi/13.3.1/../../../../arm-none-eabi/lib/thumb/v8-m.main+fp/hard\libc_nano.a(libc_a-assert.o)
 .ARM.attributes
                0x000003e6       0x38 C:/ST/STM32CubeIDE_1.13.2/STM32CubeIDE/plugins/com.st.stm32cube.ide.mcu.externaltools.gnu-tools-for-stm32.13.3.rel1.win32_1.0.0.202411081344/tools/bin/../lib/gcc/arm-none-eabi/13.3.1/../../../../arm-none-eabi/lib/thumb/v8-m.main+fp/hard\libc_nano.a(libc_a-malloc.o)
 .ARM.attributes
                0x0000041e       0x38 C:/ST/STM32CubeIDE_1.13.2/STM32CubeIDE/plugins/com.st.stm32cube.ide.mcu.externaltools.gnu-tools-for-stm32.13.3.rel1.win32_1.0.0.202411081344/tools/bin/../lib/gcc/arm-none-eabi/13.3.1/../../../../arm-none-eabi/lib/thumb/v8-m.main+fp/hard\libc_nano.a(libc_a-mallocr.o)
 .ARM.attributes
                0x00000456       0x38 C:/ST/STM32CubeIDE_1.13.2/STM32CubeIDE/plugins/com.st.stm32cube.ide.mcu.externaltools.gnu-tools-for-stm32.13.3.rel1.win32_1.0.0.202411081344/tools/bin/../lib/gcc/arm-none-eabi/13.3.1/../../../../arm-none-eabi/lib/thumb/v8-m.main+fp/hard\libc_nano.a(libc_a-mlock.o)
 .ARM.attributes
                0x0000048e       0x38 C:/ST/STM32CubeIDE_1.13.2/STM32CubeIDE/plugins/com.st.stm32cube.ide.mcu.externaltools.gnu-tools-for-stm32.13.3.rel1.win32_1.0.0.202411081344/tools/bin/../lib/gcc/arm-none-eabi/13.3.1/../../../../arm-none-eabi/lib/thumb/v8-m.main+fp/hard\libc_nano.a(libc_a-findfp.o)
 .ARM.attributes
                0x000004c6       0x38 C:/ST/STM32CubeIDE_1.13.2/STM32CubeIDE/plugins/com.st.stm32cube.ide.mcu.externaltools.gnu-tools-for-stm32.13.3.rel1.win32_1.0.0.202411081344/tools/bin/../lib/gcc/arm-none-eabi/13.3.1/../../../../arm-none-eabi/lib/thumb/v8-m.main+fp/hard\libc_nano.a(libc_a-fprintf.o)
 .ARM.attributes
                0x000004fe       0x38 C:/ST/STM32CubeIDE_1.13.2/STM32CubeIDE/plugins/com.st.stm32cube.ide.mcu.externaltools.gnu-tools-for-stm32.13.3.rel1.win32_1.0.0.202411081344/tools/bin/../lib/gcc/arm-none-eabi/13.3.1/../../../../arm-none-eabi/lib/thumb/v8-m.main+fp/hard\libc_nano.a(libc_a-fwalk.o)
 .ARM.attributes
                0x00000536       0x38 C:/ST/STM32CubeIDE_1.13.2/STM32CubeIDE/plugins/com.st.stm32cube.ide.mcu.externaltools.gnu-tools-for-stm32.13.3.rel1.win32_1.0.0.202411081344/tools/bin/../lib/gcc/arm-none-eabi/13.3.1/../../../../arm-none-eabi/lib/thumb/v8-m.main+fp/hard\libc_nano.a(libc_a-printf.o)
 .ARM.attributes
                0x0000056e       0x38 C:/ST/STM32CubeIDE_1.13.2/STM32CubeIDE/plugins/com.st.stm32cube.ide.mcu.externaltools.gnu-tools-for-stm32.13.3.rel1.win32_1.0.0.202411081344/tools/bin/../lib/gcc/arm-none-eabi/13.3.1/../../../../arm-none-eabi/lib/thumb/v8-m.main+fp/hard\libc_nano.a(libc_a-stdio.o)
 .ARM.attributes
                0x000005a6       0x38 C:/ST/STM32CubeIDE_1.13.2/STM32CubeIDE/plugins/com.st.stm32cube.ide.mcu.externaltools.gnu-tools-for-stm32.13.3.rel1.win32_1.0.0.202411081344/tools/bin/../lib/gcc/arm-none-eabi/13.3.1/../../../../arm-none-eabi/lib/thumb/v8-m.main+fp/hard\libc_nano.a(libc_a-memcmp.o)
 .ARM.attributes
                0x000005de       0x38 C:/ST/STM32CubeIDE_1.13.2/STM32CubeIDE/plugins/com.st.stm32cube.ide.mcu.externaltools.gnu-tools-for-stm32.13.3.rel1.win32_1.0.0.202411081344/tools/bin/../lib/gcc/arm-none-eabi/13.3.1/../../../../arm-none-eabi/lib/thumb/v8-m.main+fp/hard\libc_nano.a(libc_a-memset.o)
 .ARM.attributes
                0x00000616       0x38 C:/ST/STM32CubeIDE_1.13.2/STM32CubeIDE/plugins/com.st.stm32cube.ide.mcu.externaltools.gnu-tools-for-stm32.13.3.rel1.win32_1.0.0.202411081344/tools/bin/../lib/gcc/arm-none-eabi/13.3.1/../../../../arm-none-eabi/lib/thumb/v8-m.main+fp/hard\libc_nano.a(libc_a-strcspn.o)
 .ARM.attributes
                0x0000064e       0x38 C:/ST/STM32CubeIDE_1.13.2/STM32CubeIDE/plugins/com.st.stm32cube.ide.mcu.externaltools.gnu-tools-for-stm32.13.3.rel1.win32_1.0.0.202411081344/tools/bin/../lib/gcc/arm-none-eabi/13.3.1/../../../../arm-none-eabi/lib/thumb/v8-m.main+fp/hard\libc_nano.a(libc_a-strspn.o)
 .ARM.attributes
                0x00000686       0x38 C:/ST/STM32CubeIDE_1.13.2/STM32CubeIDE/plugins/com.st.stm32cube.ide.mcu.externaltools.gnu-tools-for-stm32.13.3.rel1.win32_1.0.0.202411081344/tools/bin/../lib/gcc/arm-none-eabi/13.3.1/../../../../arm-none-eabi/lib/thumb/v8-m.main+fp/hard\libc_nano.a(libc_a-closer.o)
 .ARM.attributes
                0x000006be       0x38 C:/ST/STM32CubeIDE_1.13.2/STM32CubeIDE/plugins/com.st.stm32cube.ide.mcu.externaltools.gnu-tools-for-stm32.13.3.rel1.win32_1.0.0.202411081344/tools/bin/../lib/gcc/arm-none-eabi/13.3.1/../../../../arm-none-eabi/lib/thumb/v8-m.main+fp/hard\libc_nano.a(libc_a-reent.o)
 .ARM.attributes
                0x000006f6       0x38 C:/ST/STM32CubeIDE_1.13.2/STM32CubeIDE/plugins/com.st.stm32cube.ide.mcu.externaltools.gnu-tools-for-stm32.13.3.rel1.win32_1.0.0.202411081344/tools/bin/../lib/gcc/arm-none-eabi/13.3.1/../../../../arm-none-eabi/lib/thumb/v8-m.main+fp/hard\libc_nano.a(libc_a-impure.o)
 .ARM.attributes
                0x0000072e       0x38 C:/ST/STM32CubeIDE_1.13.2/STM32CubeIDE/plugins/com.st.stm32cube.ide.mcu.externaltools.gnu-tools-for-stm32.13.3.rel1.win32_1.0.0.202411081344/tools/bin/../lib/gcc/arm-none-eabi/13.3.1/../../../../arm-none-eabi/lib/thumb/v8-m.main+fp/hard\libc_nano.a(libc_a-lseekr.o)
 .ARM.attributes
                0x00000766       0x38 C:/ST/STM32CubeIDE_1.13.2/STM32CubeIDE/plugins/com.st.stm32cube.ide.mcu.externaltools.gnu-tools-for-stm32.13.3.rel1.win32_1.0.0.202411081344/tools/bin/../lib/gcc/arm-none-eabi/13.3.1/../../../../arm-none-eabi/lib/thumb/v8-m.main+fp/hard\libc_nano.a(libc_a-readr.o)
 .ARM.attributes
                0x0000079e       0x38 C:/ST/STM32CubeIDE_1.13.2/STM32CubeIDE/plugins/com.st.stm32cube.ide.mcu.externaltools.gnu-tools-for-stm32.13.3.rel1.win32_1.0.0.202411081344/tools/bin/../lib/gcc/arm-none-eabi/13.3.1/../../../../arm-none-eabi/lib/thumb/v8-m.main+fp/hard\libc_nano.a(libc_a-sbrkr.o)
 .ARM.attributes
                0x000007d6       0x38 C:/ST/STM32CubeIDE_1.13.2/STM32CubeIDE/plugins/com.st.stm32cube.ide.mcu.externaltools.gnu-tools-for-stm32.13.3.rel1.win32_1.0.0.202411081344/tools/bin/../lib/gcc/arm-none-eabi/13.3.1/../../../../arm-none-eabi/lib/thumb/v8-m.main+fp/hard\libc_nano.a(libc_a-writer.o)
 .ARM.attributes
                0x0000080e       0x38 C:/ST/STM32CubeIDE_1.13.2/STM32CubeIDE/plugins/com.st.stm32cube.ide.mcu.externaltools.gnu-tools-for-stm32.13.3.rel1.win32_1.0.0.202411081344/tools/bin/../lib/gcc/arm-none-eabi/13.3.1/../../../../arm-none-eabi/lib/thumb/v8-m.main+fp/hard\libc_nano.a(libc_a-errno.o)
 .ARM.attributes
                0x00000846       0x38 C:/ST/STM32CubeIDE_1.13.2/STM32CubeIDE/plugins/com.st.stm32cube.ide.mcu.externaltools.gnu-tools-for-stm32.13.3.rel1.win32_1.0.0.202411081344/tools/bin/../lib/gcc/arm-none-eabi/13.3.1/../../../../arm-none-eabi/lib/thumb/v8-m.main+fp/hard\libc_nano.a(libc_a-init.o)
 .ARM.attributes
                0x0000087e       0x38 C:/ST/STM32CubeIDE_1.13.2/STM32CubeIDE/plugins/com.st.stm32cube.ide.mcu.externaltools.gnu-tools-for-stm32.13.3.rel1.win32_1.0.0.202411081344/tools/bin/../lib/gcc/arm-none-eabi/13.3.1/../../../../arm-none-eabi/lib/thumb/v8-m.main+fp/hard\libc_nano.a(libc_a-lock.o)
 .ARM.attributes
                0x000008b6       0x38 C:/ST/STM32CubeIDE_1.13.2/STM32CubeIDE/plugins/com.st.stm32cube.ide.mcu.externaltools.gnu-tools-for-stm32.13.3.rel1.win32_1.0.0.202411081344/tools/bin/../lib/gcc/arm-none-eabi/13.3.1/../../../../arm-none-eabi/lib/thumb/v8-m.main+fp/hard\libc_nano.a(libc_a-memcpy-stub.o)
 .ARM.attributes
                0x000008ee       0x24 C:/ST/STM32CubeIDE_1.13.2/STM32CubeIDE/plugins/com.st.stm32cube.ide.mcu.externaltools.gnu-tools-for-stm32.13.3.rel1.win32_1.0.0.202411081344/tools/bin/../lib/gcc/arm-none-eabi/13.3.1/../../../../arm-none-eabi/lib/thumb/v8-m.main+fp/hard\libc_nano.a(libc_a-strlen.o)
 .ARM.attributes
                0x00000912       0x38 C:/ST/STM32CubeIDE_1.13.2/STM32CubeIDE/plugins/com.st.stm32cube.ide.mcu.externaltools.gnu-tools-for-stm32.13.3.rel1.win32_1.0.0.202411081344/tools/bin/../lib/gcc/arm-none-eabi/13.3.1/../../../../arm-none-eabi/lib/thumb/v8-m.main+fp/hard\libc_nano.a(libc_a-abort.o)
 .ARM.attributes
                0x0000094a       0x38 C:/ST/STM32CubeIDE_1.13.2/STM32CubeIDE/plugins/com.st.stm32cube.ide.mcu.externaltools.gnu-tools-for-stm32.13.3.rel1.win32_1.0.0.202411081344/tools/bin/../lib/gcc/arm-none-eabi/13.3.1/../../../../arm-none-eabi/lib/thumb/v8-m.main+fp/hard\libc_nano.a(libc_a-freer.o)
 .ARM.attributes
                0x00000982       0x38 C:/ST/STM32CubeIDE_1.13.2/STM32CubeIDE/plugins/com.st.stm32cube.ide.mcu.externaltools.gnu-tools-for-stm32.13.3.rel1.win32_1.0.0.202411081344/tools/bin/../lib/gcc/arm-none-eabi/13.3.1/../../../../arm-none-eabi/lib/thumb/v8-m.main+fp/hard\libc_nano.a(libc_a-nano-vfprintf.o)
 .ARM.attributes
                0x000009ba       0x38 C:/ST/STM32CubeIDE_1.13.2/STM32CubeIDE/plugins/com.st.stm32cube.ide.mcu.externaltools.gnu-tools-for-stm32.13.3.rel1.win32_1.0.0.202411081344/tools/bin/../lib/gcc/arm-none-eabi/13.3.1/../../../../arm-none-eabi/lib/thumb/v8-m.main+fp/hard\libc_nano.a(libc_a-nano-vfprintf_i.o)
 .ARM.attributes
                0x000009f2       0x38 C:/ST/STM32CubeIDE_1.13.2/STM32CubeIDE/plugins/com.st.stm32cube.ide.mcu.externaltools.gnu-tools-for-stm32.13.3.rel1.win32_1.0.0.202411081344/tools/bin/../lib/gcc/arm-none-eabi/13.3.1/../../../../arm-none-eabi/lib/thumb/v8-m.main+fp/hard\libc_nano.a(libc_a-fflush.o)
 .ARM.attributes
                0x00000a2a       0x38 C:/ST/STM32CubeIDE_1.13.2/STM32CubeIDE/plugins/com.st.stm32cube.ide.mcu.externaltools.gnu-tools-for-stm32.13.3.rel1.win32_1.0.0.202411081344/tools/bin/../lib/gcc/arm-none-eabi/13.3.1/../../../../arm-none-eabi/lib/thumb/v8-m.main+fp/hard\libc_nano.a(libc_a-wbuf.o)
 .ARM.attributes
                0x00000a62       0x38 C:/ST/STM32CubeIDE_1.13.2/STM32CubeIDE/plugins/com.st.stm32cube.ide.mcu.externaltools.gnu-tools-for-stm32.13.3.rel1.win32_1.0.0.202411081344/tools/bin/../lib/gcc/arm-none-eabi/13.3.1/../../../../arm-none-eabi/lib/thumb/v8-m.main+fp/hard\libc_nano.a(libc_a-wsetup.o)
 .ARM.attributes
                0x00000a9a       0x38 C:/ST/STM32CubeIDE_1.13.2/STM32CubeIDE/plugins/com.st.stm32cube.ide.mcu.externaltools.gnu-tools-for-stm32.13.3.rel1.win32_1.0.0.202411081344/tools/bin/../lib/gcc/arm-none-eabi/13.3.1/../../../../arm-none-eabi/lib/thumb/v8-m.main+fp/hard\libc_nano.a(libc_a-signal.o)
 .ARM.attributes
                0x00000ad2       0x38 C:/ST/STM32CubeIDE_1.13.2/STM32CubeIDE/plugins/com.st.stm32cube.ide.mcu.externaltools.gnu-tools-for-stm32.13.3.rel1.win32_1.0.0.202411081344/tools/bin/../lib/gcc/arm-none-eabi/13.3.1/../../../../arm-none-eabi/lib/thumb/v8-m.main+fp/hard\libc_nano.a(libc_a-signalr.o)
 .ARM.attributes
                0x00000b0a       0x38 C:/ST/STM32CubeIDE_1.13.2/STM32CubeIDE/plugins/com.st.stm32cube.ide.mcu.externaltools.gnu-tools-for-stm32.13.3.rel1.win32_1.0.0.202411081344/tools/bin/../lib/gcc/arm-none-eabi/13.3.1/../../../../arm-none-eabi/lib/thumb/v8-m.main+fp/hard\libc_nano.a(libc_a-memchr-stub.o)
 .ARM.attributes
                0x00000b42       0x38 C:/ST/STM32CubeIDE_1.13.2/STM32CubeIDE/plugins/com.st.stm32cube.ide.mcu.externaltools.gnu-tools-for-stm32.13.3.rel1.win32_1.0.0.202411081344/tools/bin/../lib/gcc/arm-none-eabi/13.3.1/../../../../arm-none-eabi/lib/thumb/v8-m.main+fp/hard\libc_nano.a(libc_a-makebuf.o)
 .ARM.attributes
                0x00000b7a       0x38 C:/ST/STM32CubeIDE_1.13.2/STM32CubeIDE/plugins/com.st.stm32cube.ide.mcu.externaltools.gnu-tools-for-stm32.13.3.rel1.win32_1.0.0.202411081344/tools/bin/../lib/gcc/arm-none-eabi/13.3.1/../../../../arm-none-eabi/lib/thumb/v8-m.main+fp/hard\libc_nano.a(libc_a-fstatr.o)
 .ARM.attributes
                0x00000bb2       0x38 C:/ST/STM32CubeIDE_1.13.2/STM32CubeIDE/plugins/com.st.stm32cube.ide.mcu.externaltools.gnu-tools-for-stm32.13.3.rel1.win32_1.0.0.202411081344/tools/bin/../lib/gcc/arm-none-eabi/13.3.1/../../../../arm-none-eabi/lib/thumb/v8-m.main+fp/hard\libc_nano.a(libc_a-isattyr.o)
 .ARM.attributes
                0x00000bea       0x38 C:/ST/STM32CubeIDE_1.13.2/STM32CubeIDE/plugins/com.st.stm32cube.ide.mcu.externaltools.gnu-tools-for-stm32.13.3.rel1.win32_1.0.0.202411081344/tools/bin/../lib/gcc/arm-none-eabi/13.3.1/thumb/v8-m.main+fp/hard\libgcc.a(_popcountsi2.o)
 .ARM.attributes
                0x00000c22       0x26 C:/ST/STM32CubeIDE_1.13.2/STM32CubeIDE/plugins/com.st.stm32cube.ide.mcu.externaltools.gnu-tools-for-stm32.13.3.rel1.win32_1.0.0.202411081344/tools/bin/../lib/gcc/arm-none-eabi/13.3.1/thumb/v8-m.main+fp/hard/crtn.o
OUTPUT(STAB_project.elf elf32-littlearm)
LOAD linker stubs
LOAD C:/ST/STM32CubeIDE_1.13.2/STM32CubeIDE/plugins/com.st.stm32cube.ide.mcu.externaltools.gnu-tools-for-stm32.13.3.rel1.win32_1.0.0.202411081344/tools/bin/../lib/gcc/arm-none-eabi/13.3.1/../../../../arm-none-eabi/lib/thumb/v8-m.main+fp/hard\libc.a
LOAD C:/ST/STM32CubeIDE_1.13.2/STM32CubeIDE/plugins/com.st.stm32cube.ide.mcu.externaltools.gnu-tools-for-stm32.13.3.rel1.win32_1.0.0.202411081344/tools/bin/../lib/gcc/arm-none-eabi/13.3.1/../../../../arm-none-eabi/lib/thumb/v8-m.main+fp/hard\libm.a
LOAD C:/ST/STM32CubeIDE_1.13.2/STM32CubeIDE/plugins/com.st.stm32cube.ide.mcu.externaltools.gnu-tools-for-stm32.13.3.rel1.win32_1.0.0.202411081344/tools/bin/../lib/gcc/arm-none-eabi/13.3.1/thumb/v8-m.main+fp/hard\libgcc.a

.debug_info     0x00000000     0xd960
 .debug_info    0x00000000      0x40e ./Application/User/Core/lfs_config.o
 .debug_info    0x0000040e     0x16c5 ./Application/User/Core/main.o
 .debug_info    0x00001ad3       0x9f ./Application/User/Core/stm32h5xx_hal_msp.o
 .debug_info    0x00001b72      0x128 ./Application/User/Core/stm32h5xx_it.o
 .debug_info    0x00001c9a      0x6a3 ./Application/User/Core/syscalls.o
 .debug_info    0x0000233d      0x168 ./Application/User/Core/sysmem.o
 .debug_info    0x000024a5       0x30 ./Application/User/Startup/startup_stm32h573iikxq.o
 .debug_info    0x000024d5     0x5f58 ./Application/littlefs/lfs.o
 .debug_info    0x0000842d      0x15f ./Application/littlefs/lfs_util.o
 .debug_info    0x0000858c      0xd8e ./Drivers/CMSIS/system_stm32h5xx.o
 .debug_info    0x0000931a     0x13b1 ./Drivers/STM32H5xx_HAL_Driver/stm32h5xx_hal.o
 .debug_info    0x0000a6cb     0x166a ./Drivers/STM32H5xx_HAL_Driver/stm32h5xx_hal_cortex.o
 .debug_info    0x0000bd35      0x6b6 ./Drivers/STM32H5xx_HAL_Driver/stm32h5xx_hal_gpio.o
 .debug_info    0x0000c3eb      0x4d6 ./Drivers/STM32H5xx_HAL_Driver/stm32h5xx_hal_icache.o
 .debug_info    0x0000c8c1     0x109f ./Drivers/STM32H5xx_HAL_Driver/stm32h5xx_hal_rcc.o

.debug_abbrev   0x00000000     0x197a
 .debug_abbrev  0x00000000      0x158 ./Application/User/Core/lfs_config.o
 .debug_abbrev  0x00000158      0x2f0 ./Application/User/Core/main.o
 .debug_abbrev  0x00000448       0x45 ./Application/User/Core/stm32h5xx_hal_msp.o
 .debug_abbrev  0x0000048d       0x73 ./Application/User/Core/stm32h5xx_it.o
 .debug_abbrev  0x00000500      0x1b6 ./Application/User/Core/syscalls.o
 .debug_abbrev  0x000006b6       0xbc ./Application/User/Core/sysmem.o
 .debug_abbrev  0x00000772       0x24 ./Application/User/Startup/startup_stm32h573iikxq.o
 .debug_abbrev  0x00000796      0x387 ./Application/littlefs/lfs.o
 .debug_abbrev  0x00000b1d       0xd0 ./Application/littlefs/lfs_util.o
 .debug_abbrev  0x00000bed      0x13a ./Drivers/CMSIS/system_stm32h5xx.o
 .debug_abbrev  0x00000d27      0x2af ./Drivers/STM32H5xx_HAL_Driver/stm32h5xx_hal.o
 .debug_abbrev  0x00000fd6      0x311 ./Drivers/STM32H5xx_HAL_Driver/stm32h5xx_hal_cortex.o
 .debug_abbrev  0x000012e7      0x1db ./Drivers/STM32H5xx_HAL_Driver/stm32h5xx_hal_gpio.o
 .debug_abbrev  0x000014c2      0x228 ./Drivers/STM32H5xx_HAL_Driver/stm32h5xx_hal_icache.o
 .debug_abbrev  0x000016ea      0x290 ./Drivers/STM32H5xx_HAL_Driver/stm32h5xx_hal_rcc.o

.debug_aranges  0x00000000      0xd00
 .debug_aranges
                0x00000000       0x38 ./Application/User/Core/lfs_config.o
 .debug_aranges
                0x00000038       0x40 ./Application/User/Core/main.o
 .debug_aranges
                0x00000078       0x20 ./Application/User/Core/stm32h5xx_hal_msp.o
 .debug_aranges
                0x00000098       0x60 ./Application/User/Core/stm32h5xx_it.o
 .debug_aranges
                0x000000f8       0xa8 ./Application/User/Core/syscalls.o
 .debug_aranges
                0x000001a0       0x20 ./Application/User/Core/sysmem.o
 .debug_aranges
                0x000001c0       0x28 ./Application/User/Startup/startup_stm32h573iikxq.o
 .debug_aranges
                0x000001e8      0x5d0 ./Application/littlefs/lfs.o
 .debug_aranges
                0x000007b8       0x20 ./Application/littlefs/lfs_util.o
 .debug_aranges
                0x000007d8       0x28 ./Drivers/CMSIS/system_stm32h5xx.o
 .debug_aranges
                0x00000800      0x200 ./Drivers/STM32H5xx_HAL_Driver/stm32h5xx_hal.o
 .debug_aranges
                0x00000a00      0x140 ./Drivers/STM32H5xx_HAL_Driver/stm32h5xx_hal_cortex.o
 .debug_aranges
                0x00000b40       0x78 ./Drivers/STM32H5xx_HAL_Driver/stm32h5xx_hal_gpio.o
 .debug_aranges
                0x00000bb8       0xa8 ./Drivers/STM32H5xx_HAL_Driver/stm32h5xx_hal_icache.o
 .debug_aranges
                0x00000c60       0xa0 ./Drivers/STM32H5xx_HAL_Driver/stm32h5xx_hal_rcc.o

.debug_rnglists
                0x00000000      0xb78
 .debug_rnglists
                0x00000000       0x25 ./Application/User/Core/lfs_config.o
 .debug_rnglists
                0x00000025       0x2e ./Application/User/Core/main.o
 .debug_rnglists
                0x00000053       0x13 ./Application/User/Core/stm32h5xx_hal_msp.o
 .debug_rnglists
                0x00000066       0x43 ./Application/User/Core/stm32h5xx_it.o
 .debug_rnglists
                0x000000a9       0x79 ./Application/User/Core/syscalls.o
 .debug_rnglists
                0x00000122       0x13 ./Application/User/Core/sysmem.o
 .debug_rnglists
                0x00000135       0x19 ./Application/User/Startup/startup_stm32h573iikxq.o
 .debug_rnglists
                0x0000014e      0x649 ./Application/littlefs/lfs.o
 .debug_rnglists
                0x00000797       0x13 ./Application/littlefs/lfs_util.o
 .debug_rnglists
                0x000007aa       0x1b ./Drivers/CMSIS/system_stm32h5xx.o
 .debug_rnglists
                0x000007c5      0x17d ./Drivers/STM32H5xx_HAL_Driver/stm32h5xx_hal.o
 .debug_rnglists
                0x00000942       0xec ./Drivers/STM32H5xx_HAL_Driver/stm32h5xx_hal_cortex.o
 .debug_rnglists
                0x00000a2e       0x57 ./Drivers/STM32H5xx_HAL_Driver/stm32h5xx_hal_gpio.o
 .debug_rnglists
                0x00000a85       0x7a ./Drivers/STM32H5xx_HAL_Driver/stm32h5xx_hal_icache.o
 .debug_rnglists
                0x00000aff       0x79 ./Drivers/STM32H5xx_HAL_Driver/stm32h5xx_hal_rcc.o

.debug_macro    0x00000000    0x31d65
 .debug_macro   0x00000000      0x1f6 ./Application/User/Core/lfs_config.o
 .debug_macro   0x000001f6      0xade ./Application/User/Core/lfs_config.o
 .debug_macro   0x00000cd4       0x16 ./Application/User/Core/lfs_config.o
 .debug_macro   0x00000cea       0x22 ./Application/User/Core/lfs_config.o
 .debug_macro   0x00000d0c       0x8e ./Application/User/Core/lfs_config.o
 .debug_macro   0x00000d9a       0x51 ./Application/User/Core/lfs_config.o
 .debug_macro   0x00000deb      0x103 ./Application/User/Core/lfs_config.o
 .debug_macro   0x00000eee       0x6a ./Application/User/Core/lfs_config.o
 .debug_macro   0x00000f58      0x1df ./Application/User/Core/lfs_config.o
 .debug_macro   0x00001137       0x22 ./Application/User/Core/lfs_config.o
 .debug_macro   0x00001159       0x61 ./Application/User/Core/lfs_config.o
 .debug_macro   0x000011ba       0x2a ./Application/User/Core/lfs_config.o
 .debug_macro   0x000011e4       0x43 ./Application/User/Core/lfs_config.o
 .debug_macro   0x00001227       0x34 ./Application/User/Core/lfs_config.o
 .debug_macro   0x0000125b      0x190 ./Application/User/Core/lfs_config.o
 .debug_macro   0x000013eb      0x370 ./Application/User/Core/lfs_config.o
 .debug_macro   0x0000175b       0x16 ./Application/User/Core/lfs_config.o
 .debug_macro   0x00001771       0x4a ./Application/User/Core/lfs_config.o
 .debug_macro   0x000017bb       0x34 ./Application/User/Core/lfs_config.o
 .debug_macro   0x000017ef       0x10 ./Application/User/Core/lfs_config.o
 .debug_macro   0x000017ff       0x58 ./Application/User/Core/lfs_config.o
 .debug_macro   0x00001857       0x8e ./Application/User/Core/lfs_config.o
 .debug_macro   0x000018e5       0x1c ./Application/User/Core/lfs_config.o
 .debug_macro   0x00001901      0x185 ./Application/User/Core/lfs_config.o
 .debug_macro   0x00001a86       0x10 ./Application/User/Core/lfs_config.o
 .debug_macro   0x00001a96       0x3c ./Application/User/Core/lfs_config.o
 .debug_macro   0x00001ad2       0x20 ./Application/User/Core/lfs_config.o
 .debug_macro   0x00001af2       0x10 ./Application/User/Core/lfs_config.o
 .debug_macro   0x00001b02      0x460 ./Application/User/Core/lfs_config.o