Archive member included to satisfy reference by file (symbol)

C:/ST/STM32CubeIDE_1.13.2/STM32CubeIDE/plugins/com.st.stm32cube.ide.mcu.externaltools.gnu-tools-for-stm32.13.3.rel1.win32_1.0.0.202411081344/tools/bin/../lib/gcc/arm-none-eabi/13.3.1/../../../../arm-none-eabi/lib/thumb/v8-m.main+fp/hard\libc_nano.a(libc_a-assert.o)
                              ./Application/littlefs/lfs.o (__assert_func)
C:/ST/STM32CubeIDE_1.13.2/STM32CubeIDE/plugins/com.st.stm32cube.ide.mcu.externaltools.gnu-tools-for-stm32.13.3.rel1.win32_1.0.0.202411081344/tools/bin/../lib/gcc/arm-none-eabi/13.3.1/../../../../arm-none-eabi/lib/thumb/v8-m.main+fp/hard\libc_nano.a(libc_a-exit.o)
                              C:/ST/STM32CubeIDE_1.13.2/STM32CubeIDE/plugins/com.st.stm32cube.ide.mcu.externaltools.gnu-tools-for-stm32.13.3.rel1.win32_1.0.0.202411081344/tools/bin/../lib/gcc/arm-none-eabi/13.3.1/../../../../arm-none-eabi/lib/thumb/v8-m.main+fp/hard/crt0.o (exit)
C:/ST/STM32CubeIDE_1.13.2/STM32CubeIDE/plugins/com.st.stm32cube.ide.mcu.externaltools.gnu-tools-for-stm32.13.3.rel1.win32_1.0.0.202411081344/tools/bin/../lib/gcc/arm-none-eabi/13.3.1/../../../../arm-none-eabi/lib/thumb/v8-m.main+fp/hard\libc_nano.a(libc_a-malloc.o)
                              ./Application/littlefs/lfs.o (malloc)
C:/ST/STM32CubeIDE_1.13.2/STM32CubeIDE/plugins/com.st.stm32cube.ide.mcu.externaltools.gnu-tools-for-stm32.13.3.rel1.win32_1.0.0.202411081344/tools/bin/../lib/gcc/arm-none-eabi/13.3.1/../../../../arm-none-eabi/lib/thumb/v8-m.main+fp/hard\libc_nano.a(libc_a-mallocr.o)
                              C:/ST/STM32CubeIDE_1.13.2/STM32CubeIDE/plugins/com.st.stm32cube.ide.mcu.externaltools.gnu-tools-for-stm32.13.3.rel1.win32_1.0.0.202411081344/tools/bin/../lib/gcc/arm-none-eabi/13.3.1/../../../../arm-none-eabi/lib/thumb/v8-m.main+fp/hard\libc_nano.a(libc_a-malloc.o) (_malloc_r)
C:/ST/STM32CubeIDE_1.13.2/STM32CubeIDE/plugins/com.st.stm32cube.ide.mcu.externaltools.gnu-tools-for-stm32.13.3.rel1.win32_1.0.0.202411081344/tools/bin/../lib/gcc/arm-none-eabi/13.3.1/../../../../arm-none-eabi/lib/thumb/v8-m.main+fp/hard\libc_nano.a(libc_a-mlock.o)
                              C:/ST/STM32CubeIDE_1.13.2/STM32CubeIDE/plugins/com.st.stm32cube.ide.mcu.externaltools.gnu-tools-for-stm32.13.3.rel1.win32_1.0.0.202411081344/tools/bin/../lib/gcc/arm-none-eabi/13.3.1/../../../../arm-none-eabi/lib/thumb/v8-m.main+fp/hard\libc_nano.a(libc_a-mallocr.o) (__malloc_lock)
C:/ST/STM32CubeIDE_1.13.2/STM32CubeIDE/plugins/com.st.stm32cube.ide.mcu.externaltools.gnu-tools-for-stm32.13.3.rel1.win32_1.0.0.202411081344/tools/bin/../lib/gcc/arm-none-eabi/13.3.1/../../../../arm-none-eabi/lib/thumb/v8-m.main+fp/hard\libc_nano.a(libc_a-findfp.o)
                              C:/ST/STM32CubeIDE_1.13.2/STM32CubeIDE/plugins/com.st.stm32cube.ide.mcu.externaltools.gnu-tools-for-stm32.13.3.rel1.win32_1.0.0.202411081344/tools/bin/../lib/gcc/arm-none-eabi/13.3.1/../../../../arm-none-eabi/lib/thumb/v8-m.main+fp/hard\libc_nano.a(libc_a-exit.o) (__stdio_exit_handler)
C:/ST/STM32CubeIDE_1.13.2/STM32CubeIDE/plugins/com.st.stm32cube.ide.mcu.externaltools.gnu-tools-for-stm32.13.3.rel1.win32_1.0.0.202411081344/tools/bin/../lib/gcc/arm-none-eabi/13.3.1/../../../../arm-none-eabi/lib/thumb/v8-m.main+fp/hard\libc_nano.a(libc_a-fprintf.o)
                              C:/ST/STM32CubeIDE_1.13.2/STM32CubeIDE/plugins/com.st.stm32cube.ide.mcu.externaltools.gnu-tools-for-stm32.13.3.rel1.win32_1.0.0.202411081344/tools/bin/../lib/gcc/arm-none-eabi/13.3.1/../../../../arm-none-eabi/lib/thumb/v8-m.main+fp/hard\libc_nano.a(libc_a-assert.o) (fiprintf)
C:/ST/STM32CubeIDE_1.13.2/STM32CubeIDE/plugins/com.st.stm32cube.ide.mcu.externaltools.gnu-tools-for-stm32.13.3.rel1.win32_1.0.0.202411081344/tools/bin/../lib/gcc/arm-none-eabi/13.3.1/../../../../arm-none-eabi/lib/thumb/v8-m.main+fp/hard\libc_nano.a(libc_a-fwalk.o)
                              C:/ST/STM32CubeIDE_1.13.2/STM32CubeIDE/plugins/com.st.stm32cube.ide.mcu.externaltools.gnu-tools-for-stm32.13.3.rel1.win32_1.0.0.202411081344/tools/bin/../lib/gcc/arm-none-eabi/13.3.1/../../../../arm-none-eabi/lib/thumb/v8-m.main+fp/hard\libc_nano.a(libc_a-findfp.o) (_fwalk_sglue)
C:/ST/STM32CubeIDE_1.13.2/STM32CubeIDE/plugins/com.st.stm32cube.ide.mcu.externaltools.gnu-tools-for-stm32.13.3.rel1.win32_1.0.0.202411081344/tools/bin/../lib/gcc/arm-none-eabi/13.3.1/../../../../arm-none-eabi/lib/thumb/v8-m.main+fp/hard\libc_nano.a(libc_a-printf.o)
                              ./Application/littlefs/lfs.o (printf)
C:/ST/STM32CubeIDE_1.13.2/STM32CubeIDE/plugins/com.st.stm32cube.ide.mcu.externaltools.gnu-tools-for-stm32.13.3.rel1.win32_1.0.0.202411081344/tools/bin/../lib/gcc/arm-none-eabi/13.3.1/../../../../arm-none-eabi/lib/thumb/v8-m.main+fp/hard\libc_nano.a(libc_a-stdio.o)
[...]
Memory Configuration

Name             Origin             Length             Attributes
RAM              0x20000000         0x000a0000         xrw
FLASH            0x08000000         0x00200000         xr
SRAM3            0x30040000         0x00050000         xrw
*default*        0x00000000         0xffffffff

Linker script and memory map

LOAD C:/ST/STM32CubeIDE_1.13.2/STM32CubeIDE/plugins/com.st.stm32cube.ide.mcu.externaltools.gnu-tools-for-stm32.13.3.rel1.win32_1.0.0.202411081344/tools/bin/../lib/gcc/arm-none-eabi/13.3.1/thumb/v8-m.main+fp/hard/crti.o
LOAD C:/ST/STM32CubeIDE_1.13.2/STM32CubeIDE/plugins/com.st.stm32cube.ide.mcu.externaltools.gnu-tools-for-stm32.13.3.rel1.win32_1.0.0.202411081344/tools/bin/../lib/gcc/arm-none-eabi/13.3.1/thumb/v8-m.main+fp/hard/crtbegin.o
LOAD C:/ST/STM32CubeIDE_1.13.2/STM32CubeIDE/plugins/com.st.stm32cube.ide.mcu.externaltools.gnu-tools-for-stm32.13.3.rel1.win32_1.0.0.202411081344/tools/bin/../lib/gcc/arm-none-eabi/13.3.1/../../../../arm-none-eabi/lib/thumb/v8-m.main+fp/hard/crt0.o
LOAD ./Application/User/Core/lfs_config.o
LOAD ./Application/User/Core/littlefs_port.o
LOAD ./Application/User/Core/main.o
LOAD ./Application/User/Core/stm32h5xx_hal_msp.o
LOAD ./Application/User/Core/stm32h5xx_hal_uart.o
LOAD ./Application/User/Core/stm32h5xx_it.o
LOAD ./Application/User/Core/syscalls.o
LOAD ./Application/User/Core/sysmem.o
LOAD ./Application/User/Core/usart.o
LOAD ./Application/User/Startup/startup_stm32h573iikxq.o
LOAD ./Application/littlefs/lfs.o
LOAD ./Application/littlefs/lfs_util.o
LOAD ./Drivers/CMSIS/system_stm32h5xx.o
LOAD ./Drivers/STM32H5xx_HAL_Driver/stm32h5xx_hal.o
LOAD ./Drivers/STM32H5xx_HAL_Driver/stm32h5xx_hal_cortex.o
LOAD ./Drivers/STM32H5xx_HAL_Driver/stm32h5xx_hal_dma.o
LOAD ./Drivers/STM32H5xx_HAL_Driver/stm32h5xx_hal_dma_ex.o
LOAD ./Drivers/STM32H5xx_HAL_Driver/stm32h5xx_hal_exti.o
LOAD ./Drivers/STM32H5xx_HAL_Driver/stm32h5xx_hal_flash.o
LOAD ./Drivers/STM32H5xx_HAL_Driver/stm32h5xx_hal_flash_ex.o
LOAD ./Drivers/STM32H5xx_HAL_Driver/stm32h5xx_hal_gpio.o
LOAD ./Drivers/STM32H5xx_HAL_Driver/stm32h5xx_hal_icache.o
LOAD ./Drivers/STM32H5xx_HAL_Driver/stm32h5xx_hal_pwr.o
LOAD ./Drivers/STM32H5xx_HAL_Driver/stm32h5xx_hal_pwr_ex.o
LOAD ./Drivers/STM32H5xx_HAL_Driver/stm32h5xx_hal_rcc.o
LOAD ./Drivers/STM32H5xx_HAL_Driver/stm32h5xx_hal_rcc_ex.o
LOAD ./Drivers/STM32H5xx_HAL_Driver/stm32h5xx_hal_uart_ex.o
START GROUP
LOAD C:/ST/STM32CubeIDE_1.13.2/STM32CubeIDE/plugins/com.st.stm32cube.ide.mcu.externaltools.gnu-tools-for-stm32.13.3.rel1.win32_1.0.0.202411081344/tools/bin/../lib/gcc/arm-none-eabi/13.3.1/../../../../arm-none-eabi/lib/thumb/v8-m.main+fp/hard\libc_nano.a
LOAD C:/ST/STM32CubeIDE_1.13.2/STM32CubeIDE/plugins/com.st.stm32cube.ide.mcu.externaltools.gnu-tools-for-stm32.13.3.rel1.win32_1.0.0.202411081344/tools/bin/../lib/gcc/arm-none-eabi/13.3.1/../../../../arm-none-eabi/lib/thumb/v8-m.main+fp/hard\libm.a
END GROUP
START GROUP
LOAD C:/ST/STM32CubeIDE_1.13.2/STM32CubeIDE/plugins/com.st.stm32cube.ide.mcu.externaltools.gnu-tools-for-stm32.13.3.rel1.win32_1.0.0.202411081344/tools/bin/../lib/gcc/arm-none-eabi/13.3.1/thumb/v8-m.main+fp/hard\libgcc.a
LOAD C:/ST/STM32CubeIDE_1.13.2/STM32CubeIDE/plugins/com.st.stm32cube.ide.mcu.externaltools.gnu-tools-for-stm32.13.3.rel1.win32_1.0.0.202411081344/tools/bin/../lib/gcc/arm-none-eabi/13.3.1/../../../../arm-none-eabi/lib/thumb/v8-m.main+fp/hard\libc_nano.a
END GROUP
START GROUP
LOAD C:/ST/STM32CubeIDE_1.13.2/STM32CubeIDE/plugins/com.st.stm32cube.ide.mcu.externaltools.gnu-tools-for-stm32.13.3.rel1.win32_1.0.0.202411081344/tools/bin/../lib/gcc/arm-none-eabi/13.3.1/thumb/v8-m.main+fp/hard\libgcc.a
LOAD C:/ST/STM32CubeIDE_1.13.2/STM32CubeIDE/plugins/com.st.stm32cube.ide.mcu.externaltools.gnu-tools-for-stm32.13.3.rel1.win32_1.0.0.202411081344/tools/bin/../lib/gcc/arm-none-eabi/13.3.1/../../../../arm-none-eabi/lib/thumb/v8-m.main+fp/hard\libc_nano.a
LOAD C:/ST/STM32CubeIDE_1.13.2/STM32CubeIDE/plugins/com.st.stm32cube.ide.mcu.externaltools.gnu-tools-for-stm32.13.3.rel1.win32_1.0.0.202411081344/tools/bin/../lib/gcc/arm-none-eabi/13.3.1/../../../../arm-none-eabi/lib/thumb/v8-m.main+fp/hard\libnosys.a
END GROUP
START GROUP
LOAD C:/ST/STM32CubeIDE_1.13.2/STM32CubeIDE/plugins/com.st.stm32cube.ide.mcu.externaltools.gnu-tools-for-stm32.13.3.rel1.win32_1.0.0.202411081344/tools/bin/../lib/gcc/arm-none-eabi/13.3.1/thumb/v8-m.main+fp/hard\libgcc.a
LOAD C:/ST/STM32CubeIDE_1.13.2/STM32CubeIDE/plugins/com.st.stm32cube.ide.mcu.externaltools.gnu-tools-for-stm32.13.3.rel1.win32_1.0.0.202411081344/tools/bin/../lib/gcc/arm-none-eabi/13.3.1/../../../../arm-none-eabi/lib/thumb/v8-m.main+fp/hard\libc_nano.a
LOAD C:/ST/STM32CubeIDE_1.13.2/STM32CubeIDE/plugins/com.st.stm32cube.ide.mcu.externaltools.gnu-tools-for-stm32.13.3.rel1.win32_1.0.0.202411081344/tools/bin/../lib/gcc/arm-none-eabi/13.3.1/../../../../arm-none-eabi/lib/thumb/v8-m.main+fp/hard\libnosys.a
END GROUP
LOAD C:/ST/STM32CubeIDE_1.13.2/STM32CubeIDE/plugins/com.st.stm32cube.ide.mcu.externaltools.gnu-tools-for-stm32.13.3.rel1.win32_1.0.0.202411081344/tools/bin/../lib/gcc/arm-none-eabi/13.3.1/thumb/v8-m.main+fp/hard/crtend.o
LOAD C:/ST/STM32CubeIDE_1.13.2/STM32CubeIDE/plugins/com.st.stm32cube.ide.mcu.externaltools.gnu-tools-for-stm32.13.3.rel1.win32_1.0.0.202411081344/tools/bin/../lib/gcc/arm-none-eabi/13.3.1/thumb/v8-m.main+fp/hard/crtn.o
                0x200a0000                        _estack = (ORIGIN (RAM) + LENGTH (RAM))
                0x00000200                        _Min_Heap_Size = 0x200
                0x00000400                        _Min_Stack_Size = 0x400

.isr_vector     0x08000000      0x24c
                0x08000000                        . = ALIGN (0x4)
 *(.isr_vector)
 .isr_vector    0x08000000      0x24c ./Application/User/Startup/startup_stm32h573iikxq.o
                0x08000000                g_pfnVectors
                0x0800024c                        . = ALIGN (0x4)

.text           0x0800024c    0x10118
                0x0800024c                        . = ALIGN (0x4)
 *(.text)
 .text          0x0800024c       0x40 C:/ST/STM32CubeIDE_1.13.2/STM32CubeIDE/plugins/com.st.stm32cube.ide.mcu.externaltools.gnu-tools-for-stm32.13.3.rel1.win32_1.0.0.202411081344/tools/bin/../lib/gcc/arm-none-eabi/13.3.1/thumb/v8-m.main+fp/hard/crtbegin.o
 .text          0x0800028c       0x10 C:/ST/STM32CubeIDE_1.13.2/STM32CubeIDE/plugins/com.st.stm32cube.ide.mcu.externaltools.gnu-tools-for-stm32.13.3.rel1.win32_1.0.0.202411081344/tools/bin/../lib/gcc/arm-none-eabi/13.3.1/../../../../arm-none-eabi/lib/thumb/v8-m.main+fp/hard\libc_nano.a(libc_a-strlen.o)
                0x0800028c                strlen
 .text          0x0800029c       0x30 C:/ST/STM32CubeIDE_1.13.2/STM32CubeIDE/plugins/com.st.stm32cube.ide.mcu.externaltools.gnu-tools-for-stm32.13.3.rel1.win32_1.0.0.202411081344/tools/bin/../lib/gcc/arm-none-eabi/13.3.1/thumb/v8-m.main+fp/hard\libgcc.a(_aeabi_uldivmod.o)
                0x0800029c                __aeabi_uldivmod
 .text          0x080002cc       0x28 C:/ST/STM32CubeIDE_1.13.2/STM32CubeIDE/plugins/com.st.stm32cube.ide.mcu.externaltools.gnu-tools-for-stm32.13.3.rel1.win32_1.0.0.202411081344/tools/bin/../lib/gcc/arm-none-eabi/13.3.1/thumb/v8-m.main+fp/hard\libgcc.a(_popcountsi2.o)
                0x080002cc                __popcountsi2
 .text          0x080002f4      0x348 C:/ST/STM32CubeIDE_1.13.2/STM32CubeIDE/plugins/com.st.stm32cube.ide.mcu.externaltools.gnu-tools-for-stm32.13.3.rel1.win32_1.0.0.202411081344/tools/bin/../lib/gcc/arm-none-eabi/13.3.1/thumb/v8-m.main+fp/hard\libgcc.a(_udivmoddi4.o)
                0x080002f4                __udivmoddi4
 .text          0x0800063c        0x4 C:/ST/STM32CubeIDE_1.13.2/STM32CubeIDE/plugins/com.st.stm32cube.ide.mcu.externaltools.gnu-tools-for-stm32.13.3.rel1.win32_1.0.0.202411081344/tools/bin/../lib/gcc/arm-none-eabi/13.3.1/thumb/v8-m.main+fp/hard\libgcc.a(_dvmd_tls.o)
                0x0800063c                __aeabi_idiv0
                0x0800063c                __aeabi_ldiv0
 *(.text*)
 .text.user_provided_block_device_read
                0x08000640       0x3c ./Application/User/Core/lfs_config.o
                0x08000640                user_provided_block_device_read
 .text.user_provided_block_device_prog
                0x0800067c       0x3c ./Application/User/Core/lfs_config.o
                0x0800067c                user_provided_block_device_prog
 .text.user_provided_block_device_erase
                0x080006b8       0x34 ./Application/User/Core/lfs_config.o
                0x080006b8                user_provided_block_device_erase
 .text.user_provided_block_device_sync
                0x080006ec       0x16 ./Application/User/Core/lfs_config.o
                0x080006ec                user_provided_block_device_sync
 *fill*         0x08000702        0x2 
 .text.main     0x08000704      0x3e4 ./Application/User/Core/main.o
                0x08000704                main
 .text.SystemClock_Config
                0x08000ae8       0xe4 ./Application/User/Core/main.o
                0x08000ae8                SystemClock_Config
 .text.MX_ICACHE_Init
                0x08000bcc       0x16 ./Application/User/Core/main.o
                0x08000bcc                MX_ICACHE_Init
 *fill*         0x08000be2        0x2 
 .text.MX_GPIO_Init
                0x08000be4       0x8c ./Application/User/Core/main.o
                0x08000be4                MX_GPIO_Init
 .text.Error_Handler
                0x08000c70        0xc ./Application/User/Core/main.o
                0x08000c70                Error_Handler
 .text.HAL_MspInit
                0x08000c7c        0xe ./Application/User/Core/stm32h5xx_hal_msp.o
                0x08000c7c                HAL_MspInit
 .text.HAL_UART_Init
                0x08000c8a       0xa0 ./Application/User/Core/stm32h5xx_hal_uart.o
                0x08000c8a                HAL_UART_Init
 .text.HAL_UART_Transmit
                0x08000d2a      0x13c ./Application/User/Core/stm32h5xx_hal_uart.o
                0x08000d2a                HAL_UART_Transmit
 *fill*         0x08000e66        0x2 
 .text.UART_SetConfig
                0x08000e68      0x3dc ./Application/User/Core/stm32h5xx_hal_uart.o
                0x08000e68                UART_SetConfig
 .text.UART_AdvFeatureConfig
                0x08001244      0x144 ./Application/User/Core/stm32h5xx_hal_uart.o
                0x08001244                UART_AdvFeatureConfig
 .text.UART_CheckIdleState
                0x08001388      0x154 ./Application/User/Core/stm32h5xx_hal_uart.o
                0x08001388                UART_CheckIdleState
 .text.UART_WaitOnFlagUntilTimeout
                0x080014dc       0xda ./Application/User/Core/stm32h5xx_hal_uart.o
                0x080014dc                UART_WaitOnFlagUntilTimeout
 .text.UART_EndRxTransfer
                0x080015b6       0xcc ./Application/User/Core/stm32h5xx_hal_uart.o
 .text.NMI_Handler
                0x08001682        0x8 ./Application/User/Core/stm32h5xx_it.o
                0x08001682                NMI_Handler
 .text.HardFault_Handler
                0x0800168a        0x8 ./Application/User/Core/stm32h5xx_it.o
                0x0800168a                HardFault_Handler
 .text.MemManage_Handler
                0x08001692        0x8 ./Application/User/Core/stm32h5xx_it.o
                0x08001692                MemManage_Handler
 .text.BusFault_Handler
                0x0800169a        0x8 ./Application/User/Core/stm32h5xx_it.o
                0x0800169a                BusFault_Handler
 .text.UsageFault_Handler
                0x080016a2        0x8 ./Application/User/Core/stm32h5xx_it.o
                0x080016a2                UsageFault_Handler
 .text.SVC_Handler
                0x080016aa        0xe ./Application/User/Core/stm32h5xx_it.o
                0x080016aa                SVC_Handler
 .text.DebugMon_Handler
                0x080016b8        0xe ./Application/User/Core/stm32h5xx_it.o
                0x080016b8                DebugMon_Handler
 .text.PendSV_Handler
                0x080016c6        0xe ./Application/User/Core/stm32h5xx_it.o
                0x080016c6                PendSV_Handler
 .text.SysTick_Handler
                0x080016d4        0xc ./Application/User/Core/stm32h5xx_it.o
                0x080016d4                SysTick_Handler
 .text._getpid  0x080016e0       0x10 ./Application/User/Core/syscalls.o
                0x080016e0                _getpid
 .text._kill    0x080016f0       0x20 ./Application/User/Core/syscalls.o
                0x080016f0                _kill
 .text._exit    0x08001710       0x16 ./Application/User/Core/syscalls.o
                0x08001710                _exit
 .text._read    0x08001726       0x3a ./Application/User/Core/syscalls.o
                0x08001726                _read
 .text._write   0x08001760       0x38 ./Application/User/Core/syscalls.o
                0x08001760                _write
 .text._close   0x08001798       0x18 ./Application/User/Core/syscalls.o
                0x08001798                _close
 .text._fstat   0x080017b0       0x20 ./Application/User/Core/syscalls.o
                0x080017b0                _fstat
 .text._isatty  0x080017d0       0x16 ./Application/User/Core/syscalls.o
                0x080017d0                _isatty
 .text._lseek   0x080017e6       0x1a ./Application/User/Core/syscalls.o
                0x080017e6                _lseek
 .text._sbrk    0x08001800       0x6c ./Application/User/Core/sysmem.o
                0x08001800                _sbrk
 .text.MX_USART1_UART_Init
                0x0800186c       0x98 ./Application/User/Core/usart.o
                0x0800186c                MX_USART1_UART_Init
 .text.HAL_UART_MspInit
                0x08001904      0x11c ./Application/User/Core/usart.o
                0x08001904                HAL_UART_MspInit
 .text.Reset_Handler
                0x08001a20       0x50 ./Application/User/Startup/startup_stm32h573iikxq.o
                0x08001a20                Reset_Handler
 .text.Default_Handler
                0x08001a70        0x2 ./Application/User/Startup/startup_stm32h573iikxq.o
                0x08001a70                EXTI2_IRQHandler
                0x08001a70                TIM8_TRG_COM_IRQHandler
                0x08001a70                TIM8_CC_IRQHandler
                0x08001a70                EXTI5_IRQHandler
                0x08001a70                I3C1_ER_IRQHandler
                0x08001a70                UART8_IRQHandler
                0x08001a70                SPI4_IRQHandler
                0x08001a70                GPDMA2_Channel1_IRQHandler
                0x08001a70                FLASH_S_IRQHandler
                0x08001a70                EXTI13_IRQHandler
                0x08001a70                TIM1_CC_IRQHandler
                0x08001a70                GPDMA2_Channel3_IRQHandler
                0x08001a70                TAMP_IRQHandler
                0x08001a70                TIM6_IRQHandler
                0x08001a70                EXTI12_IRQHandler
                0x08001a70                CORDIC_IRQHandler
                0x08001a70                USB_DRD_FS_IRQHandler
                0x08001a70                EXTI3_IRQHandler
                0x08001a70                LPTIM4_IRQHandler
                0x08001a70                GPDMA1_Channel5_IRQHandler
                0x08001a70                EXTI8_IRQHandler
                0x08001a70                GPDMA2_Channel5_IRQHandler
                0x08001a70                LPTIM2_IRQHandler
                0x08001a70                I2C3_ER_IRQHandler
                0x08001a70                GPDMA2_Channel2_IRQHandler
                0x08001a70                USART10_IRQHandler
                0x08001a70                LPTIM3_IRQHandler
                0x08001a70                EXTI0_IRQHandler
                0x08001a70                I2C2_EV_IRQHandler
                0x08001a70                FPU_IRQHandler
                0x08001a70                GPDMA1_Channel3_IRQHandler
                0x08001a70                GPDMA1_Channel7_IRQHandler
                0x08001a70                FDCAN1_IT1_IRQHandler
                0x08001a70                RAMCFG_IRQHandler
                0x08001a70                DCACHE1_IRQHandler
                0x08001a70                SPI1_IRQHandler
                0x08001a70                OCTOSPI1_IRQHandler
                0x08001a70                GPDMA1_Channel2_IRQHandler
                0x08001a70                TIM8_UP_IRQHandler
                0x08001a70                RCC_S_IRQHandler
                0x08001a70                SAI2_IRQHandler
                0x08001a70                ADC1_IRQHandler
                0x08001a70                PKA_IRQHandler
                0x08001a70                USART6_IRQHandler
                0x08001a70                EXTI15_IRQHandler
                0x08001a70                TIM17_IRQHandler
                0x08001a70                USART3_IRQHandler
                0x08001a70                RTC_IRQHandler
                0x08001a70                EXTI9_IRQHandler
                0x08001a70                LPTIM5_IRQHandler
                0x08001a70                UART5_IRQHandler
                0x08001a70                TIM4_IRQHandler
                0x08001a70                I2C1_EV_IRQHandler
                0x08001a70                GPDMA1_Channel1_IRQHandler
                0x08001a70                TIM16_IRQHandler
                0x08001a70                UART4_IRQHandler
                0x08001a70                SecureFault_Handler
                0x08001a70                TIM3_IRQHandler
                0x08001a70                RCC_IRQHandler
                0x08001a70                UART9_IRQHandler
                0x08001a70                TIM1_TRG_COM_IRQHandler
                0x08001a70                Default_Handler
                0x08001a70                FMAC_IRQHandler
                0x08001a70                CEC_IRQHandler
                0x08001a70                USART11_IRQHandler
                0x08001a70                TIM14_IRQHandler
                0x08001a70                TIM13_IRQHandler
                0x08001a70                OTFDEC1_IRQHandler
                0x08001a70                GPDMA2_Channel4_IRQHandler
                0x08001a70                SPI5_IRQHandler
                0x08001a70                TIM12_IRQHandler
                0x08001a70                TIM7_IRQHandler
                0x08001a70                SDMMC1_IRQHandler
                0x08001a70                SAES_IRQHandler
                0x08001a70                TIM5_IRQHandler
                0x08001a70                UCPD1_IRQHandler
                0x08001a70                GPDMA1_Channel0_IRQHandler
                0x08001a70                I3C1_EV_IRQHandler
                0x08001a70                TIM15_IRQHandler
                0x08001a70                PVD_AVD_IRQHandler
                0x08001a70                I2C3_EV_IRQHandler
                0x08001a70                ETH_WKUP_IRQHandler
                0x08001a70                ADC2_IRQHandler
                0x08001a70                SPI2_IRQHandler
                0x08001a70                EXTI14_IRQHandler
                0x08001a70                EXTI11_IRQHandler
                0x08001a70                CRS_IRQHandler
                0x08001a70                EXTI4_IRQHandler
                0x08001a70                GPDMA2_Channel0_IRQHandler
                0x08001a70                RTC_S_IRQHandler
                0x08001a70                RNG_IRQHandler
                0x08001a70                FDCAN2_IT1_IRQHandler
                0x08001a70                ETH_IRQHandler
                0x08001a70                GPDMA2_Channel6_IRQHandler
                0x08001a70                TIM1_UP_IRQHandler
                0x08001a70                UART12_IRQHandler
                0x08001a70                WWDG_IRQHandler
                0x08001a70                SPI6_IRQHandler
                0x08001a70                I2C4_EV_IRQHandler
                0x08001a70                FDCAN2_IT0_IRQHandler
                0x08001a70                IWDG_IRQHandler
                0x08001a70                LPUART1_IRQHandler
                0x08001a70                FDCAN1_IT0_IRQHandler
                0x08001a70                TIM2_IRQHandler
                0x08001a70                GPDMA1_Channel4_IRQHandler
                0x08001a70                EXTI7_IRQHandler
                0x08001a70                TIM1_BRK_IRQHandler
                0x08001a70                EXTI1_IRQHandler
                0x08001a70                SDMMC2_IRQHandler
                0x08001a70                AES_IRQHandler
                0x08001a70                LPTIM6_IRQHandler
                0x08001a70                DAC1_IRQHandler
                0x08001a70                DTS_IRQHandler
                0x08001a70                UART7_IRQHandler
                0x08001a70                GTZC_IRQHandler
                0x08001a70                USART2_IRQHandler
                0x08001a70                GPDMA1_Channel6_IRQHandler
                0x08001a70                GPDMA2_Channel7_IRQHandler
                0x08001a70                I2C2_ER_IRQHandler
                0x08001a70                TIM8_BRK_IRQHandler
                0x08001a70                FLASH_IRQHandler
                0x08001a70                USART1_IRQHandler
                0x08001a70                EXTI10_IRQHandler
                0x08001a70                SPI3_IRQHandler
                0x08001a70                I2C1_ER_IRQHandler
                0x08001a70                FMC_IRQHandler
                0x08001a70                EXTI6_IRQHandler
                0x08001a70                LPTIM1_IRQHandler
                0x08001a70                DCMI_PSSI_IRQHandler
                0x08001a70                I2C4_ER_IRQHandler
                0x08001a70                ICACHE_IRQHandler
                0x08001a70                SAI1_IRQHandler
                0x08001a70                HASH_IRQHandler
 .text.lfs_max  0x08001a72       0x20 ./Application/littlefs/lfs.o
 .text.lfs_min  0x08001a92       0x20 ./Application/littlefs/lfs.o
 .text.lfs_aligndown
                0x08001ab2       0x2a ./Application/littlefs/lfs.o
 .text.lfs_alignup
                0x08001adc       0x24 ./Application/littlefs/lfs.o
 .text.lfs_npw2
                0x08001b00       0x20 ./Application/littlefs/lfs.o
 .text.lfs_ctz  0x08001b20       0x1e ./Application/littlefs/lfs.o
 .text.lfs_popc
                0x08001b3e       0x18 ./Application/littlefs/lfs.o
 .text.lfs_scmp
                0x08001b56       0x1c ./Application/littlefs/lfs.o
 .text.lfs_fromle32
                0x08001b72       0x16 ./Application/littlefs/lfs.o
 .text.lfs_tole32
                0x08001b88       0x18 ./Application/littlefs/lfs.o
 .text.lfs_frombe32
                0x08001ba0       0x18 ./Application/littlefs/lfs.o
 .text.lfs_tobe32
                0x08001bb8       0x18 ./Application/littlefs/lfs.o
 .text.lfs_malloc
                0x08001bd0       0x18 ./Application/littlefs/lfs.o
 .text.lfs_free
                0x08001be8       0x16 ./Application/littlefs/lfs.o
 .text.lfs_cache_drop
                0x08001bfe       0x1e ./Application/littlefs/lfs.o
 .text.lfs_cache_zero
                0x08001c1c       0x2c ./Application/littlefs/lfs.o
 .text.lfs_bd_read
                0x08001c48      0x298 ./Application/littlefs/lfs.o
 .text.lfs_bd_cmp
                0x08001ee0       0xa2 ./Application/littlefs/lfs.o
 .text.lfs_bd_crc
                0x08001f82       0x8c ./Application/littlefs/lfs.o
 *fill*         0x0800200e        0x2 
 .text.lfs_bd_flush
                0x08002010       0xf4 ./Application/littlefs/lfs.o
 .text.lfs_bd_sync
                0x08002104       0x68 ./Application/littlefs/lfs.o
 .text.lfs_bd_prog
                0x0800216c      0x15c ./Application/littlefs/lfs.o
 .text.lfs_bd_erase
                0x080022c8       0x64 ./Application/littlefs/lfs.o
 .text.lfs_path_namelen
                0x0800232c       0x20 ./Application/littlefs/lfs.o
 .text.lfs_path_islast
                0x0800234c       0x40 ./Application/littlefs/lfs.o
 .text.lfs_path_isdir
                0x0800238c       0x28 ./Application/littlefs/lfs.o
 .text.lfs_pair_swap
                0x080023b4       0x2a ./Application/littlefs/lfs.o
 .text.lfs_pair_isnull
                0x080023de       0x36 ./Application/littlefs/lfs.o
 .text.lfs_pair_cmp
                0x08002414       0x54 ./Application/littlefs/lfs.o
 .text.lfs_pair_issync
                0x08002468       0x5a ./Application/littlefs/lfs.o
 .text.lfs_pair_fromle32
                0x080024c2       0x34 ./Application/littlefs/lfs.o
 .text.lfs_pair_tole32
                0x080024f6       0x34 ./Application/littlefs/lfs.o
 .text.lfs_tag_isvalid
                0x0800252a       0x1c ./Application/littlefs/lfs.o
 .text.lfs_tag_isdelete
                0x08002546       0x26 ./Application/littlefs/lfs.o
 .text.lfs_tag_type1
                0x0800256c       0x20 ./Application/littlefs/lfs.o
 .text.lfs_tag_type2
                0x0800258c       0x20 ./Application/littlefs/lfs.o
 .text.lfs_tag_type3
                0x080025ac       0x20 ./Application/littlefs/lfs.o
 .text.lfs_tag_chunk
                0x080025cc       0x1a ./Application/littlefs/lfs.o
 .text.lfs_tag_splice
                0x080025e6       0x1a ./Application/littlefs/lfs.o
 .text.lfs_tag_id
                0x08002600       0x20 ./Application/littlefs/lfs.o
 .text.lfs_tag_size
                0x08002620       0x1a ./Application/littlefs/lfs.o
 .text.lfs_tag_dsize
                0x0800263a       0x28 ./Application/littlefs/lfs.o
 .text.lfs_gstate_xor
                0x08002662       0x40 ./Application/littlefs/lfs.o
 .text.lfs_gstate_iszero
                0x080026a2       0x38 ./Application/littlefs/lfs.o
 .text.lfs_gstate_hasorphans
                0x080026da       0x26 ./Application/littlefs/lfs.o
 .text.lfs_gstate_getorphans
                0x08002700       0x1e ./Application/littlefs/lfs.o
 .text.lfs_gstate_hasmove
                0x0800271e       0x26 ./Application/littlefs/lfs.o
 .text.lfs_gstate_needssuperblock
                0x08002744       0x28 ./Application/littlefs/lfs.o
 .text.lfs_gstate_hasmovehere
                0x0800276c       0x40 ./Application/littlefs/lfs.o
 .text.lfs_gstate_fromle32
                0x080027ac       0x40 ./Application/littlefs/lfs.o
 .text.lfs_gstate_tole32
                0x080027ec       0x40 ./Application/littlefs/lfs.o
 .text.lfs_fcrc_fromle32
                0x0800282c       0x30 ./Application/littlefs/lfs.o
 .text.lfs_fcrc_tole32
                0x0800285c       0x30 ./Application/littlefs/lfs.o
 .text.lfs_ctz_fromle32
                0x0800288c       0x30 ./Application/littlefs/lfs.o
 .text.lfs_ctz_tole32
                0x080028bc       0x30 ./Application/littlefs/lfs.o
 .text.lfs_superblock_fromle32
                0x080028ec       0x70 ./Application/littlefs/lfs.o
 .text.lfs_superblock_tole32
                0x0800295c       0x70 ./Application/littlefs/lfs.o
 .text.lfs_mlist_isopen
                0x080029cc       0x3a ./Application/littlefs/lfs.o
 .text.lfs_mlist_remove
                0x08002a06       0x44 ./Application/littlefs/lfs.o
 .text.lfs_mlist_append
                0x08002a4a       0x24 ./Application/littlefs/lfs.o
 *fill*         0x08002a6e        0x2 
 .text.lfs_fs_disk_version
                0x08002a70       0x1c ./Application/littlefs/lfs.o
 .text.lfs_fs_disk_version_major
                0x08002a8c       0x1c ./Application/littlefs/lfs.o
 .text.lfs_fs_disk_version_minor
                0x08002aa8       0x1a ./Application/littlefs/lfs.o
 .text.lfs_alloc_ckpoint
                0x08002ac2       0x1c ./Application/littlefs/lfs.o
 .text.lfs_alloc_drop
                0x08002ade       0x22 ./Application/littlefs/lfs.o
 .text.lfs_alloc_lookahead
                0x08002b00       0x6a ./Application/littlefs/lfs.o
 *fill*         0x08002b6a        0x2 
 .text.lfs_alloc_scan
                0x08002b6c       0x84 ./Application/littlefs/lfs.o
 .text.lfs_alloc
                0x08002bf0      0x110 ./Application/littlefs/lfs.o
 .text.lfs_dir_getslice
                0x08002d00      0x1ec ./Application/littlefs/lfs.o
 .text.lfs_dir_get
                0x08002eec       0x36 ./Application/littlefs/lfs.o
 .text.lfs_dir_getread
                0x08002f22      0x1b6 ./Application/littlefs/lfs.o
 .text.lfs_dir_traverse_filter
                0x080030d8       0xb8 ./Application/littlefs/lfs.o
 .text.lfs_dir_traverse
                0x08003190      0x7c8 ./Application/littlefs/lfs.o
 .text.lfs_dir_fetchmatch
                0x08003958      0x7a0 ./Application/littlefs/lfs.o
 .text.lfs_dir_fetch
                0x080040f8       0x36 ./Application/littlefs/lfs.o
 *fill*         0x0800412e        0x2 
 .text.lfs_dir_getgstate
                0x08004130       0x64 ./Application/littlefs/lfs.o
 .text.lfs_dir_find_match
                0x08004194       0x92 ./Application/littlefs/lfs.o
 *fill*         0x08004226        0x2 
 .text.lfs_dir_find
                0x08004228      0x208 ./Application/littlefs/lfs.o
 .text.lfs_dir_commitprog
                0x08004430       0x6c ./Application/littlefs/lfs.o
 .text.lfs_dir_commitattr
                0x0800449c      0x100 ./Application/littlefs/lfs.o
 .text.lfs_dir_commitcrc
                0x0800459c      0x2e0 ./Application/littlefs/lfs.o
 .text.lfs_dir_alloc
                0x0800487c       0xf2 ./Application/littlefs/lfs.o
 .text.lfs_dir_split
                0x0800496e       0xa8 ./Application/littlefs/lfs.o
 .text.lfs_dir_commit_size
                0x08004a16       0x2c ./Application/littlefs/lfs.o
 .text.lfs_dir_commit_commit
                0x08004a42       0x2a ./Application/littlefs/lfs.o
 .text.lfs_dir_needsrelocation
                0x08004a6c       0x4c ./Application/littlefs/lfs.o
 .text.lfs_dir_compact
                0x08004ab8      0x3f0 ./Application/littlefs/lfs.o
 .text.lfs_dir_splittingcompact
                0x08004ea8      0x230 ./Application/littlefs/lfs.o
 .text.lfs_dir_relocatingcommit
                0x080050d8      0x58c ./Application/littlefs/lfs.o
 .text.lfs_dir_orphaningcommit
                0x08005664      0x5f4 ./Application/littlefs/lfs.o
 .text.lfs_dir_commit
                0x08005c58       0x4a ./Application/littlefs/lfs.o
 .text.lfs_ctz_index
                0x08005ca2       0x70 ./Application/littlefs/lfs.o
 .text.lfs_ctz_find
                0x08005d12       0xd6 ./Application/littlefs/lfs.o
 .text.lfs_ctz_extend
                0x08005de8      0x214 ./Application/littlefs/lfs.o
 .text.lfs_ctz_traverse
                0x08005ffc       0xf8 ./Application/littlefs/lfs.o
 .text.lfs_file_opencfg_
                0x080060f4      0x3c0 ./Application/littlefs/lfs.o
 .text.lfs_file_open_
                0x080064b4       0x30 ./Application/littlefs/lfs.o
 .text.lfs_file_close_
                0x080064e4       0x3a ./Application/littlefs/lfs.o
 *fill*         0x0800651e        0x2 
 .text.lfs_file_relocate
                0x08006520      0x1b4 ./Application/littlefs/lfs.o
 .text.lfs_file_outline
                0x080066d4       0x42 ./Application/littlefs/lfs.o
 *fill*         0x08006716        0x2 
 .text.lfs_file_flush
                0x08006718      0x1a8 ./Application/littlefs/lfs.o
 .text.lfs_file_sync_
                0x080068c0      0x140 ./Application/littlefs/lfs.o
 .text.lfs_file_flushedread
                0x08006a00      0x1a4 ./Application/littlefs/lfs.o
 .text.lfs_file_read_
                0x08006ba4       0x6c ./Application/littlefs/lfs.o
 .text.lfs_file_flushedwrite
                0x08006c10      0x21e ./Application/littlefs/lfs.o
 *fill*         0x08006e2e        0x2 
 .text.lfs_file_write_
                0x08006e30      0x108 ./Application/littlefs/lfs.o
 .text.lfs_init
                0x08006f38      0x5d4 ./Application/littlefs/lfs.o
 .text.lfs_deinit
                0x0800750c       0x4e ./Application/littlefs/lfs.o
 *fill*         0x0800755a        0x2 
 .text.lfs_format_
                0x0800755c      0x164 ./Application/littlefs/lfs.o
 .text.lfs_tortoise_detectcycles
                0x080076c0       0x80 ./Application/littlefs/lfs.o
 .text.lfs_mount_
                0x08007740      0x404 ./Application/littlefs/lfs.o
 .text.lfs_unmount_
                0x08007b44       0x18 ./Application/littlefs/lfs.o
 .text.lfs_fs_traverse_
                0x08007b5c      0x260 ./Application/littlefs/lfs.o
 .text.lfs_fs_pred
                0x08007dbc       0x9c ./Application/littlefs/lfs.o
 .text.lfs_fs_parent_match
                0x08007e58       0x84 ./Application/littlefs/lfs.o
 .text.lfs_fs_parent
                0x08007edc       0xbc ./Application/littlefs/lfs.o
 .text.lfs_fs_prepsuperblock
                0x08007f98       0x2a ./Application/littlefs/lfs.o
 *fill*         0x08007fc2        0x2 
 .text.lfs_fs_preporphans
                0x08007fc4       0xa0 ./Application/littlefs/lfs.o
 .text.lfs_fs_prepmove
                0x08008064       0x74 ./Application/littlefs/lfs.o
 .text.lfs_fs_desuperblock
                0x080080d8       0xd8 ./Application/littlefs/lfs.o
 .text.lfs_fs_demove
                0x080081b0       0xf8 ./Application/littlefs/lfs.o
 .text.lfs_fs_deorphan
                0x080082a8      0x360 ./Application/littlefs/lfs.o
 .text.lfs_fs_forceconsistency
                0x08008608       0x4a ./Application/littlefs/lfs.o
 .text.lfs_fs_size_count
                0x08008652       0x26 ./Application/littlefs/lfs.o
 .text.lfs_fs_size_
                0x08008678       0x34 ./Application/littlefs/lfs.o
 .text.lfs_format
                0x080086ac       0x2c ./Application/littlefs/lfs.o
                0x080086ac                lfs_format
 .text.lfs_mount
                0x080086d8       0x2c ./Application/littlefs/lfs.o
                0x080086d8                lfs_mount
 .text.lfs_file_open
                0x08008704       0x68 ./Application/littlefs/lfs.o
                0x08008704                lfs_file_open
 .text.lfs_file_close
                0x0800876c       0x58 ./Application/littlefs/lfs.o
                0x0800876c                lfs_file_close
 .text.lfs_file_read
                0x080087c4       0x60 ./Application/littlefs/lfs.o
                0x080087c4                lfs_file_read
 .text.lfs_file_write
                0x08008824       0x60 ./Application/littlefs/lfs.o
                0x08008824                lfs_file_write
 .text.lfs_crc  0x08008884       0x7c ./Application/littlefs/lfs_util.o
                0x08008884                lfs_crc
 .text.SystemInit
                0x08008900       0xf8 ./Drivers/CMSIS/system_stm32h5xx.o
                0x08008900                SystemInit
 .text.HAL_Init
                0x080089f8       0x50 ./Drivers/STM32H5xx_HAL_Driver/stm32h5xx_hal.o
                0x080089f8                HAL_Init
 .text.HAL_InitTick
                0x08008a48       0xec ./Drivers/STM32H5xx_HAL_Driver/stm32h5xx_hal.o
                0x08008a48                HAL_InitTick
 .text.HAL_IncTick
                0x08008b34       0x28 ./Drivers/STM32H5xx_HAL_Driver/stm32h5xx_hal.o
                0x08008b34                HAL_IncTick
 .text.HAL_GetTick
                0x08008b5c       0x18 ./Drivers/STM32H5xx_HAL_Driver/stm32h5xx_hal.o
                0x08008b5c                HAL_GetTick
 .text.HAL_Delay
                0x08008b74       0x48 ./Drivers/STM32H5xx_HAL_Driver/stm32h5xx_hal.o
                0x08008b74                HAL_Delay
 .text.__NVIC_SetPriorityGrouping
                0x08008bbc       0x48 ./Drivers/STM32H5xx_HAL_Driver/stm32h5xx_hal_cortex.o
 .text.__NVIC_GetPriorityGrouping
                0x08008c04       0x1c ./Drivers/STM32H5xx_HAL_Driver/stm32h5xx_hal_cortex.o
 .text.__NVIC_SetPriority
                0x08008c20       0x54 ./Drivers/STM32H5xx_HAL_Driver/stm32h5xx_hal_cortex.o
 .text.NVIC_EncodePriority
                0x08008c74       0x66 ./Drivers/STM32H5xx_HAL_Driver/stm32h5xx_hal_cortex.o
 .text.HAL_NVIC_SetPriorityGrouping
                0x08008cda       0x16 ./Drivers/STM32H5xx_HAL_Driver/stm32h5xx_hal_cortex.o
                0x08008cda                HAL_NVIC_SetPriorityGrouping
 .text.HAL_NVIC_SetPriority
                0x08008cf0       0x34 ./Drivers/STM32H5xx_HAL_Driver/stm32h5xx_hal_cortex.o
                0x08008cf0                HAL_NVIC_SetPriority
 .text.HAL_SYSTICK_Config
                0x08008d24       0x44 ./Drivers/STM32H5xx_HAL_Driver/stm32h5xx_hal_cortex.o
                0x08008d24                HAL_SYSTICK_Config
 .text.HAL_SYSTICK_CLKSourceConfig
                0x08008d68       0xb0 ./Drivers/STM32H5xx_HAL_Driver/stm32h5xx_hal_cortex.o
                0x08008d68                HAL_SYSTICK_CLKSourceConfig
 .text.HAL_SYSTICK_GetCLKSourceConfig
                0x08008e18       0x6c ./Drivers/STM32H5xx_HAL_Driver/stm32h5xx_hal_cortex.o
                0x08008e18                HAL_SYSTICK_GetCLKSourceConfig
 .text.HAL_GPIO_Init
                0x08008e84      0x2bc ./Drivers/STM32H5xx_HAL_Driver/stm32h5xx_hal_gpio.o
                0x08008e84                HAL_GPIO_Init
 .text.HAL_GPIO_WritePin
                0x08009140       0x30 ./Drivers/STM32H5xx_HAL_Driver/stm32h5xx_hal_gpio.o
                0x08009140                HAL_GPIO_WritePin
 .text.HAL_ICACHE_Enable
                0x08009170       0x20 ./Drivers/STM32H5xx_HAL_Driver/stm32h5xx_hal_icache.o
                0x08009170                HAL_ICACHE_Enable
 .text.HAL_RCC_OscConfig
                0x08009190      0x870 ./Drivers/STM32H5xx_HAL_Driver/stm32h5xx_hal_rcc.o
                0x08009190                HAL_RCC_OscConfig
 .text.HAL_RCC_ClockConfig
                0x08009a00      0x370 ./Drivers/STM32H5xx_HAL_Driver/stm32h5xx_hal_rcc.o
                0x08009a00                HAL_RCC_ClockConfig
 .text.HAL_RCC_GetSysClockFreq
                0x08009d70      0x258 ./Drivers/STM32H5xx_HAL_Driver/stm32h5xx_hal_rcc.o
                0x08009d70                HAL_RCC_GetSysClockFreq
 .text.HAL_RCC_GetHCLKFreq
                0x08009fc8       0x38 ./Drivers/STM32H5xx_HAL_Driver/stm32h5xx_hal_rcc.o
                0x08009fc8                HAL_RCC_GetHCLKFreq
 .text.HAL_RCC_GetPCLK1Freq
                0x0800a000       0x2c ./Drivers/STM32H5xx_HAL_Driver/stm32h5xx_hal_rcc.o
                0x0800a000                HAL_RCC_GetPCLK1Freq
 .text.HAL_RCC_GetPCLK2Freq
                0x0800a02c       0x2c ./Drivers/STM32H5xx_HAL_Driver/stm32h5xx_hal_rcc.o
                0x0800a02c                HAL_RCC_GetPCLK2Freq
 .text.HAL_RCC_GetPCLK3Freq
                0x0800a058       0x2c ./Drivers/STM32H5xx_HAL_Driver/stm32h5xx_hal_rcc.o
                0x0800a058                HAL_RCC_GetPCLK3Freq
 .text.HAL_RCCEx_PeriphCLKConfig
                0x0800a084     0x1f14 ./Drivers/STM32H5xx_HAL_Driver/stm32h5xx_hal_rcc_ex.o
                0x0800a084                HAL_RCCEx_PeriphCLKConfig
 .text.HAL_RCCEx_GetPLL1ClockFreq
                0x0800bf98      0x2d8 ./Drivers/STM32H5xx_HAL_Driver/stm32h5xx_hal_rcc_ex.o
                0x0800bf98                HAL_RCCEx_GetPLL1ClockFreq
 .text.HAL_RCCEx_GetPLL2ClockFreq
                0x0800c270      0x2d8 ./Drivers/STM32H5xx_HAL_Driver/stm32h5xx_hal_rcc_ex.o
                0x0800c270                HAL_RCCEx_GetPLL2ClockFreq
 .text.HAL_RCCEx_GetPLL3ClockFreq
                0x0800c548      0x2d8 ./Drivers/STM32H5xx_HAL_Driver/stm32h5xx_hal_rcc_ex.o
                0x0800c548                HAL_RCCEx_GetPLL3ClockFreq
 .text.HAL_RCCEx_GetPeriphCLKFreq
                0x0800c820     0x26b4 ./Drivers/STM32H5xx_HAL_Driver/stm32h5xx_hal_rcc_ex.o
                0x0800c820                HAL_RCCEx_GetPeriphCLKFreq
 .text.RCCEx_PLL2_Config
                0x0800eed4      0x130 ./Drivers/STM32H5xx_HAL_Driver/stm32h5xx_hal_rcc_ex.o
 .text.RCCEx_PLL3_Config
                0x0800f004      0x130 ./Drivers/STM32H5xx_HAL_Driver/stm32h5xx_hal_rcc_ex.o
 .text.HAL_UARTEx_DisableFifoMode
                0x0800f134       0x72 ./Drivers/STM32H5xx_HAL_Driver/stm32h5xx_hal_uart_ex.o
                0x0800f134                HAL_UARTEx_DisableFifoMode
 .text.HAL_UARTEx_SetTxFifoThreshold
                0x0800f1a6       0x7c ./Drivers/STM32H5xx_HAL_Driver/stm32h5xx_hal_uart_ex.o
                0x0800f1a6                HAL_UARTEx_SetTxFifoThreshold
 .text.HAL_UARTEx_SetRxFifoThreshold
                0x0800f222       0x7c ./Drivers/STM32H5xx_HAL_Driver/stm32h5xx_hal_uart_ex.o
                0x0800f222                HAL_UARTEx_SetRxFifoThreshold
 *fill*         0x0800f29e        0x2 
 .text.UARTEx_SetNbDataToProcess
                0x0800f2a0       0x9c ./Drivers/STM32H5xx_HAL_Driver/stm32h5xx_hal_uart_ex.o
 .text.__assert_func
                0x0800f33c       0x3c C:/ST/STM32CubeIDE_1.13.2/STM32CubeIDE/plugins/com.st.stm32cube.ide.mcu.externaltools.gnu-tools-for-stm32.13.3.rel1.win32_1.0.0.202411081344/tools/bin/../lib/gcc/arm-none-eabi/13.3.1/../../../../arm-none-eabi/lib/thumb/v8-m.main+fp/hard\libc_nano.a(libc_a-assert.o)
                0x0800f33c                __assert_func
 .text.malloc   0x0800f378       0x10 C:/ST/STM32CubeIDE_1.13.2/STM32CubeIDE/plugins/com.st.stm32cube.ide.mcu.externaltools.gnu-tools-for-stm32.13.3.rel1.win32_1.0.0.202411081344/tools/bin/../lib/gcc/arm-none-eabi/13.3.1/../../../../arm-none-eabi/lib/thumb/v8-m.main+fp/hard\libc_nano.a(libc_a-malloc.o)
                0x0800f378                malloc
 .text.free     0x0800f388       0x10 C:/ST/STM32CubeIDE_1.13.2/STM32CubeIDE/plugins/com.st.stm32cube.ide.mcu.externaltools.gnu-tools-for-stm32.13.3.rel1.win32_1.0.0.202411081344/tools/bin/../lib/gcc/arm-none-eabi/13.3.1/../../../../arm-none-eabi/lib/thumb/v8-m.main+fp/hard\libc_nano.a(libc_a-malloc.o)
                0x0800f388                free
 .text.sbrk_aligned
                0x0800f398       0x44 C:/ST/STM32CubeIDE_1.13.2/STM32CubeIDE/plugins/com.st.stm32cube.ide.mcu.externaltools.gnu-tools-for-stm32.13.3.rel1.win32_1.0.0.202411081344/tools/bin/../lib/gcc/arm-none-eabi/13.3.1/../../../../arm-none-eabi/lib/thumb/v8-m.main+fp/hard\libc_nano.a(libc_a-mallocr.o)
 .text._malloc_r
                0x0800f3dc      0x100 C:/ST/STM32CubeIDE_1.13.2/STM32CubeIDE/plugins/com.st.stm32cube.ide.mcu.externaltools.gnu-tools-for-stm32.13.3.rel1.win32_1.0.0.202411081344/tools/bin/../lib/gcc/arm-none-eabi/13.3.1/../../../../arm-none-eabi/lib/thumb/v8-m.main+fp/hard\libc_nano.a(libc_a-mallocr.o)
                0x0800f3dc                _malloc_r
 .text.__malloc_lock
                0x0800f4dc        0xc C:/ST/STM32CubeIDE_1.13.2/STM32CubeIDE/plugins/com.st.stm32cube.ide.mcu.externaltools.gnu-tools-for-stm32.13.3.rel1.win32_1.0.0.202411081344/tools/bin/../lib/gcc/arm-none-eabi/13.3.1/../../../../arm-none-eabi/lib/thumb/v8-m.main+fp/hard\libc_nano.a(libc_a-mlock.o)
                0x0800f4dc                __malloc_lock
 .text.__malloc_unlock
                0x0800f4e8        0xc C:/ST/STM32CubeIDE_1.13.2/STM32CubeIDE/plugins/com.st.stm32cube.ide.mcu.externaltools.gnu-tools-for-stm32.13.3.rel1.win32_1.0.0.202411081344/tools/bin/../lib/gcc/arm-none-eabi/13.3.1/../../../../arm-none-eabi/lib/thumb/v8-m.main+fp/hard\libc_nano.a(libc_a-mlock.o)
                0x0800f4e8                __malloc_unlock
 .text.std      0x0800f4f4       0x6c C:/ST/STM32CubeIDE_1.13.2/STM32CubeIDE/plugins/com.st.stm32cube.ide.mcu.externaltools.gnu-tools-for-stm32.13.3.rel1.win32_1.0.0.202411081344/tools/bin/../lib/gcc/arm-none-eabi/13.3.1/../../../../arm-none-eabi/lib/thumb/v8-m.main+fp/hard\libc_nano.a(libc_a-findfp.o)
 .text.stdio_exit_handler
                0x0800f560       0x18 C:/ST/STM32CubeIDE_1.13.2/STM32CubeIDE/plugins/com.st.stm32cube.ide.mcu.externaltools.gnu-tools-for-stm32.13.3.rel1.win32_1.0.0.202411081344/tools/bin/../lib/gcc/arm-none-eabi/13.3.1/../../../../arm-none-eabi/lib/thumb/v8-m.main+fp/hard\libc_nano.a(libc_a-findfp.o)
 .text.cleanup_stdio
                0x0800f578       0x40 C:/ST/STM32CubeIDE_1.13.2/STM32CubeIDE/plugins/com.st.stm32cube.ide.mcu.externaltools.gnu-tools-for-stm32.13.3.rel1.win32_1.0.0.202411081344/tools/bin/../lib/gcc/arm-none-eabi/13.3.1/../../../../arm-none-eabi/lib/thumb/v8-m.main+fp/hard\libc_nano.a(libc_a-findfp.o)
 .text.global_stdio_init.part.0
                0x0800f5b8       0x3c C:/ST/STM32CubeIDE_1.13.2/STM32CubeIDE/plugins/com.st.stm32cube.ide.mcu.externaltools.gnu-tools-for-stm32.13.3.rel1.win32_1.0.0.202411081344/tools/bin/../lib/gcc/arm-none-eabi/13.3.1/../../../../arm-none-eabi/lib/thumb/v8-m.main+fp/hard\libc_nano.a(libc_a-findfp.o)
 .text.__sfp_lock_acquire
                0x0800f5f4        0xc C:/ST/STM32CubeIDE_1.13.2/STM32CubeIDE/plugins/com.st.stm32cube.ide.mcu.externaltools.gnu-tools-for-stm32.13.3.rel1.win32_1.0.0.202411081344/tools/bin/../lib/gcc/arm-none-eabi/13.3.1/../../../../arm-none-eabi/lib/thumb/v8-m.main+fp/hard\libc_nano.a(libc_a-findfp.o)
                0x0800f5f4                __sfp_lock_acquire
 .text.__sfp_lock_release
                0x0800f600        0xc C:/ST/STM32CubeIDE_1.13.2/STM32CubeIDE/plugins/com.st.stm32cube.ide.mcu.externaltools.gnu-tools-for-stm32.13.3.rel1.win32_1.0.0.202411081344/tools/bin/../lib/gcc/arm-none-eabi/13.3.1/../../../../arm-none-eabi/lib/thumb/v8-m.main+fp/hard\libc_nano.a(libc_a-findfp.o)
                0x0800f600                __sfp_lock_release
 .text.__sinit  0x0800f60c       0x30 C:/ST/STM32CubeIDE_1.13.2/STM32CubeIDE/plugins/com.st.stm32cube.ide.mcu.externaltools.gnu-tools-for-stm32.13.3.rel1.win32_1.0.0.202411081344/tools/bin/../lib/gcc/arm-none-eabi/13.3.1/../../../../arm-none-eabi/lib/thumb/v8-m.main+fp/hard\libc_nano.a(libc_a-findfp.o)
                0x0800f60c                __sinit
 .text.fprintf  0x0800f63c       0x24 C:/ST/STM32CubeIDE_1.13.2/STM32CubeIDE/plugins/com.st.stm32cube.ide.mcu.externaltools.gnu-tools-for-stm32.13.3.rel1.win32_1.0.0.202411081344/tools/bin/../lib/gcc/arm-none-eabi/13.3.1/../../../../arm-none-eabi/lib/thumb/v8-m.main+fp/hard\libc_nano.a(libc_a-fprintf.o)
                0x0800f63c                fiprintf
                0x0800f63c                fprintf
 .text._fwalk_sglue
                0x0800f660       0x3c C:/ST/STM32CubeIDE_1.13.2/STM32CubeIDE/plugins/com.st.stm32cube.ide.mcu.externaltools.gnu-tools-for-stm32.13.3.rel1.win32_1.0.0.202411081344/tools/bin/../lib/gcc/arm-none-eabi/13.3.1/../../../../arm-none-eabi/lib/thumb/v8-m.main+fp/hard\libc_nano.a(libc_a-fwalk.o)
                0x0800f660                _fwalk_sglue
 .text.printf   0x0800f69c       0x24 C:/ST/STM32CubeIDE_1.13.2/STM32CubeIDE/plugins/com.st.stm32cube.ide.mcu.externaltools.gnu-tools-for-stm32.13.3.rel1.win32_1.0.0.202411081344/tools/bin/../lib/gcc/arm-none-eabi/13.3.1/../../../../arm-none-eabi/lib/thumb/v8-m.main+fp/hard\libc_nano.a(libc_a-printf.o)
                0x0800f69c                iprintf
                0x0800f69c                printf
 .text.__sread  0x0800f6c0       0x22 C:/ST/STM32CubeIDE_1.13.2/STM32CubeIDE/plugins/com.st.stm32cube.ide.mcu.externaltools.gnu-tools-for-stm32.13.3.rel1.win32_1.0.0.202411081344/tools/bin/../lib/gcc/arm-none-eabi/13.3.1/../../../../arm-none-eabi/lib/thumb/v8-m.main+fp/hard\libc_nano.a(libc_a-stdio.o)
                0x0800f6c0                __sread
 .text.__swrite
                0x0800f6e2       0x38 C:/ST/STM32CubeIDE_1.13.2/STM32CubeIDE/plugins/com.st.stm32cube.ide.mcu.externaltools.gnu-tools-for-stm32.13.3.rel1.win32_1.0.0.202411081344/tools/bin/../lib/gcc/arm-none-eabi/13.3.1/../../../../arm-none-eabi/lib/thumb/v8-m.main+fp/hard\libc_nano.a(libc_a-stdio.o)
                0x0800f6e2                __swrite
 .text.__sseek  0x0800f71a       0x24 C:/ST/STM32CubeIDE_1.13.2/STM32CubeIDE/plugins/com.st.stm32cube.ide.mcu.externaltools.gnu-tools-for-stm32.13.3.rel1.win32_1.0.0.202411081344/tools/bin/../lib/gcc/arm-none-eabi/13.3.1/../../../../arm-none-eabi/lib/thumb/v8-m.main+fp/hard\libc_nano.a(libc_a-stdio.o)
                0x0800f71a                __sseek
 .text.__sclose
                0x0800f73e        0x8 C:/ST/STM32CubeIDE_1.13.2/STM32CubeIDE/plugins/com.st.stm32cube.ide.mcu.externaltools.gnu-tools-for-stm32.13.3.rel1.win32_1.0.0.202411081344/tools/bin/../lib/gcc/arm-none-eabi/13.3.1/../../../../arm-none-eabi/lib/thumb/v8-m.main+fp/hard\libc_nano.a(libc_a-stdio.o)
                0x0800f73e                __sclose
 .text.memcmp   0x0800f746       0x20 C:/ST/STM32CubeIDE_1.13.2/STM32CubeIDE/plugins/com.st.stm32cube.ide.mcu.externaltools.gnu-tools-for-stm32.13.3.rel1.win32_1.0.0.202411081344/tools/bin/../lib/gcc/arm-none-eabi/13.3.1/../../../../arm-none-eabi/lib/thumb/v8-m.main+fp/hard\libc_nano.a(libc_a-memcmp.o)
                0x0800f746                memcmp
 .text.memset   0x0800f766       0x10 C:/ST/STM32CubeIDE_1.13.2/STM32CubeIDE/plugins/com.st.stm32cube.ide.mcu.externaltools.gnu-tools-for-stm32.13.3.rel1.win32_1.0.0.202411081344/tools/bin/../lib/gcc/arm-none-eabi/13.3.1/../../../../arm-none-eabi/lib/thumb/v8-m.main+fp/hard\libc_nano.a(libc_a-memset.o)
                0x0800f766                memset
 .text.strcspn  0x0800f776       0x22 C:/ST/STM32CubeIDE_1.13.2/STM32CubeIDE/plugins/com.st.stm32cube.ide.mcu.externaltools.gnu-tools-for-stm32.13.3.rel1.win32_1.0.0.202411081344/tools/bin/../lib/gcc/arm-none-eabi/13.3.1/../../../../arm-none-eabi/lib/thumb/v8-m.main+fp/hard\libc_nano.a(libc_a-strcspn.o)
                0x0800f776                strcspn
 .text.strspn   0x0800f798       0x20 C:/ST/STM32CubeIDE_1.13.2/STM32CubeIDE/plugins/com.st.stm32cube.ide.mcu.externaltools.gnu-tools-for-stm32.13.3.rel1.win32_1.0.0.202411081344/tools/bin/../lib/gcc/arm-none-eabi/13.3.1/../../../../arm-none-eabi/lib/thumb/v8-m.main+fp/hard\libc_nano.a(libc_a-strspn.o)
                0x0800f798                strspn
 .text._close_r
                0x0800f7b8       0x20 C:/ST/STM32CubeIDE_1.13.2/STM32CubeIDE/plugins/com.st.stm32cube.ide.mcu.externaltools.gnu-tools-for-stm32.13.3.rel1.win32_1.0.0.202411081344/tools/bin/../lib/gcc/arm-none-eabi/13.3.1/../../../../arm-none-eabi/lib/thumb/v8-m.main+fp/hard\libc_nano.a(libc_a-closer.o)
                0x0800f7b8                _close_r
 .text._lseek_r
                0x0800f7d8       0x24 C:/ST/STM32CubeIDE_1.13.2/STM32CubeIDE/plugins/com.st.stm32cube.ide.mcu.externaltools.gnu-tools-for-stm32.13.3.rel1.win32_1.0.0.202411081344/tools/bin/../lib/gcc/arm-none-eabi/13.3.1/../../../../arm-none-eabi/lib/thumb/v8-m.main+fp/hard\libc_nano.a(libc_a-lseekr.o)
                0x0800f7d8                _lseek_r
 .text._read_r  0x0800f7fc       0x24 C:/ST/STM32CubeIDE_1.13.2/STM32CubeIDE/plugins/com.st.stm32cube.ide.mcu.externaltools.gnu-tools-for-stm32.13.3.rel1.win32_1.0.0.202411081344/tools/bin/../lib/gcc/arm-none-eabi/13.3.1/../../../../arm-none-eabi/lib/thumb/v8-m.main+fp/hard\libc_nano.a(libc_a-readr.o)
                0x0800f7fc                _read_r
 .text._sbrk_r  0x0800f820       0x20 C:/ST/STM32CubeIDE_1.13.2/STM32CubeIDE/plugins/com.st.stm32cube.ide.mcu.externaltools.gnu-tools-for-stm32.13.3.rel1.win32_1.0.0.202411081344/tools/bin/../lib/gcc/arm-none-eabi/13.3.1/../../../../arm-none-eabi/lib/thumb/v8-m.main+fp/hard\libc_nano.a(libc_a-sbrkr.o)
                0x0800f820                _sbrk_r
 .text._write_r
                0x0800f840       0x24 C:/ST/STM32CubeIDE_1.13.2/STM32CubeIDE/plugins/com.st.stm32cube.ide.mcu.externaltools.gnu-tools-for-stm32.13.3.rel1.win32_1.0.0.202411081344/tools/bin/../lib/gcc/arm-none-eabi/13.3.1/../../../../arm-none-eabi/lib/thumb/v8-m.main+fp/hard\libc_nano.a(libc_a-writer.o)
                0x0800f840                _write_r
 .text.__errno  0x0800f864        0xc C:/ST/STM32CubeIDE_1.13.2/STM32CubeIDE/plugins/com.st.stm32cube.ide.mcu.externaltools.gnu-tools-for-stm32.13.3.rel1.win32_1.0.0.202411081344/tools/bin/../lib/gcc/arm-none-eabi/13.3.1/../../../../arm-none-eabi/lib/thumb/v8-m.main+fp/hard\libc_nano.a(libc_a-errno.o)
                0x0800f864                __errno
 .text.__libc_init_array
                0x0800f870       0x48 C:/ST/STM32CubeIDE_1.13.2/STM32CubeIDE/plugins/com.st.stm32cube.ide.mcu.externaltools.gnu-tools-for-stm32.13.3.rel1.win32_1.0.0.202411081344/tools/bin/../lib/gcc/arm-none-eabi/13.3.1/../../../../arm-none-eabi/lib/thumb/v8-m.main+fp/hard\libc_nano.a(libc_a-init.o)
                0x0800f870                __libc_init_array
 .text.__retarget_lock_init_recursive
                0x0800f8b8        0x2 C:/ST/STM32CubeIDE_1.13.2/STM32CubeIDE/plugins/com.st.stm32cube.ide.mcu.externaltools.gnu-tools-for-stm32.13.3.rel1.win32_1.0.0.202411081344/tools/bin/../lib/gcc/arm-none-eabi/13.3.1/../../../../arm-none-eabi/lib/thumb/v8-m.main+fp/hard\libc_nano.a(libc_a-lock.o)
                0x0800f8b8                __retarget_lock_init_recursive
 .text.__retarget_lock_acquire_recursive
                0x0800f8ba        0x2 C:/ST/STM32CubeIDE_1.13.2/STM32CubeIDE/plugins/com.st.stm32cube.ide.mcu.externaltools.gnu-tools-for-stm32.13.3.rel1.win32_1.0.0.202411081344/tools/bin/../lib/gcc/arm-none-eabi/13.3.1/../../../../arm-none-eabi/lib/thumb/v8-m.main+fp/hard\libc_nano.a(libc_a-lock.o)
                0x0800f8ba                __retarget_lock_acquire_recursive
 .text.__retarget_lock_release_recursive
                0x0800f8bc        0x2 C:/ST/STM32CubeIDE_1.13.2/STM32CubeIDE/plugins/com.st.stm32cube.ide.mcu.externaltools.gnu-tools-for-stm32.13.3.rel1.win32_1.0.0.202411081344/tools/bin/../lib/gcc/arm-none-eabi/13.3.1/../../../../arm-none-eabi/lib/thumb/v8-m.main+fp/hard\libc_nano.a(libc_a-lock.o)
                0x0800f8bc                __retarget_lock_release_recursive
 .text.memcpy   0x0800f8be       0x1a C:/ST/STM32CubeIDE_1.13.2/STM32CubeIDE/plugins/com.st.stm32cube.ide.mcu.externaltools.gnu-tools-for-stm32.13.3.rel1.win32_1.0.0.202411081344/tools/bin/../lib/gcc/arm-none-eabi/13.3.1/../../../../arm-none-eabi/lib/thumb/v8-m.main+fp/hard\libc_nano.a(libc_a-memcpy-stub.o)
                0x0800f8be                memcpy
 .text.abort    0x0800f8d8        0xe C:/ST/STM32CubeIDE_1.13.2/STM32CubeIDE/plugins/com.st.stm32cube.ide.mcu.externaltools.gnu-tools-for-stm32.13.3.rel1.win32_1.0.0.202411081344/tools/bin/../lib/gcc/arm-none-eabi/13.3.1/../../../../arm-none-eabi/lib/thumb/v8-m.main+fp/hard\libc_nano.a(libc_a-abort.o)
                0x0800f8d8                abort
 *fill*         0x0800f8e6        0x2 
 .text._free_r  0x0800f8e8       0x94 C:/ST/STM32CubeIDE_1.13.2/STM32CubeIDE/plugins/com.st.stm32cube.ide.mcu.externaltools.gnu-tools-for-stm32.13.3.rel1.win32_1.0.0.202411081344/tools/bin/../lib/gcc/arm-none-eabi/13.3.1/../../../../arm-none-eabi/lib/thumb/v8-m.main+fp/hard\libc_nano.a(libc_a-freer.o)
                0x0800f8e8                _free_r
 .text.__sfputc_r
                0x0800f97c       0x2e C:/ST/STM32CubeIDE_1.13.2/STM32CubeIDE/plugins/com.st.stm32cube.ide.mcu.externaltools.gnu-tools-for-stm32.13.3.rel1.win32_1.0.0.202411081344/tools/bin/../lib/gcc/arm-none-eabi/13.3.1/../../../../arm-none-eabi/lib/thumb/v8-m.main+fp/hard\libc_nano.a(libc_a-nano-vfprintf.o)
 .text.__sfputs_r
                0x0800f9aa       0x24 C:/ST/STM32CubeIDE_1.13.2/STM32CubeIDE/plugins/com.st.stm32cube.ide.mcu.externaltools.gnu-tools-for-stm32.13.3.rel1.win32_1.0.0.202411081344/tools/bin/../lib/gcc/arm-none-eabi/13.3.1/../../../../arm-none-eabi/lib/thumb/v8-m.main+fp/hard\libc_nano.a(libc_a-nano-vfprintf.o)
                0x0800f9aa                __sfputs_r
 *fill*         0x0800f9ce        0x2 
 .text._vfprintf_r
                0x0800f9d0      0x230 C:/ST/STM32CubeIDE_1.13.2/STM32CubeIDE/plugins/com.st.stm32cube.ide.mcu.externaltools.gnu-tools-for-stm32.13.3.rel1.win32_1.0.0.202411081344/tools/bin/../lib/gcc/arm-none-eabi/13.3.1/../../../../arm-none-eabi/lib/thumb/v8-m.main+fp/hard\libc_nano.a(libc_a-nano-vfprintf.o)
                0x0800f9d0                _vfprintf_r
                0x0800f9d0                _vfiprintf_r
 .text._printf_common
                0x0800fc00       0xe4 C:/ST/STM32CubeIDE_1.13.2/STM32CubeIDE/plugins/com.st.stm32cube.ide.mcu.externaltools.gnu-tools-for-stm32.13.3.rel1.win32_1.0.0.202411081344/tools/bin/../lib/gcc/arm-none-eabi/13.3.1/../../../../arm-none-eabi/lib/thumb/v8-m.main+fp/hard\libc_nano.a(libc_a-nano-vfprintf_i.o)
                0x0800fc00                _printf_common
 .text._printf_i
                0x0800fce4      0x23c C:/ST/STM32CubeIDE_1.13.2/STM32CubeIDE/plugins/com.st.stm32cube.ide.mcu.externaltools.gnu-tools-for-stm32.13.3.rel1.win32_1.0.0.202411081344/tools/bin/../lib/gcc/arm-none-eabi/13.3.1/../../../../arm-none-eabi/lib/thumb/v8-m.main+fp/hard\libc_nano.a(libc_a-nano-vfprintf_i.o)
                0x0800fce4                _printf_i
 .text.__sflush_r
                0x0800ff20      0x108 C:/ST/STM32CubeIDE_1.13.2/STM32CubeIDE/plugins/com.st.stm32cube.ide.mcu.externaltools.gnu-tools-for-stm32.13.3.rel1.win32_1.0.0.202411081344/tools/bin/../lib/gcc/arm-none-eabi/13.3.1/../../../../arm-none-eabi/lib/thumb/v8-m.main+fp/hard\libc_nano.a(libc_a-fflush.o)
                0x0800ff20                __sflush_r
 .text._fflush_r
                0x08010028       0x50 C:/ST/STM32CubeIDE_1.13.2/STM32CubeIDE/plugins/com.st.stm32cube.ide.mcu.externaltools.gnu-tools-for-stm32.13.3.rel1.win32_1.0.0.202411081344/tools/bin/../lib/gcc/arm-none-eabi/13.3.1/../../../../arm-none-eabi/lib/thumb/v8-m.main+fp/hard\libc_nano.a(libc_a-fflush.o)
                0x08010028                _fflush_r
 .text.__swbuf_r
                0x08010078       0x7c C:/ST/STM32CubeIDE_1.13.2/STM32CubeIDE/plugins/com.st.stm32cube.ide.mcu.externaltools.gnu-tools-for-stm32.13.3.rel1.win32_1.0.0.202411081344/tools/bin/../lib/gcc/arm-none-eabi/13.3.1/../../../../arm-none-eabi/lib/thumb/v8-m.main+fp/hard\libc_nano.a(libc_a-wbuf.o)
                0x08010078                __swbuf_r
 .text.__swsetup_r
                0x080100f4       0xac C:/ST/STM32CubeIDE_1.13.2/STM32CubeIDE/plugins/com.st.stm32cube.ide.mcu.externaltools.gnu-tools-for-stm32.13.3.rel1.win32_1.0.0.202411081344/tools/bin/../lib/gcc/arm-none-eabi/13.3.1/../../../../arm-none-eabi/lib/thumb/v8-m.main+fp/hard\libc_nano.a(libc_a-wsetup.o)
                0x080100f4                __swsetup_r
 .text._raise_r
                0x080101a0       0x50 C:/ST/STM32CubeIDE_1.13.2/STM32CubeIDE/plugins/com.st.stm32cube.ide.mcu.externaltools.gnu-tools-for-stm32.13.3.rel1.win32_1.0.0.202411081344/tools/bin/../lib/gcc/arm-none-eabi/13.3.1/../../../../arm-none-eabi/lib/thumb/v8-m.main+fp/hard\libc_nano.a(libc_a-signal.o)
                0x080101a0                _raise_r
 .text.raise    0x080101f0       0x10 C:/ST/STM32CubeIDE_1.13.2/STM32CubeIDE/plugins/com.st.stm32cube.ide.mcu.externaltools.gnu-tools-for-stm32.13.3.rel1.win32_1.0.0.202411081344/tools/bin/../lib/gcc/arm-none-eabi/13.3.1/../../../../arm-none-eabi/lib/thumb/v8-m.main+fp/hard\libc_nano.a(libc_a-signal.o)
                0x080101f0                raise
 .text._kill_r  0x08010200       0x24 C:/ST/STM32CubeIDE_1.13.2/STM32CubeIDE/plugins/com.st.stm32cube.ide.mcu.externaltools.gnu-tools-for-stm32.13.3.rel1.win32_1.0.0.202411081344/tools/bin/../lib/gcc/arm-none-eabi/13.3.1/../../../../arm-none-eabi/lib/thumb/v8-m.main+fp/hard\libc_nano.a(libc_a-signalr.o)
                0x08010200                _kill_r
 .text._getpid_r
                0x08010224        0x4 C:/ST/STM32CubeIDE_1.13.2/STM32CubeIDE/plugins/com.st.stm32cube.ide.mcu.externaltools.gnu-tools-for-stm32.13.3.rel1.win32_1.0.0.202411081344/tools/bin/../lib/gcc/arm-none-eabi/13.3.1/../../../../arm-none-eabi/lib/thumb/v8-m.main+fp/hard\libc_nano.a(libc_a-signalr.o)
                0x08010224                _getpid_r
 .text.memchr   0x08010228       0x1c C:/ST/STM32CubeIDE_1.13.2/STM32CubeIDE/plugins/com.st.stm32cube.ide.mcu.externaltools.gnu-tools-for-stm32.13.3.rel1.win32_1.0.0.202411081344/tools/bin/../lib/gcc/arm-none-eabi/13.3.1/../../../../arm-none-eabi/lib/thumb/v8-m.main+fp/hard\libc_nano.a(libc_a-memchr-stub.o)
                0x08010228                memchr
 .text.__swhatbuf_r
                0x08010244       0x4a C:/ST/STM32CubeIDE_1.13.2/STM32CubeIDE/plugins/com.st.stm32cube.ide.mcu.externaltools.gnu-tools-for-stm32.13.3.rel1.win32_1.0.0.202411081344/tools/bin/../lib/gcc/arm-none-eabi/13.3.1/../../../../arm-none-eabi/lib/thumb/v8-m.main+fp/hard\libc_nano.a(libc_a-makebuf.o)
                0x08010244                __swhatbuf_r
 .text.__smakebuf_r
                0x0801028e       0x78 C:/ST/STM32CubeIDE_1.13.2/STM32CubeIDE/plugins/com.st.stm32cube.ide.mcu.externaltools.gnu-tools-for-stm32.13.3.rel1.win32_1.0.0.202411081344/tools/bin/../lib/gcc/arm-none-eabi/13.3.1/../../../../arm-none-eabi/lib/thumb/v8-m.main+fp/hard\libc_nano.a(libc_a-makebuf.o)
                0x0801028e                __smakebuf_r
 *fill*         0x08010306        0x2 
 .text._fstat_r
                0x08010308       0x24 C:/ST/STM32CubeIDE_1.13.2/STM32CubeIDE/plugins/com.st.stm32cube.ide.mcu.externaltools.gnu-tools-for-stm32.13.3.rel1.win32_1.0.0.202411081344/tools/bin/../lib/gcc/arm-none-eabi/13.3.1/../../../../arm-none-eabi/lib/thumb/v8-m.main+fp/hard\libc_nano.a(libc_a-fstatr.o)
                0x08010308                _fstat_r
 .text._isatty_r
                0x0801032c       0x20 C:/ST/STM32CubeIDE_1.13.2/STM32CubeIDE/plugins/com.st.stm32cube.ide.mcu.externaltools.gnu-tools-for-stm32.13.3.rel1.win32_1.0.0.202411081344/tools/bin/../lib/gcc/arm-none-eabi/13.3.1/../../../../arm-none-eabi/lib/thumb/v8-m.main+fp/hard\libc_nano.a(libc_a-isattyr.o)
                0x0801032c                _isatty_r
 *(.glue_7)
 .glue_7        0x0801034c        0x0 linker stubs
 *(.glue_7t)
 .glue_7t       0x0801034c        0x0 linker stubs
 *(.eh_frame)
 .eh_frame      0x0801034c        0x0 C:/ST/STM32CubeIDE_1.13.2/STM32CubeIDE/plugins/com.st.stm32cube.ide.mcu.externaltools.gnu-tools-for-stm32.13.3.rel1.win32_1.0.0.202411081344/tools/bin/../lib/gcc/arm-none-eabi/13.3.1/thumb/v8-m.main+fp/hard/crtbegin.o
 *(.init)
 .init          0x0801034c        0x4 C:/ST/STM32CubeIDE_1.13.2/STM32CubeIDE/plugins/com.st.stm32cube.ide.mcu.externaltools.gnu-tools-for-stm32.13.3.rel1.win32_1.0.0.202411081344/tools/bin/../lib/gcc/arm-none-eabi/13.3.1/thumb/v8-m.main+fp/hard/crti.o
                0x0801034c                _init
 .init          0x08010350        0x8 C:/ST/STM32CubeIDE_1.13.2/STM32CubeIDE/plugins/com.st.stm32cube.ide.mcu.externaltools.gnu-tools-for-stm32.13.3.rel1.win32_1.0.0.202411081344/tools/bin/../lib/gcc/arm-none-eabi/13.3.1/thumb/v8-m.main+fp/hard/crtn.o
 *(.fini)
 .fini          0x08010358        0x4 C:/ST/STM32CubeIDE_1.13.2/STM32CubeIDE/plugins/com.st.stm32cube.ide.mcu.externaltools.gnu-tools-for-stm32.13.3.rel1.win32_1.0.0.202411081344/tools/bin/../lib/gcc/arm-none-eabi/13.3.1/thumb/v8-m.main+fp/hard/crti.o
                0x08010358                _fini
 .fini          0x0801035c        0x8 C:/ST/STM32CubeIDE_1.13.2/STM32CubeIDE/plugins/com.st.stm32cube.ide.mcu.externaltools.gnu-tools-for-stm32.13.3.rel1.win32_1.0.0.202411081344/tools/bin/../lib/gcc/arm-none-eabi/13.3.1/thumb/v8-m.main+fp/hard/crtn.o
                0x08010364                        . = ALIGN (0x4)
                0x08010364                        _etext = .

.vfp11_veneer   0x08010364        0x0
 .vfp11_veneer  0x08010364        0x0 linker stubs

.v4_bx          0x08010364        0x0
 .v4_bx         0x08010364        0x0 linker stubs

.iplt           0x08010364        0x0
 .iplt          0x08010364        0x0 C:/ST/STM32CubeIDE_1.13.2/STM32CubeIDE/plugins/com.st.stm32cube.ide.mcu.externaltools.gnu-tools-for-stm32.13.3.rel1.win32_1.0.0.202411081344/tools/bin/../lib/gcc/arm-none-eabi/13.3.1/thumb/v8-m.main+fp/hard/crtbegin.o

.rodata         0x08010364     0x11f0
                0x08010364                        . = ALIGN (0x4)
 *(.rodata)
 .rodata        0x08010364      0x1ac ./Application/User/Core/main.o
 .rodata        0x08010510      0xe0e ./Application/littlefs/lfs.o
 *(.rodata*)
 *fill*         0x0801131e        0x2 
 .rodata.UARTPrescTable
                0x08011320       0x18 ./Application/User/Core/stm32h5xx_hal_uart.o
                0x08011320                UARTPrescTable
 .rodata.__func__.28
                0x08011338        0xc ./Application/littlefs/lfs.o
 .rodata.__func__.27
                0x08011344        0xd ./Application/littlefs/lfs.o
 *fill*         0x08011351        0x3 
 .rodata.__func__.26
                0x08011354        0xc ./Application/littlefs/lfs.o
 .rodata.__func__.25
                0x08011360        0xc ./Application/littlefs/lfs.o
 .rodata.__func__.24
                0x0801136c        0xd ./Application/littlefs/lfs.o
 *fill*         0x08011379        0x3 
 .rodata.__func__.23
                0x0801137c       0x11 ./Application/littlefs/lfs.o
 *fill*         0x0801138d        0x3 
 .rodata.__func__.22
                0x08011390       0x10 ./Application/littlefs/lfs.o
 .rodata.__func__.21
                0x080113a0       0x19 ./Application/littlefs/lfs.o
 *fill*         0x080113b9        0x3 
 .rodata.__func__.20
                0x080113bc       0x18 ./Application/littlefs/lfs.o
 .rodata.defaults.19
                0x080113d4        0xc ./Application/littlefs/lfs.o
 .rodata.__func__.18
                0x080113e0        0xf ./Application/littlefs/lfs.o
 *fill*         0x080113ef        0x1 
 .rodata.__func__.17
                0x080113f0       0x10 ./Application/littlefs/lfs.o
 .rodata.__func__.15
                0x08011400        0x9 ./Application/littlefs/lfs.o
 *fill*         0x08011409        0x3 
 .rodata.__func__.14
                0x0801140c        0xc ./Application/littlefs/lfs.o
 .rodata.__func__.13
                0x08011418       0x13 ./Application/littlefs/lfs.o
 *fill*         0x0801142b        0x1 
 .rodata.__func__.12
                0x0801142c        0xe ./Application/littlefs/lfs.o
 *fill*         0x0801143a        0x2 
 .rodata.__func__.10
                0x0801143c        0xe ./Application/littlefs/lfs.o
 *fill*         0x0801144a        0x2 
 .rodata.__func__.8
                0x0801144c        0xf ./Application/littlefs/lfs.o
 *fill*         0x0801145b        0x1 
 .rodata.__func__.6
                0x0801145c        0xe ./Application/littlefs/lfs.o
 *fill*         0x0801146a        0x2 
 .rodata.__func__.5
                0x0801146c        0xf ./Application/littlefs/lfs.o
 *fill*         0x0801147b        0x1 
 .rodata.rtable.0
                0x0801147c       0x40 ./Application/littlefs/lfs_util.o
 .rodata.AHBPrescTable
                0x080114bc       0x10 ./Drivers/CMSIS/system_stm32h5xx.o
                0x080114bc                AHBPrescTable
 .rodata.APBPrescTable
                0x080114cc        0x8 ./Drivers/CMSIS/system_stm32h5xx.o
                0x080114cc                APBPrescTable
 .rodata.numerator.1
                0x080114d4        0x8 ./Drivers/STM32H5xx_HAL_Driver/stm32h5xx_hal_uart_ex.o
 .rodata.denominator.0
                0x080114dc        0x8 ./Drivers/STM32H5xx_HAL_Driver/stm32h5xx_hal_uart_ex.o
 .rodata.__assert_func.str1.1
                0x080114e4       0x6f C:/ST/STM32CubeIDE_1.13.2/STM32CubeIDE/plugins/com.st.stm32cube.ide.mcu.externaltools.gnu-tools-for-stm32.13.3.rel1.win32_1.0.0.202411081344/tools/bin/../lib/gcc/arm-none-eabi/13.3.1/../../../../arm-none-eabi/lib/thumb/v8-m.main+fp/hard\libc_nano.a(libc_a-assert.o)
                                 0x3d (size before relaxing)
 .rodata._vfprintf_r.str1.1
                0x08011553       0x11 C:/ST/STM32CubeIDE_1.13.2/STM32CubeIDE/plugins/com.st.stm32cube.ide.mcu.externaltools.gnu-tools-for-stm32.13.3.rel1.win32_1.0.0.202411081344/tools/bin/../lib/gcc/arm-none-eabi/13.3.1/../../../../arm-none-eabi/lib/thumb/v8-m.main+fp/hard\libc_nano.a(libc_a-nano-vfprintf.o)
 .rodata._printf_i.str1.1
                0x08011553       0x22 C:/ST/STM32CubeIDE_1.13.2/STM32CubeIDE/plugins/com.st.stm32cube.ide.mcu.externaltools.gnu-tools-for-stm32.13.3.rel1.win32_1.0.0.202411081344/tools/bin/../lib/gcc/arm-none-eabi/13.3.1/../../../../arm-none-eabi/lib/thumb/v8-m.main+fp/hard\libc_nano.a(libc_a-nano-vfprintf_i.o)
                0x08011578                        . = ALIGN (0x4)
 *fill*         0x08011553        0x1 

.ARM.extab      0x08011554        0x0
                0x08011554                        . = ALIGN (0x4)
 *(.ARM.extab* .gnu.linkonce.armextab.*)
                0x08011554                        . = ALIGN (0x4)

.ARM            0x08011554        0x8
                0x08011554                        . = ALIGN (0x4)
                0x08011554                        __exidx_start = .
 *(.ARM.exidx*)
 .ARM.exidx     0x08011554        0x8 C:/ST/STM32CubeIDE_1.13.2/STM32CubeIDE/plugins/com.st.stm32cube.ide.mcu.externaltools.gnu-tools-for-stm32.13.3.rel1.win32_1.0.0.202411081344/tools/bin/../lib/gcc/arm-none-eabi/13.3.1/../../../../arm-none-eabi/lib/thumb/v8-m.main+fp/hard\libc_nano.a(libc_a-strlen.o)
 .ARM.exidx     0x0801155c        0x0 C:/ST/STM32CubeIDE_1.13.2/STM32CubeIDE/plugins/com.st.stm32cube.ide.mcu.externaltools.gnu-tools-for-stm32.13.3.rel1.win32_1.0.0.202411081344/tools/bin/../lib/gcc/arm-none-eabi/13.3.1/thumb/v8-m.main+fp/hard\libgcc.a(_udivmoddi4.o)
                                  0x8 (size before relaxing)
                0x0801155c                        __exidx_end = .
                0x0801155c                        . = ALIGN (0x4)

.preinit_array  0x0801155c        0x0
                0x0801155c                        . = ALIGN (0x4)
                0x0801155c                        PROVIDE (__preinit_array_start = .)
 *(.preinit_array*)
                0x0801155c                        PROVIDE (__preinit_array_end = .)
                0x0801155c                        . = ALIGN (0x4)

.init_array     0x0801155c        0x4
                0x0801155c                        . = ALIGN (0x4)
                0x0801155c                        PROVIDE (__init_array_start = .)
 *(SORT_BY_NAME(.init_array.*))
 *(.init_array*)
 .init_array    0x0801155c        0x4 C:/ST/STM32CubeIDE_1.13.2/STM32CubeIDE/plugins/com.st.stm32cube.ide.mcu.externaltools.gnu-tools-for-stm32.13.3.rel1.win32_1.0.0.202411081344/tools/bin/../lib/gcc/arm-none-eabi/13.3.1/thumb/v8-m.main+fp/hard/crtbegin.o
                0x08011560                        PROVIDE (__init_array_end = .)
                0x08011560                        . = ALIGN (0x4)

.fini_array     0x08011560        0x4
                0x08011560                        . = ALIGN (0x4)
                [!provide]                        PROVIDE (__fini_array_start = .)
 *(SORT_BY_NAME(.fini_array.*))
 *(.fini_array*)
 .fini_array    0x08011560        0x4 C:/ST/STM32CubeIDE_1.13.2/STM32CubeIDE/plugins/com.st.stm32cube.ide.mcu.externaltools.gnu-tools-for-stm32.13.3.rel1.win32_1.0.0.202411081344/tools/bin/../lib/gcc/arm-none-eabi/13.3.1/thumb/v8-m.main+fp/hard/crtbegin.o
                [!provide]                        PROVIDE (__fini_array_end = .)
                0x08011564                        . = ALIGN (0x4)
                0x08011564                        _sidata = LOADADDR (.data)

.rel.dyn        0x08011564        0x0
 .rel.iplt      0x08011564        0x0 C:/ST/STM32CubeIDE_1.13.2/STM32CubeIDE/plugins/com.st.stm32cube.ide.mcu.externaltools.gnu-tools-for-stm32.13.3.rel1.win32_1.0.0.202411081344/tools/bin/../lib/gcc/arm-none-eabi/13.3.1/thumb/v8-m.main+fp/hard/crtbegin.o

.data           0x20000000       0xc0 load address 0x08011564
                0x20000000                        . = ALIGN (0x4)
                0x20000000                        _sdata = .
 *(.data)
 *(.data*)
 .data.sram3_storage
                0x20000000        0x4 ./Application/User/Core/lfs_config.o
 .data.cfg      0x20000004       0x54 ./Application/User/Core/lfs_config.o
                0x20000004                cfg
 .data.SystemCoreClock
                0x20000058        0x4 ./Drivers/CMSIS/system_stm32h5xx.o
                0x20000058                SystemCoreClock
 .data.uwTickPrio
                0x2000005c        0x4 ./Drivers/STM32H5xx_HAL_Driver/stm32h5xx_hal.o
                0x2000005c                uwTickPrio
 .data.uwTickFreq
                0x20000060        0x1 ./Drivers/STM32H5xx_HAL_Driver/stm32h5xx_hal.o
                0x20000060                uwTickFreq
 *fill*         0x20000061        0x3 
 .data.__sglue  0x20000064        0xc C:/ST/STM32CubeIDE_1.13.2/STM32CubeIDE/plugins/com.st.stm32cube.ide.mcu.externaltools.gnu-tools-for-stm32.13.3.rel1.win32_1.0.0.202411081344/tools/bin/../lib/gcc/arm-none-eabi/13.3.1/../../../../arm-none-eabi/lib/thumb/v8-m.main+fp/hard\libc_nano.a(libc_a-findfp.o)
                0x20000064                __sglue
 .data._impure_ptr
                0x20000070        0x4 C:/ST/STM32CubeIDE_1.13.2/STM32CubeIDE/plugins/com.st.stm32cube.ide.mcu.externaltools.gnu-tools-for-stm32.13.3.rel1.win32_1.0.0.202411081344/tools/bin/../lib/gcc/arm-none-eabi/13.3.1/../../../../arm-none-eabi/lib/thumb/v8-m.main+fp/hard\libc_nano.a(libc_a-impure.o)
                0x20000070                _impure_ptr
 .data._impure_data
                0x20000074       0x4c C:/ST/STM32CubeIDE_1.13.2/STM32CubeIDE/plugins/com.st.stm32cube.ide.mcu.externaltools.gnu-tools-for-stm32.13.3.rel1.win32_1.0.0.202411081344/tools/bin/../lib/gcc/arm-none-eabi/13.3.1/../../../../arm-none-eabi/lib/thumb/v8-m.main+fp/hard\libc_nano.a(libc_a-impure.o)
                0x20000074                _impure_data
 *(.RamFunc)
 *(.RamFunc*)
                0x200000c0                        . = ALIGN (0x4)
                0x200000c0                        _edata = .

.igot.plt       0x200000c0        0x0 load address 0x08011624
 .igot.plt      0x200000c0        0x0 C:/ST/STM32CubeIDE_1.13.2/STM32CubeIDE/plugins/com.st.stm32cube.ide.mcu.externaltools.gnu-tools-for-stm32.13.3.rel1.win32_1.0.0.202411081344/tools/bin/../lib/gcc/arm-none-eabi/13.3.1/thumb/v8-m.main+fp/hard/crtbegin.o
                0x200000c0                        . = ALIGN (0x4)

.bss            0x200000c0      0x204 load address 0x08011624
                0x200000c0                        _sbss = .
                0x200000c0                        __bss_start__ = _sbss
 *(.bss)
 .bss           0x200000c0       0x1c C:/ST/STM32CubeIDE_1.13.2/STM32CubeIDE/plugins/com.st.stm32cube.ide.mcu.externaltools.gnu-tools-for-stm32.13.3.rel1.win32_1.0.0.202411081344/tools/bin/../lib/gcc/arm-none-eabi/13.3.1/thumb/v8-m.main+fp/hard/crtbegin.o
 *(.bss*)
 .bss.__sbrk_heap_end
                0x200000dc        0x4 ./Application/User/Core/sysmem.o
 .bss.huart1    0x200000e0       0x94 ./Application/User/Core/usart.o
                0x200000e0                huart1
 .bss.uwTick    0x20000174        0x4 ./Drivers/STM32H5xx_HAL_Driver/stm32h5xx_hal.o
                0x20000174                uwTick
 .bss.__malloc_sbrk_start
                0x20000178        0x4 C:/ST/STM32CubeIDE_1.13.2/STM32CubeIDE/plugins/com.st.stm32cube.ide.mcu.externaltools.gnu-tools-for-stm32.13.3.rel1.win32_1.0.0.202411081344/tools/bin/../lib/gcc/arm-none-eabi/13.3.1/../../../../arm-none-eabi/lib/thumb/v8-m.main+fp/hard\libc_nano.a(libc_a-mallocr.o)
                0x20000178                __malloc_sbrk_start
 .bss.__malloc_free_list
                0x2000017c        0x4 C:/ST/STM32CubeIDE_1.13.2/STM32CubeIDE/plugins/com.st.stm32cube.ide.mcu.externaltools.gnu-tools-for-stm32.13.3.rel1.win32_1.0.0.202411081344/tools/bin/../lib/gcc/arm-none-eabi/13.3.1/../../../../arm-none-eabi/lib/thumb/v8-m.main+fp/hard\libc_nano.a(libc_a-mallocr.o)
                0x2000017c                __malloc_free_list
 .bss.__sf      0x20000180      0x138 C:/ST/STM32CubeIDE_1.13.2/STM32CubeIDE/plugins/com.st.stm32cube.ide.mcu.externaltools.gnu-tools-for-stm32.13.3.rel1.win32_1.0.0.202411081344/tools/bin/../lib/gcc/arm-none-eabi/13.3.1/../../../../arm-none-eabi/lib/thumb/v8-m.main+fp/hard\libc_nano.a(libc_a-findfp.o)
                0x20000180                __sf
 .bss.__stdio_exit_handler
                0x200002b8        0x4 C:/ST/STM32CubeIDE_1.13.2/STM32CubeIDE/plugins/com.st.stm32cube.ide.mcu.externaltools.gnu-tools-for-stm32.13.3.rel1.win32_1.0.0.202411081344/tools/bin/../lib/gcc/arm-none-eabi/13.3.1/../../../../arm-none-eabi/lib/thumb/v8-m.main+fp/hard\libc_nano.a(libc_a-findfp.o)
                0x200002b8                __stdio_exit_handler
 .bss.errno     0x200002bc        0x4 C:/ST/STM32CubeIDE_1.13.2/STM32CubeIDE/plugins/com.st.stm32cube.ide.mcu.externaltools.gnu-tools-for-stm32.13.3.rel1.win32_1.0.0.202411081344/tools/bin/../lib/gcc/arm-none-eabi/13.3.1/../../../../arm-none-eabi/lib/thumb/v8-m.main+fp/hard\libc_nano.a(libc_a-reent.o)
                0x200002bc                errno
 .bss.__lock___malloc_recursive_mutex
                0x200002c0        0x1 C:/ST/STM32CubeIDE_1.13.2/STM32CubeIDE/plugins/com.st.stm32cube.ide.mcu.externaltools.gnu-tools-for-stm32.13.3.rel1.win32_1.0.0.202411081344/tools/bin/../lib/gcc/arm-none-eabi/13.3.1/../../../../arm-none-eabi/lib/thumb/v8-m.main+fp/hard\libc_nano.a(libc_a-lock.o)
                0x200002c0                __lock___malloc_recursive_mutex
 .bss.__lock___sfp_recursive_mutex
                0x200002c1        0x1 C:/ST/STM32CubeIDE_1.13.2/STM32CubeIDE/plugins/com.st.stm32cube.ide.mcu.externaltools.gnu-tools-for-stm32.13.3.rel1.win32_1.0.0.202411081344/tools/bin/../lib/gcc/arm-none-eabi/13.3.1/../../../../arm-none-eabi/lib/thumb/v8-m.main+fp/hard\libc_nano.a(libc_a-lock.o)
                0x200002c1                __lock___sfp_recursive_mutex
 *(COMMON)
                0x200002c4                        . = ALIGN (0x4)
 *fill*         0x200002c2        0x2 
                0x200002c4                        _ebss = .
                0x200002c4                        __bss_end__ = _ebss

._user_heap_stack
                0x200002c4      0x604 load address 0x08011624
                0x200002c8                        . = ALIGN (0x8)
 *fill*         0x200002c4        0x4 
                [!provide]                        PROVIDE (end = .)
                0x200002c8                        PROVIDE (_end = .)
                0x200004c8                        . = (. + _Min_Heap_Size)
 *fill*         0x200002c8      0x200 
                0x200008c8                        . = (. + _Min_Stack_Size)
 *fill*         0x200004c8      0x400 
                0x200008c8                        . = ALIGN (0x8)

/DISCARD/
 libc.a(*)
 libm.a(*)
 libgcc.a(*)

.ARM.attributes
                0x00000000       0x36
 *(.ARM.attributes)
 .ARM.attributes
                0x00000000       0x26 C:/ST/STM32CubeIDE_1.13.2/STM32CubeIDE/plugins/com.st.stm32cube.ide.mcu.externaltools.gnu-tools-for-stm32.13.3.rel1.win32_1.0.0.202411081344/tools/bin/../lib/gcc/arm-none-eabi/13.3.1/thumb/v8-m.main+fp/hard/crti.o
 .ARM.attributes
                0x00000026       0x38 C:/ST/STM32CubeIDE_1.13.2/STM32CubeIDE/plugins/com.st.stm32cube.ide.mcu.externaltools.gnu-tools-for-stm32.13.3.rel1.win32_1.0.0.202411081344/tools/bin/../lib/gcc/arm-none-eabi/13.3.1/thumb/v8-m.main+fp/hard/crtbegin.o
 .ARM.attributes
                0x0000005e       0x3a ./Application/User/Core/lfs_config.o
 .ARM.attributes
                0x00000098       0x3a ./Application/User/Core/main.o
 .ARM.attributes
                0x000000d2       0x3a ./Application/User/Core/stm32h5xx_hal_msp.o
 .ARM.attributes
                0x0000010c       0x3a ./Application/User/Core/stm32h5xx_hal_uart.o
 .ARM.attributes
                0x00000146       0x3a ./Application/User/Core/stm32h5xx_it.o
 .ARM.attributes
                0x00000180       0x3a ./Application/User/Core/syscalls.o
 .ARM.attributes
                0x000001ba       0x3a ./Application/User/Core/sysmem.o
 .ARM.attributes
                0x000001f4       0x3a ./Application/User/Core/usart.o
 .ARM.attributes
                0x0000022e       0x24 ./Application/User/Startup/startup_stm32h573iikxq.o
 .ARM.attributes
                0x00000252       0x3a ./Application/littlefs/lfs.o
 .ARM.attributes
                0x0000028c       0x3a ./Application/littlefs/lfs_util.o
 .ARM.attributes
                0x000002c6       0x3a ./Drivers/CMSIS/system_stm32h5xx.o
 .ARM.attributes
                0x00000300       0x3a ./Drivers/STM32H5xx_HAL_Driver/stm32h5xx_hal.o
 .ARM.attributes
                0x0000033a       0x3a ./Drivers/STM32H5xx_HAL_Driver/stm32h5xx_hal_cortex.o
 .ARM.attributes
                0x00000374       0x3a ./Drivers/STM32H5xx_HAL_Driver/stm32h5xx_hal_gpio.o
 .ARM.attributes
                0x000003ae       0x3a ./Drivers/STM32H5xx_HAL_Driver/stm32h5xx_hal_icache.o
 .ARM.attributes
                0x000003e8       0x3a ./Drivers/STM32H5xx_HAL_Driver/stm32h5xx_hal_rcc.o
 .ARM.attributes
                0x00000422       0x3a ./Drivers/STM32H5xx_HAL_Driver/stm32h5xx_hal_rcc_ex.o
 .ARM.attributes
                0x0000045c       0x3a ./Drivers/STM32H5xx_HAL_Driver/stm32h5xx_hal_uart_ex.o
 .ARM.attributes
                0x00000496       0x38 C:/ST/STM32CubeIDE_1.13.2/STM32CubeIDE/plugins/com.st.stm32cube.ide.mcu.externaltools.gnu-tools-for-stm32.13.3.rel1.win32_1.0.0.202411081344/tools/bin/../lib/gcc/arm-none-eabi/13.3.1/../../../../arm-none-eabi/lib/thumb/v8-m.main+fp/hard\libc_nano.a(libc_a-assert.o)
 .ARM.attributes
                0x000004ce       0x38 C:/ST/STM32CubeIDE_1.13.2/STM32CubeIDE/plugins/com.st.stm32cube.ide.mcu.externaltools.gnu-tools-for-stm32.13.3.rel1.win32_1.0.0.202411081344/tools/bin/../lib/gcc/arm-none-eabi/13.3.1/../../../../arm-none-eabi/lib/thumb/v8-m.main+fp/hard\libc_nano.a(libc_a-malloc.o)
 .ARM.attributes
                0x00000506       0x38 C:/ST/STM32CubeIDE_1.13.2/STM32CubeIDE/plugins/com.st.stm32cube.ide.mcu.externaltools.gnu-tools-for-stm32.13.3.rel1.win32_1.0.0.202411081344/tools/bin/../lib/gcc/arm-none-eabi/13.3.1/../../../../arm-none-eabi/lib/thumb/v8-m.main+fp/hard\libc_nano.a(libc_a-mallocr.o)
 .ARM.attributes
                0x0000053e       0x38 C:/ST/STM32CubeIDE_1.13.2/STM32CubeIDE/plugins/com.st.stm32cube.ide.mcu.externaltools.gnu-tools-for-stm32.13.3.rel1.win32_1.0.0.202411081344/tools/bin/../lib/gcc/arm-none-eabi/13.3.1/../../../../arm-none-eabi/lib/thumb/v8-m.main+fp/hard\libc_nano.a(libc_a-mlock.o)
 .ARM.attributes
                0x00000576       0x38 C:/ST/STM32CubeIDE_1.13.2/STM32CubeIDE/plugins/com.st.stm32cube.ide.mcu.externaltools.gnu-tools-for-stm32.13.3.rel1.win32_1.0.0.202411081344/tools/bin/../lib/gcc/arm-none-eabi/13.3.1/../../../../arm-none-eabi/lib/thumb/v8-m.main+fp/hard\libc_nano.a(libc_a-findfp.o)
 .ARM.attributes
                0x000005ae       0x38 C:/ST/STM32CubeIDE_1.13.2/STM32CubeIDE/plugins/com.st.stm32cube.ide.mcu.externaltools.gnu-tools-for-stm32.13.3.rel1.win32_1.0.0.202411081344/tools/bin/../lib/gcc/arm-none-eabi/13.3.1/../../../../arm-none-eabi/lib/thumb/v8-m.main+fp/hard\libc_nano.a(libc_a-fprintf.o)
 .ARM.attributes
                0x000005e6       0x38 C:/ST/STM32CubeIDE_1.13.2/STM32CubeIDE/plugins/com.st.stm32cube.ide.mcu.externaltools.gnu-tools-for-stm32.13.3.rel1.win32_1.0.0.202411081344/tools/bin/../lib/gcc/arm-none-eabi/13.3.1/../../../../arm-none-eabi/lib/thumb/v8-m.main+fp/hard\libc_nano.a(libc_a-fwalk.o)
 .ARM.attributes
                0x0000061e       0x38 C:/ST/STM32CubeIDE_1.13.2/STM32CubeIDE/plugins/com.st.stm32cube.ide.mcu.externaltools.gnu-tools-for-stm32.13.3.rel1.win32_1.0.0.202411081344/tools/bin/../lib/gcc/arm-none-eabi/13.3.1/../../../../arm-none-eabi/lib/thumb/v8-m.main+fp/hard\libc_nano.a(libc_a-printf.o)
 .ARM.attributes
                0x00000656       0x38 C:/ST/STM32CubeIDE_1.13.2/STM32CubeIDE/plugins/com.st.stm32cube.ide.mcu.externaltools.gnu-tools-for-stm32.13.3.rel1.win32_1.0.0.202411081344/tools/bin/../lib/gcc/arm-none-eabi/13.3.1/../../../../arm-none-eabi/lib/thumb/v8-m.main+fp/hard\libc_nano.a(libc_a-stdio.o)
 .ARM.attributes
                0x0000068e       0x38 C:/ST/STM32CubeIDE_1.13.2/STM32CubeIDE/plugins/com.st.stm32cube.ide.mcu.externaltools.gnu-tools-for-stm32.13.3.rel1.win32_1.0.0.202411081344/tools/bin/../lib/gcc/arm-none-eabi/13.3.1/../../../../arm-none-eabi/lib/thumb/v8-m.main+fp/hard\libc_nano.a(libc_a-memcmp.o)
 .ARM.attributes
                0x000006c6       0x38 C:/ST/STM32CubeIDE_1.13.2/STM32CubeIDE/plugins/com.st.stm32cube.ide.mcu.externaltools.gnu-tools-for-stm32.13.3.rel1.win32_1.0.0.202411081344/tools/bin/../lib/gcc/arm-none-eabi/13.3.1/../../../../arm-none-eabi/lib/thumb/v8-m.main+fp/hard\libc_nano.a(libc_a-memset.o)
 .ARM.attributes
                0x000006fe       0x38 C:/ST/STM32CubeIDE_1.13.2/STM32CubeIDE/plugins/com.st.stm32cube.ide.mcu.externaltools.gnu-tools-for-stm32.13.3.rel1.win32_1.0.0.202411081344/tools/bin/../lib/gcc/arm-none-eabi/13.3.1/../../../../arm-none-eabi/lib/thumb/v8-m.main+fp/hard\libc_nano.a(libc_a-strcspn.o)
 .ARM.attributes
                0x00000736       0x38 C:/ST/STM32CubeIDE_1.13.2/STM32CubeIDE/plugins/com.st.stm32cube.ide.mcu.externaltools.gnu-tools-for-stm32.13.3.rel1.win32_1.0.0.202411081344/tools/bin/../lib/gcc/arm-none-eabi/13.3.1/../../../../arm-none-eabi/lib/thumb/v8-m.main+fp/hard\libc_nano.a(libc_a-strspn.o)
 .ARM.attributes
                0x0000076e       0x38 C:/ST/STM32CubeIDE_1.13.2/STM32CubeIDE/plugins/com.st.stm32cube.ide.mcu.externaltools.gnu-tools-for-stm32.13.3.rel1.win32_1.0.0.202411081344/tools/bin/../lib/gcc/arm-none-eabi/13.3.1/../../../../arm-none-eabi/lib/thumb/v8-m.main+fp/hard\libc_nano.a(libc_a-closer.o)
 .ARM.attributes
                0x000007a6       0x38 C:/ST/STM32CubeIDE_1.13.2/STM32CubeIDE/plugins/com.st.stm32cube.ide.mcu.externaltools.gnu-tools-for-stm32.13.3.rel1.win32_1.0.0.202411081344/tools/bin/../lib/gcc/arm-none-eabi/13.3.1/../../../../arm-none-eabi/lib/thumb/v8-m.main+fp/hard\libc_nano.a(libc_a-reent.o)
 .ARM.attributes
                0x000007de       0x38 C:/ST/STM32CubeIDE_1.13.2/STM32CubeIDE/plugins/com.st.stm32cube.ide.mcu.externaltools.gnu-tools-for-stm32.13.3.rel1.win32_1.0.0.202411081344/tools/bin/../lib/gcc/arm-none-eabi/13.3.1/../../../../arm-none-eabi/lib/thumb/v8-m.main+fp/hard\libc_nano.a(libc_a-impure.o)
 .ARM.attributes
                0x00000816       0x38 C:/ST/STM32CubeIDE_1.13.2/STM32CubeIDE/plugins/com.st.stm32cube.ide.mcu.externaltools.gnu-tools-for-stm32.13.3.rel1.win32_1.0.0.202411081344/tools/bin/../lib/gcc/arm-none-eabi/13.3.1/../../../../arm-none-eabi/lib/thumb/v8-m.main+fp/hard\libc_nano.a(libc_a-lseekr.o)
 .ARM.attributes
                0x0000084e       0x38 C:/ST/STM32CubeIDE_1.13.2/STM32CubeIDE/plugins/com.st.stm32cube.ide.mcu.externaltools.gnu-tools-for-stm32.13.3.rel1.win32_1.0.0.202411081344/tools/bin/../lib/gcc/arm-none-eabi/13.3.1/../../../../arm-none-eabi/lib/thumb/v8-m.main+fp/hard\libc_nano.a(libc_a-readr.o)
 .ARM.attributes
                0x00000886       0x38 C:/ST/STM32CubeIDE_1.13.2/STM32CubeIDE/plugins/com.st.stm32cube.ide.mcu.externaltools.gnu-tools-for-stm32.13.3.rel1.win32_1.0.0.202411081344/tools/bin/../lib/gcc/arm-none-eabi/13.3.1/../../../../arm-none-eabi/lib/thumb/v8-m.main+fp/hard\libc_nano.a(libc_a-sbrkr.o)
 .ARM.attributes
                0x000008be       0x38 C:/ST/STM32CubeIDE_1.13.2/STM32CubeIDE/plugins/com.st.stm32cube.ide.mcu.externaltools.gnu-tools-for-stm32.13.3.rel1.win32_1.0.0.202411081344/tools/bin/../lib/gcc/arm-none-eabi/13.3.1/../../../../arm-none-eabi/lib/thumb/v8-m.main+fp/hard\libc_nano.a(libc_a-writer.o)
 .ARM.attributes
                0x000008f6       0x38 C:/ST/STM32CubeIDE_1.13.2/STM32CubeIDE/plugins/com.st.stm32cube.ide.mcu.externaltools.gnu-tools-for-stm32.13.3.rel1.win32_1.0.0.202411081344/tools/bin/../lib/gcc/arm-none-eabi/13.3.1/../../../../arm-none-eabi/lib/thumb/v8-m.main+fp/hard\libc_nano.a(libc_a-errno.o)
 .ARM.attributes
                0x0000092e       0x38 C:/ST/STM32CubeIDE_1.13.2/STM32CubeIDE/plugins/com.st.stm32cube.ide.mcu.externaltools.gnu-tools-for-stm32.13.3.rel1.win32_1.0.0.202411081344/tools/bin/../lib/gcc/arm-none-eabi/13.3.1/../../../../arm-none-eabi/lib/thumb/v8-m.main+fp/hard\libc_nano.a(libc_a-init.o)
 .ARM.attributes
                0x00000966       0x38 C:/ST/STM32CubeIDE_1.13.2/STM32CubeIDE/plugins/com.st.stm32cube.ide.mcu.externaltools.gnu-tools-for-stm32.13.3.rel1.win32_1.0.0.202411081344/tools/bin/../lib/gcc/arm-none-eabi/13.3.1/../../../../arm-none-eabi/lib/thumb/v8-m.main+fp/hard\libc_nano.a(libc_a-lock.o)
 .ARM.attributes
                0x0000099e       0x38 C:/ST/STM32CubeIDE_1.13.2/STM32CubeIDE/plugins/com.st.stm32cube.ide.mcu.externaltools.gnu-tools-for-stm32.13.3.rel1.win32_1.0.0.202411081344/tools/bin/../lib/gcc/arm-none-eabi/13.3.1/../../../../arm-none-eabi/lib/thumb/v8-m.main+fp/hard\libc_nano.a(libc_a-memcpy-stub.o)
 .ARM.attributes
                0x000009d6       0x24 C:/ST/STM32CubeIDE_1.13.2/STM32CubeIDE/plugins/com.st.stm32cube.ide.mcu.externaltools.gnu-tools-for-stm32.13.3.rel1.win32_1.0.0.202411081344/tools/bin/../lib/gcc/arm-none-eabi/13.3.1/../../../../arm-none-eabi/lib/thumb/v8-m.main+fp/hard\libc_nano.a(libc_a-strlen.o)
 .ARM.attributes
                0x000009fa       0x38 C:/ST/STM32CubeIDE_1.13.2/STM32CubeIDE/plugins/com.st.stm32cube.ide.mcu.externaltools.gnu-tools-for-stm32.13.3.rel1.win32_1.0.0.202411081344/tools/bin/../lib/gcc/arm-none-eabi/13.3.1/../../../../arm-none-eabi/lib/thumb/v8-m.main+fp/hard\libc_nano.a(libc_a-abort.o)
 .ARM.attributes
                0x00000a32       0x38 C:/ST/STM32CubeIDE_1.13.2/STM32CubeIDE/plugins/com.st.stm32cube.ide.mcu.externaltools.gnu-tools-for-stm32.13.3.rel1.win32_1.0.0.202411081344/tools/bin/../lib/gcc/arm-none-eabi/13.3.1/../../../../arm-none-eabi/lib/thumb/v8-m.main+fp/hard\libc_nano.a(libc_a-freer.o)
 .ARM.attributes
                0x00000a6a       0x38 C:/ST/STM32CubeIDE_1.13.2/STM32CubeIDE/plugins/com.st.stm32cube.ide.mcu.externaltools.gnu-tools-for-stm32.13.3.rel1.win32_1.0.0.202411081344/tools/bin/../lib/gcc/arm-none-eabi/13.3.1/../../../../arm-none-eabi/lib/thumb/v8-m.main+fp/hard\libc_nano.a(libc_a-nano-vfprintf.o)
 .ARM.attributes
                0x00000aa2       0x38 C:/ST/STM32CubeIDE_1.13.2/STM32CubeIDE/plugins/com.st.stm32cube.ide.mcu.externaltools.gnu-tools-for-stm32.13.3.rel1.win32_1.0.0.202411081344/tools/bin/../lib/gcc/arm-none-eabi/13.3.1/../../../../arm-none-eabi/lib/thumb/v8-m.main+fp/hard\libc_nano.a(libc_a-nano-vfprintf_i.o)
 .ARM.attributes
                0x00000ada       0x38 C:/ST/STM32CubeIDE_1.13.2/STM32CubeIDE/plugins/com.st.stm32cube.ide.mcu.externaltools.gnu-tools-for-stm32.13.3.rel1.win32_1.0.0.202411081344/tools/bin/../lib/gcc/arm-none-eabi/13.3.1/../../../../arm-none-eabi/lib/thumb/v8-m.main+fp/hard\libc_nano.a(libc_a-fflush.o)
 .ARM.attributes
                0x00000b12       0x38 C:/ST/STM32CubeIDE_1.13.2/STM32CubeIDE/plugins/com.st.stm32cube.ide.mcu.externaltools.gnu-tools-for-stm32.13.3.rel1.win32_1.0.0.202411081344/tools/bin/../lib/gcc/arm-none-eabi/13.3.1/../../../../arm-none-eabi/lib/thumb/v8-m.main+fp/hard\libc_nano.a(libc_a-wbuf.o)
 .ARM.attributes
                0x00000b4a       0x38 C:/ST/STM32CubeIDE_1.13.2/STM32CubeIDE/plugins/com.st.stm32cube.ide.mcu.externaltools.gnu-tools-for-stm32.13.3.rel1.win32_1.0.0.202411081344/tools/bin/../lib/gcc/arm-none-eabi/13.3.1/../../../../arm-none-eabi/lib/thumb/v8-m.main+fp/hard\libc_nano.a(libc_a-wsetup.o)
 .ARM.attributes
                0x00000b82       0x38 C:/ST/STM32CubeIDE_1.13.2/STM32CubeIDE/plugins/com.st.stm32cube.ide.mcu.externaltools.gnu-tools-for-stm32.13.3.rel1.win32_1.0.0.202411081344/tools/bin/../lib/gcc/arm-none-eabi/13.3.1/../../../../arm-none-eabi/lib/thumb/v8-m.main+fp/hard\libc_nano.a(libc_a-signal.o)
 .ARM.attributes
                0x00000bba       0x38 C:/ST/STM32CubeIDE_1.13.2/STM32CubeIDE/plugins/com.st.stm32cube.ide.mcu.externaltools.gnu-tools-for-stm32.13.3.rel1.win32_1.0.0.202411081344/tools/bin/../lib/gcc/arm-none-eabi/13.3.1/../../../../arm-none-eabi/lib/thumb/v8-m.main+fp/hard\libc_nano.a(libc_a-signalr.o)
 .ARM.attributes
                0x00000bf2       0x38 C:/ST/STM32CubeIDE_1.13.2/STM32CubeIDE/plugins/com.st.stm32cube.ide.mcu.externaltools.gnu-tools-for-stm32.13.3.rel1.win32_1.0.0.202411081344/tools/bin/../lib/gcc/arm-none-eabi/13.3.1/../../../../arm-none-eabi/lib/thumb/v8-m.main+fp/hard\libc_nano.a(libc_a-memchr-stub.o)
 .ARM.attributes
                0x00000c2a       0x38 C:/ST/STM32CubeIDE_1.13.2/STM32CubeIDE/plugins/com.st.stm32cube.ide.mcu.externaltools.gnu-tools-for-stm32.13.3.rel1.win32_1.0.0.202411081344/tools/bin/../lib/gcc/arm-none-eabi/13.3.1/../../../../arm-none-eabi/lib/thumb/v8-m.main+fp/hard\libc_nano.a(libc_a-makebuf.o)
 .ARM.attributes
                0x00000c62       0x38 C:/ST/STM32CubeIDE_1.13.2/STM32CubeIDE/plugins/com.st.stm32cube.ide.mcu.externaltools.gnu-tools-for-stm32.13.3.rel1.win32_1.0.0.202411081344/tools/bin/../lib/gcc/arm-none-eabi/13.3.1/../../../../arm-none-eabi/lib/thumb/v8-m.main+fp/hard\libc_nano.a(libc_a-fstatr.o)
 .ARM.attributes
                0x00000c9a       0x38 C:/ST/STM32CubeIDE_1.13.2/STM32CubeIDE/plugins/com.st.stm32cube.ide.mcu.externaltools.gnu-tools-for-stm32.13.3.rel1.win32_1.0.0.202411081344/tools/bin/../lib/gcc/arm-none-eabi/13.3.1/../../../../arm-none-eabi/lib/thumb/v8-m.main+fp/hard\libc_nano.a(libc_a-isattyr.o)
 .ARM.attributes
                0x00000cd2       0x26 C:/ST/STM32CubeIDE_1.13.2/STM32CubeIDE/plugins/com.st.stm32cube.ide.mcu.externaltools.gnu-tools-for-stm32.13.3.rel1.win32_1.0.0.202411081344/tools/bin/../lib/gcc/arm-none-eabi/13.3.1/thumb/v8-m.main+fp/hard\libgcc.a(_aeabi_uldivmod.o)
 .ARM.attributes
                0x00000cf8       0x38 C:/ST/STM32CubeIDE_1.13.2/STM32CubeIDE/plugins/com.st.stm32cube.ide.mcu.externaltools.gnu-tools-for-stm32.13.3.rel1.win32_1.0.0.202411081344/tools/bin/../lib/gcc/arm-none-eabi/13.3.1/thumb/v8-m.main+fp/hard\libgcc.a(_popcountsi2.o)
 .ARM.attributes
                0x00000d30       0x38 C:/ST/STM32CubeIDE_1.13.2/STM32CubeIDE/plugins/com.st.stm32cube.ide.mcu.externaltools.gnu-tools-for-stm32.13.3.rel1.win32_1.0.0.202411081344/tools/bin/../lib/gcc/arm-none-eabi/13.3.1/thumb/v8-m.main+fp/hard\libgcc.a(_udivmoddi4.o)
 .ARM.attributes
                0x00000d68       0x26 C:/ST/STM32CubeIDE_1.13.2/STM32CubeIDE/plugins/com.st.stm32cube.ide.mcu.externaltools.gnu-tools-for-stm32.13.3.rel1.win32_1.0.0.202411081344/tools/bin/../lib/gcc/arm-none-eabi/13.3.1/thumb/v8-m.main+fp/hard\libgcc.a(_dvmd_tls.o)
 .ARM.attributes
                0x00000d8e       0x26 C:/ST/STM32CubeIDE_1.13.2/STM32CubeIDE/plugins/com.st.stm32cube.ide.mcu.externaltools.gnu-tools-for-stm32.13.3.rel1.win32_1.0.0.202411081344/tools/bin/../lib/gcc/arm-none-eabi/13.3.1/thumb/v8-m.main+fp/hard/crtn.o
OUTPUT(STAB_project.elf elf32-littlearm)
LOAD linker stubs
LOAD C:/ST/STM32CubeIDE_1.13.2/STM32CubeIDE/plugins/com.st.stm32cube.ide.mcu.externaltools.gnu-tools-for-stm32.13.3.rel1.win32_1.0.0.202411081344/tools/bin/../lib/gcc/arm-none-eabi/13.3.1/../../../../arm-none-eabi/lib/thumb/v8-m.main+fp/hard\libc.a